[TensorRT-Cookbook] Version: 1.0.0
[09/08/2026-08:56:51] [TRT] [W] ModelImporter.cpp:1047: Make sure output z has Int64 binding.
[09/08/2026-08:56:58] [TRT] [W] Using default stream in enqueueV3() may lead to performance issues due to additional calls to cudaStreamSynchronize() by TensorRT to ensure correct synchronization. Please use non-default stream instead.
Input ->DataType.FLOAT, (-1, 1, 28, 28), (1, 1, 28, 28), x
Output->DataType.FLOAT, (-1, 10), (1, 10), y
Output->DataType.INT64, (-1,), (1,), z
Engine information (txt format):
Layers:
Name: __mye362_0_myl0_0, LayerType: shape_call, Inputs: [], Constants: [], Outputs: [], TacticName: , StreamId: 0, Metadata:
Name: __myl_Move_myl0_1, LayerType: kgen, Inputs: [ { Name: x, Dimensions: [-1,1,28,28], Strides: [784,784,28,1], StrideOrder: [3,2,1,0], Datatype: Float, Format: (Linear) Row major linear format }], Constants: [], Outputs: [ { Name: relu.1_10_myl0, Dimensions: [-1,1,28,28], Strides: [784,1,28,1], StrideOrder: [3,0,2,1], Datatype: Float, Format: (NHWC) Channel major format }], TacticName: __myl_Move_0x577797b3ba1207c8ffcccc0ec5f0ab96, StreamId: 0, Metadata:
Name: node_conv2d_myl0_2, LayerType: correlation, Inputs: [ { Name: relu.1_10_myl0, Dimensions: [-1,1,28,28], Strides: [784,1,28,1], StrideOrder: [3,0,2,1], Datatype: Float, Format: (NHWC) Channel major format }], Constants: [ { Name: __mye1098dconst_myl0, Dimensions: [32,1,5,5], Strides: [25,1,5,1], StrideOrder: [3,0,2,1], Datatype: Float, Format: (NHWC) Channel major format }, { Name: __mye1715_const_myl0, Dimensions: [1], Strides: [1], StrideOrder: [0], Datatype: Float, Format: (Linear) Row major linear format }, { Name: __mye1719_const_myl0, Dimensions: [1], Strides: [1], StrideOrder: [0], Datatype: Float, Format: (Linear) Row major linear format }, { Name: __mye1103dconst_myl0, Dimensions: [1,32,1,1], Strides: [32,1,32,32], StrideOrder: [3,0,2,1], Datatype: Float, Format: (NHWC) Channel major format }], Outputs: [ { Name: max_pool2d.1_11_myl0, Dimensions: [-1,32,28,28], Strides: [25088,1,896,32], StrideOrder: [3,0,2,1], Datatype: Float, Format: (NHWC) Channel major format }], TacticName: sm80_xmma_fprop_implicit_gemm_indexed_wo_smem_f32f32_tf32f32_f32_nhwckrsc_nhwc_tilesize128x16x32_stage1_warpsize4x1x1_g1_tensor16x8x8_aligna4_alignc8, StreamId: 0, Metadata: [ONNX Layer: node_conv2d][ONNX Layer: node_relu]
Name: node_max_pool2d_myl0_3, LayerType: maxpool, Inputs: [ { Name: max_pool2d.1_11_myl0, Dimensions: [-1,32,28,28], Strides: [25088,1,896,32], StrideOrder: [3,0,2,1], Datatype: Float, Format: (NHWC) Channel major format }], Constants: [], Outputs: [ { Name: relu_1.1_12_myl0, Dimensions: [-1,32,14,14], Strides: [6272,1,448,32], StrideOrder: [3,0,2,1], Datatype: Float, Format: (NHWC) Channel major format }], TacticName: sm50_xmma_pooling_max_nhwc_FP32FP32_WINDOWSIZE_0_PROPAGATE_NAN_2D, StreamId: 0, Metadata: [ONNX Layer: node_max_pool2d]
Name: node_conv2d_1_myl0_4, LayerType: correlation, Inputs: [ { Name: relu_1.1_12_myl0, Dimensions: [-1,32,14,14], Strides: [6272,1,448,32], StrideOrder: [3,0,2,1], Datatype: Float, Format: (NHWC) Channel major format }], Constants: [ { Name: __mye1108dconst_myl0, Dimensions: [64,32,5,5], Strides: [800,1,160,32], StrideOrder: [3,0,2,1], Datatype: Float, Format: (NHWC) Channel major format }, { Name: __mye1715_const_myl0, Dimensions: [1], Strides: [1], StrideOrder: [0], Datatype: Float, Format: (Linear) Row major linear format }, { Name: __mye1719_const_myl0, Dimensions: [1], Strides: [1], StrideOrder: [0], Datatype: Float, Format: (Linear) Row major linear format }, { Name: __mye1113dconst_myl0, Dimensions: [1,64,1,1], Strides: [64,1,64,64], StrideOrder: [3,0,2,1], Datatype: Float, Format: (NHWC) Channel major format }], Outputs: [ { Name: max_pool2d_1.1_13_myl0, Dimensions: [-1,64,14,14], Strides: [12544,1,896,64], StrideOrder: [3,0,2,1], Datatype: Float, Format: (NHWC) Channel major format }], TacticName: cutlass3x_sm100_tensorop_s128x128x8tf32implicit_gemm_fprop_f32_f32_f32_f32_f32_f32_128x128x32_dyn_cga_ndhwc_ndhwc_ndhwc_align4_2sm_relu_valpha_vbeta, StreamId: 0, Metadata: [ONNX Layer: node_conv2d_1][ONNX Layer: node_relu_1]
Name: node_max_pool2d_1_myl0_5, LayerType: maxpool, Inputs: [ { Name: max_pool2d_1.1_13_myl0, Dimensions: [-1,64,14,14], Strides: [12544,1,896,64], StrideOrder: [3,0,2,1], Datatype: Float, Format: (NHWC) Channel major format }], Constants: [], Outputs: [ { Name: __myln_k_arg__bb1_14_myl0, Dimensions: [-1,64,7,7], Strides: [3136,1,448,64], StrideOrder: [3,0,2,1], Datatype: Float, Format: (NHWC) Channel major format }], TacticName: sm50_xmma_pooling_max_nhwc_FP32FP32_WINDOWSIZE_0_PROPAGATE_NAN_2D, StreamId: 0, Metadata: [ONNX Layer: node_max_pool2d_1]
Name: __myl_Resh_myl0_6, LayerType: kgen, Inputs: [ { Name: __myln_k_arg__bb1_14_myl0, Dimensions: [-1,64,7,7], Strides: [3136,1,448,64], StrideOrder: [3,0,2,1], Datatype: Float, Format: (NHWC) Channel major format }], Constants: [], Outputs: [ { Name: relu_2.1_15_myl0, Dimensions: [-1,3136], Strides: [3136,1], StrideOrder: [1,0], Datatype: Float, Format: (Linear) Row major linear format }], TacticName: __myl_Resh_0x1834707268909cab3dd6827d211c8dc5, StreamId: 0, Metadata: [ONNX Layer: node_view]
Name: node_linear_myl0_7, LayerType: gemm, Inputs: [ { Name: relu_2.1_15_myl0, Dimensions: [-1,3136], Strides: [3136,1], StrideOrder: [1,0], Datatype: Float, Format: (Linear) Row major linear format }], Constants: [ { Name: gemm1.weight_constantFloat_myl0, Dimensions: [3136,1024], Strides: [1,3136], StrideOrder: [0,1], Datatype: Float, Format: (Transposed) Transposed format }, { Name: __mye919node_linear_alpha_myl0, Dimensions: [1], Strides: [1], StrideOrder: [0], Datatype: Float, Format: (Linear) Row major linear format }, { Name: __mye920node_linear_beta_myl0, Dimensions: [1], Strides: [1], StrideOrder: [0], Datatype: Float, Format: (Linear) Row major linear format }, { Name: gemm1.bias + ONNXTRT_Broadcast_constantFloat_myl0, Dimensions: [1,1024], Strides: [1024,1], StrideOrder: [1,0], Datatype: Float, Format: (Linear) Row major linear format }], Outputs: [ { Name: y.1_16_myl0, Dimensions: [-1,1024], Strides: [1024,1], StrideOrder: [1,0], Datatype: Float, Format: (Linear) Row major linear format }], TacticName: sm80_xmma_gemm_f32f32_tf32f32_f32_tn_n_tilesize32x32x64_stage3_warpsize2x1x2_tensor16x8x8, StreamId: 0, Metadata: [ONNX Layer: node_linear][ONNX Layer: node_relu_2]
Name: node_linear_1_2_myl0_8, LayerType: gemm, Inputs: [ { Name: y.1_16_myl0, Dimensions: [-1,1024], Strides: [1024,1], StrideOrder: [1,0], Datatype: Float, Format: (Linear) Row major linear format }], Constants: [ { Name: __mye1118dconst_myl0, Dimensions: [1024,10], Strides: [10,1], StrideOrder: [1,0], Datatype: Float, Format: (Linear) Row major linear format }, { Name: __mye933node_linear_1_2_alpha_myl0, Dimensions: [1], Strides: [1], StrideOrder: [0], Datatype: Float, Format: (Linear) Row major linear format }, { Name: __mye934node_linear_1_2_beta_myl0, Dimensions: [1], Strides: [1], StrideOrder: [0], Datatype: Float, Format: (Linear) Row major linear format }, { Name: gemm2.bias + ONNXTRT_Broadcast_4_constantFloat_myl0, Dimensions: [1,10], Strides: [10,1], StrideOrder: [1,0], Datatype: Float, Format: (Linear) Row major linear format }], Outputs: [ { Name: y, Dimensions: [-1,10], Strides: [10,1], StrideOrder: [1,0], Datatype: Float, Format: (Linear) Row major linear format }], TacticName: sm80_xmma_gemm_f32f32_tf32f32_f32_nn_n_tilesize32x32x64_stage3_warpsize2x2x1_tensor16x8x8_aligna4_alignc4, StreamId: 0, Metadata: [ONNX Layer: node_linear_1]
Name: __myl_MaxrSubExpSum_myl0_9, LayerType: kgen, Inputs: [ { Name: y, Dimensions: [-1,10], Strides: [10,1], StrideOrder: [1,0], Datatype: Float, Format: (Linear) Row major linear format }, { Name: y, Dimensions: [-1,10], Strides: [10,1], StrideOrder: [1,0], Datatype: Float, Format: (Linear) Row major linear format }], Constants: [], Outputs: [ { Name: __myln_k_arg__bb1_19_myl0, Dimensions: [-1,1], Strides: [1,1], StrideOrder: [1,0], Datatype: Float, Format: (Linear) Row major linear format }, { Name: __myln_k_arg__bb1_18_myl0, Dimensions: [-1,10], Strides: [10,1], StrideOrder: [1,0], Datatype: Float, Format: (Linear) Row major linear format }], TacticName: __myl_MaxrSubExpSum_0x9b491439b1ec4f930b7aee6b500a5b14, StreamId: 0, Metadata: [ONNX Layer: node_softmax]
Name: __myl_DivMulTopk_myl0_10, LayerType: kgen, Inputs: [ { Name: __myln_k_arg__bb1_19_myl0, Dimensions: [-1,1], Strides: [1,1], StrideOrder: [1,0], Datatype: Float, Format: (Linear) Row major linear format }, { Name: __myln_k_arg__bb1_18_myl0, Dimensions: [-1,10], Strides: [10,1], StrideOrder: [1,0], Datatype: Float, Format: (Linear) Row major linear format }], Constants: [], Outputs: [ { Name: node_argmax_output.1_myl0, Dimensions: [-1,1], Strides: [1,1], StrideOrder: [1,0], Datatype: Float, Format: (Linear) Row major linear format }, { Name: __myln_k_arg__bb1_21_myl0, Dimensions: [-1,1], Strides: [1,1], StrideOrder: [1,0], Datatype: Int32, Format: (Linear) Row major linear format }], TacticName: __myl_DivMulTopk_0xee468d6d5d0eef640a7efbe5612661da, StreamId: 0, Metadata: [ONNX Layer: node_softmax][ONNX Layer: node_argmax]
Name: __myl_CastReshCast_myl0_11, LayerType: kgen, Inputs: [ { Name: __myln_k_arg__bb1_21_myl0, Dimensions: [-1,1], Strides: [1,1], StrideOrder: [1,0], Datatype: Int32, Format: (Linear) Row major linear format }], Constants: [], Outputs: [ { Name: z, Dimensions: [-1], Strides: [1], StrideOrder: [0], Datatype: Int64, Format: (Linear) Row major linear format }], TacticName: __myl_CastReshCast_0x7e556c1fcf49ff5863fbd50ee9d770ed, StreamId: 0, Metadata:
Name: __mye362_0_myl1_0, LayerType: shape_call, Inputs: [], Constants: [], Outputs: [], TacticName: , StreamId: 0, Metadata:
Name: __myl_Move_myl1_1, LayerType: kgen, Inputs: [ { Name: x [profile 1], Dimensions: [-1,1,28,28], Strides: [784,784,28,1], StrideOrder: [3,2,1,0], Datatype: Float, Format: (Linear) Row major linear format }], Constants: [], Outputs: [ { Name: relu [profile 1].1_10_myl1, Dimensions: [-1,1,28,28], Strides: [784,1,28,1], StrideOrder: [3,0,2,1], Datatype: Float, Format: (NHWC) Channel major format }], TacticName: __myl_Move_0x577797b3ba1207c8ffcccc0ec5f0ab96, StreamId: 0, Metadata:
Name: node_conv2d [profile 1]_myl1_2, LayerType: correlation, Inputs: [ { Name: relu [profile 1].1_10_myl1, Dimensions: [-1,1,28,28], Strides: [784,1,28,1], StrideOrder: [3,0,2,1], Datatype: Float, Format: (NHWC) Channel major format }], Constants: [ { Name: __mye1077dconst_myl1, Dimensions: [32,1,5,5], Strides: [25,1,5,1], StrideOrder: [3,0,2,1], Datatype: Float, Format: (NHWC) Channel major format }, { Name: __mye1694_const_myl1, Dimensions: [1], Strides: [1], StrideOrder: [0], Datatype: Float, Format: (Linear) Row major linear format }, { Name: __mye1698_const_myl1, Dimensions: [1], Strides: [1], StrideOrder: [0], Datatype: Float, Format: (Linear) Row major linear format }, { Name: __mye1082dconst_myl1, Dimensions: [1,32,1,1], Strides: [32,1,32,32], StrideOrder: [3,0,2,1], Datatype: Float, Format: (NHWC) Channel major format }], Outputs: [ { Name: max_pool2d [profile 1].1_11_myl1, Dimensions: [-1,32,28,28], Strides: [25088,1,896,32], StrideOrder: [3,0,2,1], Datatype: Float, Format: (NHWC) Channel major format }], TacticName: sm80_xmma_fprop_implicit_gemm_indexed_wo_smem_f32f32_tf32f32_f32_nhwckrsc_nhwc_tilesize128x16x32_stage1_warpsize4x1x1_g1_tensor16x8x8_aligna4_alignc8, StreamId: 0, Metadata: [ONNX Layer: node_conv2d][ONNX Layer: node_relu]
Name: node_max_pool2d [profile 1]_myl1_3, LayerType: maxpool, Inputs: [ { Name: max_pool2d [profile 1].1_11_myl1, Dimensions: [-1,32,28,28], Strides: [25088,1,896,32], StrideOrder: [3,0,2,1], Datatype: Float, Format: (NHWC) Channel major format }], Constants: [], Outputs: [ { Name: relu_1 [profile 1].1_12_myl1, Dimensions: [-1,32,14,14], Strides: [6272,1,448,32], StrideOrder: [3,0,2,1], Datatype: Float, Format: (NHWC) Channel major format }], TacticName: sm50_xmma_pooling_max_nhwc_FP32FP32_WINDOWSIZE_0_PROPAGATE_NAN_2D, StreamId: 0, Metadata: [ONNX Layer: node_max_pool2d]
Name: node_conv2d_1 [profile 1]_myl1_4, LayerType: correlation, Inputs: [ { Name: relu_1 [profile 1].1_12_myl1, Dimensions: [-1,32,14,14], Strides: [6272,1,448,32], StrideOrder: [3,0,2,1], Datatype: Float, Format: (NHWC) Channel major format }], Constants: [ { Name: __mye1087dconst_myl1, Dimensions: [64,32,5,5], Strides: [800,1,160,32], StrideOrder: [3,0,2,1], Datatype: Float, Format: (NHWC) Channel major format }, { Name: __mye1694_const_myl1, Dimensions: [1], Strides: [1], StrideOrder: [0], Datatype: Float, Format: (Linear) Row major linear format }, { Name: __mye1698_const_myl1, Dimensions: [1], Strides: [1], StrideOrder: [0], Datatype: Float, Format: (Linear) Row major linear format }, { Name: __mye1092dconst_myl1, Dimensions: [1,64,1,1], Strides: [64,1,64,64], StrideOrder: [3,0,2,1], Datatype: Float, Format: (NHWC) Channel major format }], Outputs: [ { Name: max_pool2d_1 [profile 1].1_13_myl1, Dimensions: [-1,64,14,14], Strides: [12544,1,896,64], StrideOrder: [3,0,2,1], Datatype: Float, Format: (NHWC) Channel major format }], TacticName: cutlass3x_sm100_tensorop_s128x128x8tf32implicit_gemm_fprop_f32_f32_f32_f32_f32_f32_128x128x32_dyn_cga_ndhwc_ndhwc_ndhwc_align4_2sm_relu_valpha_vbeta, StreamId: 0, Metadata: [ONNX Layer: node_conv2d_1][ONNX Layer: node_relu_1]
Name: node_max_pool2d_1 [profile 1]_myl1_5, LayerType: maxpool, Inputs: [ { Name: max_pool2d_1 [profile 1].1_13_myl1, Dimensions: [-1,64,14,14], Strides: [12544,1,896,64], StrideOrder: [3,0,2,1], Datatype: Float, Format: (NHWC) Channel major format }], Constants: [], Outputs: [ { Name: __myln_k_arg__bb1_14_myl1, Dimensions: [-1,64,7,7], Strides: [3136,1,448,64], StrideOrder: [3,0,2,1], Datatype: Float, Format: (NHWC) Channel major format }], TacticName: sm50_xmma_pooling_max_nhwc_FP32FP32_WINDOWSIZE_0_PROPAGATE_NAN_2D, StreamId: 0, Metadata: [ONNX Layer: node_max_pool2d_1]
Name: __myl_Resh_myl1_6, LayerType: kgen, Inputs: [ { Name: __myln_k_arg__bb1_14_myl1, Dimensions: [-1,64,7,7], Strides: [3136,1,448,64], StrideOrder: [3,0,2,1], Datatype: Float, Format: (NHWC) Channel major format }], Constants: [], Outputs: [ { Name: relu_2 [profile 1].1_15_myl1, Dimensions: [-1,3136], Strides: [3136,1], StrideOrder: [1,0], Datatype: Float, Format: (Linear) Row major linear format }], TacticName: __myl_Resh_0x1834707268909cab3dd6827d211c8dc5, StreamId: 0, Metadata: [ONNX Layer: node_view]
Name: node_linear [profile 1]_myl1_7, LayerType: gemm, Inputs: [ { Name: relu_2 [profile 1].1_15_myl1, Dimensions: [-1,3136], Strides: [3136,1], StrideOrder: [1,0], Datatype: Float, Format: (Linear) Row major linear format }], Constants: [ { Name: gemm1.weight_constantFloat_myl1, Dimensions: [3136,1024], Strides: [1,3136], StrideOrder: [0,1], Datatype: Float, Format: (Transposed) Transposed format }, { Name: __mye919node_linear [profile 1]_alpha_myl1, Dimensions: [1], Strides: [1], StrideOrder: [0], Datatype: Float, Format: (Linear) Row major linear format }, { Name: __mye920node_linear [profile 1]_beta_myl1, Dimensions: [1], Strides: [1], StrideOrder: [0], Datatype: Float, Format: (Linear) Row major linear format }, { Name: gemm1.bias + ONNXTRT_Broadcast_constantFloat_myl1, Dimensions: [1,1024], Strides: [1024,1], StrideOrder: [1,0], Datatype: Float, Format: (Linear) Row major linear format }], Outputs: [ { Name: y [profile 1].1_16_myl1, Dimensions: [-1,1024], Strides: [1024,1], StrideOrder: [1,0], Datatype: Float, Format: (Linear) Row major linear format }], TacticName: sm80_xmma_gemm_f32f32_tf32f32_f32_tn_n_tilesize32x32x64_stage3_warpsize2x1x2_tensor16x8x8, StreamId: 0, Metadata: [ONNX Layer: node_linear][ONNX Layer: node_relu_2]
Name: node_linear_1_2 [profile 1]_myl1_8, LayerType: gemm, Inputs: [ { Name: y [profile 1].1_16_myl1, Dimensions: [-1,1024], Strides: [1024,1], StrideOrder: [1,0], Datatype: Float, Format: (Linear) Row major linear format }], Constants: [ { Name: __mye1097dconst_myl1, Dimensions: [1024,10], Strides: [10,1], StrideOrder: [1,0], Datatype: Float, Format: (Linear) Row major linear format }, { Name: __mye933node_linear_1_2 [profile 1]_alpha_myl1, Dimensions: [1], Strides: [1], StrideOrder: [0], Datatype: Float, Format: (Linear) Row major linear format }, { Name: __mye934node_linear_1_2 [profile 1]_beta_myl1, Dimensions: [1], Strides: [1], StrideOrder: [0], Datatype: Float, Format: (Linear) Row major linear format }, { Name: gemm2.bias + ONNXTRT_Broadcast_4_constantFloat_myl1, Dimensions: [1,10], Strides: [10,1], StrideOrder: [1,0], Datatype: Float, Format: (Linear) Row major linear format }], Outputs: [ { Name: y [profile 1], Dimensions: [-1,10], Strides: [10,1], StrideOrder: [1,0], Datatype: Float, Format: (Linear) Row major linear format }], TacticName: sm80_xmma_gemm_f32f32_tf32f32_f32_nn_n_tilesize32x32x64_stage3_warpsize2x2x1_tensor16x8x8_aligna4_alignc4, StreamId: 0, Metadata: [ONNX Layer: node_linear_1]
Name: __myl_MaxrSubExpSum_myl1_9, LayerType: kgen, Inputs: [ { Name: y [profile 1], Dimensions: [-1,10], Strides: [10,1], StrideOrder: [1,0], Datatype: Float, Format: (Linear) Row major linear format }, { Name: y [profile 1], Dimensions: [-1,10], Strides: [10,1], StrideOrder: [1,0], Datatype: Float, Format: (Linear) Row major linear format }], Constants: [], Outputs: [ { Name: __myln_k_arg__bb1_19_myl1, Dimensions: [-1,1], Strides: [1,1], StrideOrder: [1,0], Datatype: Float, Format: (Linear) Row major linear format }, { Name: __myln_k_arg__bb1_18_myl1, Dimensions: [-1,10], Strides: [10,1], StrideOrder: [1,0], Datatype: Float, Format: (Linear) Row major linear format }], TacticName: __myl_MaxrSubExpSum_0x9b491439b1ec4f930b7aee6b500a5b14, StreamId: 0, Metadata: [ONNX Layer: node_softmax]
Name: __myl_DivMulTopk_myl1_10, LayerType: kgen, Inputs: [ { Name: __myln_k_arg__bb1_19_myl1, Dimensions: [-1,1], Strides: [1,1], StrideOrder: [1,0], Datatype: Float, Format: (Linear) Row major linear format }, { Name: __myln_k_arg__bb1_18_myl1, Dimensions: [-1,10], Strides: [10,1], StrideOrder: [1,0], Datatype: Float, Format: (Linear) Row major linear format }], Constants: [], Outputs: [ { Name: node_argmax_output [profile 1].1_myl1, Dimensions: [-1,1], Strides: [1,1], StrideOrder: [1,0], Datatype: Float, Format: (Linear) Row major linear format }, { Name: __myln_k_arg__bb1_21_myl1, Dimensions: [-1,1], Strides: [1,1], StrideOrder: [1,0], Datatype: Int32, Format: (Linear) Row major linear format }], TacticName: __myl_DivMulTopk_0xee468d6d5d0eef640a7efbe5612661da, StreamId: 0, Metadata: [ONNX Layer: node_softmax][ONNX Layer: node_argmax]
Name: __myl_CastReshCast_myl1_11, LayerType: kgen, Inputs: [ { Name: __myln_k_arg__bb1_21_myl1, Dimensions: [-1,1], Strides: [1,1], StrideOrder: [1,0], Datatype: Int32, Format: (Linear) Row major linear format }], Constants: [], Outputs: [ { Name: z [profile 1], Dimensions: [-1], Strides: [1], StrideOrder: [0], Datatype: Int64, Format: (Linear) Row major linear format }], TacticName: __myl_CastReshCast_0x7e556c1fcf49ff5863fbd50ee9d770ed, StreamId: 0, Metadata:

I/O Tensors:
 Name: x, IOMode: Input, DataType: Float, Dimensions: [-1,1,28,28], Location: Device, IsShapeInferenceIO: false, ProfileInfo: [ { MinShape: [1,1,28,28], OptShape: [2,1,28,28], MaxShape: [4,1,28,28], Format: Row major linear FP32 format (kLINEAR) }, { MinShape: [1,1,28,28], OptShape: [2,1,28,28], MaxShape: [4,1,28,28], Format: Row major linear FP32 format (kLINEAR) }]
 Name: y, IOMode: Output, DataType: Float, Dimensions: [-1,10], Location: Device, IsShapeInferenceIO: false, ProfileInfo: [ { Format: Row major linear FP32 format (kLINEAR) }, { Format: Row major linear FP32 format (kLINEAR) }]
 Name: z, IOMode: Output, DataType: Int64, Dimensions: [-1], Location: Device, IsShapeInferenceIO: false, ProfileInfo: [ { Format: Row major linear INT64 format (kLINEAR) }, { Format: Row major linear INT64 format (kLINEAR) }]

x
[[[[  0.   0.   0.   0.   0.   0.   0.   0.   1.   0.   2.   1.   0.
      0.   1.   0.   0.   2.   0.   1.   1.   1.   0.   0.   0.   0.
      0.   0.]
   [  0.   0.   0.   0.   0.   0.   0.   0.   2.   2.   0.   0.   0.
      0.   1.   0.   1.   0.   0.   0.   0.   0.   0.   1.   0.   0.
      0.   0.]
   [  0.   0.   0.   0.   0.   0.   0.   0.   0.   2.   0.   2.   2.
      0.   0.   0.   0.   1.   0.   0.   2.   1.   6.   0.   0.   0.
      0.   0.]
   [  0.   0.   0.   0.   0.   0.   0.   0.   0.   1.   0.   0.   0.
      3.   0.   0.   0.   0.   2.   1.   0.   0.   0.   0.   0.   0.
      0.   0.]
   [  0.   0.   0.   0.   0.   0.   0.   0.   0.   1.   0.   3.   2.
      0.   4.  53. 129. 208. 173. 136.  10.   0.   0.   2.   0.   0.
      0.   0.]
   [  0.   0.   0.   0.   0.   0.   0.   0.   3.   0.   0.   0.   1.
     56. 173. 245. 250. 255. 251. 253. 169.   6.   0.   1.   0.   0.
      0.   0.]
   [  0.   0.   0.   0.   0.   0.   0.   0.   0.   0.   2.   3.  52.
    238. 255. 216. 109.  75. 116. 255. 250.  79.   0.   0.   0.   0.
      0.   0.]
   [  0.   0.   0.   0.   0.   0.   0.   0.   0.   0.   2.  40. 240.
    252. 128.  11.   0.   1.  51. 255. 251.  78.   0.   1.   0.   0.
      0.   0.]
   [  0.   0.   0.   0.   0.   0.   0.   0.   1.   0.  10. 181. 253.
    138.   0.   0.   0.  32. 216. 253. 203.  18.   1.   0.   0.   0.
      0.   0.]
   [  0.   0.   0.   0.   0.   0.   0.   0.   0.   3.   6. 204. 255.
     58.   1.   0. 104. 252. 254. 220.  27.   0.   3.   1.   0.   0.
      0.   0.]
   [  0.   0.   0.   0.   0.   0.   0.   0.   1.   0.   1. 172. 252.
     65.  34. 126. 239. 255. 201.  56.   3.   1.   0.   0.   0.   0.
      0.   0.]
   [  0.   0.   0.   0.   0.   0.   0.   0.   0.   2.   0. 178. 255.
    222. 228. 249. 255. 251. 192. 146.  26.   4.   0.   1.   0.   0.
      0.   0.]
   [  0.   0.   0.   0.   0.   0.   0.   0.   1.   1.   0. 140. 252.
    249. 253. 250. 185. 234. 136.  10.   2.   0.   0.   2.   0.   0.
      0.   0.]
   [  0.   0.   0.   0.   0.   0.   0.   0.   0.   1.   0.  70. 245.
    255. 252. 251. 191.  26.   2.   0.   1.   1.   3.   0.   0.   0.
      0.   0.]
   [  0.   0.   0.   0.   0.   0.   0.   0.   1.   0.   3.  38. 167.
    255. 255. 238.  17.   0.   1.   1.   0.   1.   0.   4.   0.   0.
      0.   0.]
   [  0.   0.   0.   0.   0.   0.   0.   0.   0.   0. 107. 243. 250.
    206. 202. 254. 226.  28.   0.   0.   2.   1.   1.   0.   0.   0.
      0.   0.]
   [  0.   0.   3.   1.   0.   0.   3.   0.   0. 102. 242. 253. 195.
     46.  41. 242. 253. 149.   0.   0.   2.   0.   0.   3.   0.   0.
      0.   0.]
   [  1.   1.   0.   1.   0.   1.   0.   9. 155. 253. 247. 116.  15.
      0.   0.  73. 250. 251.  52.   3.   0.   3.   3.   0.   0.   0.
      0.   0.]
   [  0.   3.   2.   0.   0.   0.   0.  41. 252. 255. 122.   0.   0.
      1.   3.  17. 254. 251.  62.   0.   0.   1.   0.   3.   0.   0.
      0.   0.]
   [  3.   0.   2.   0.   2.   4.   0. 198. 254. 220.  13.   0.   0.
      1.   0.  45. 255. 243.  42.   2.   2.   1.   0.   3.   0.   0.
      0.   0.]
   [  1.   1.   0.   0.   0.   0.  71. 248. 253.  67.   2.   1.   0.
     12. 101. 232. 251. 128.   0.   0.   0.   0.   1.   0.   0.   0.
      0.   0.]
   [  0.   2.   0.   0.   4.   0.  76. 254. 254.  80.  16.  79. 169.
    202. 254. 253. 169.   4.   0.   3.   1.   3.   1.   1.   0.   0.
      0.   0.]
   [  0.   0.   0.   3.   0.   1.  39. 227. 253. 253. 236. 255. 252.
    253. 196. 109.   6.   1.   3.   0.   0.   0.   1.   0.   0.   0.
      0.   0.]
   [  0.   1.   0.   0.   1.   1.   0.  48. 229. 255. 253. 223. 101.
     59.   0.   0.   0.   2.   0.   1.   2.   0.   1.   1.   0.   0.
      0.   0.]
   [  0.   0.   0.   0.   0.   0.   0.   0.   0.   0.   0.   0.   0.
      0.   0.   0.   0.   0.   0.   0.   0.   0.   0.   0.   0.   0.
      0.   0.]
   [  0.   0.   0.   0.   0.   0.   0.   0.   0.   0.   0.   0.   0.
      0.   0.   0.   0.   0.   0.   0.   0.   0.   0.   0.   0.   0.
      0.   0.]
   [  0.   0.   0.   0.   0.   0.   0.   0.   0.   0.   0.   0.   0.
      0.   0.   0.   0.   0.   0.   0.   0.   0.   0.   0.   0.   0.
      0.   0.]
   [  0.   0.   0.   0.   0.   0.   0.   0.   0.   0.   0.   0.   0.
      0.   0.   0.   0.   0.   0.   0.   0.   0.   0.   0.   0.   0.
      0.   0.]]]]
y
[[-5.088133   -2.3532653   6.905129    7.531381   -9.480327   -0.21823335
  -4.0191855  -2.3085804  18.147247    0.6640431 ]]
z
[8]

================ Public members of <tensorrt.tensorrt.EngineInspector object at 0x7227478c1130> (instance)
 1 Callback members: ['error_recorder']
 2 Callable methods: ['get_engine_information', 'get_layer_information']
 1 Non-callable attributions: ['execution_context']
Finish
