[TensorRT-Cookbook] Version: 2.0.0
[09/09/2026-10:14:34] [TRT] [W] Using default stream in enqueueV3() may lead to performance issues due to additional calls to cudaStreamSynchronize() by TensorRT to ensure correct synchronization. Please use non-default stream instead.
[09/09/2026-10:14:34] [TRT] [W] Using default stream in enqueueV3() may lead to performance issues due to additional calls to cudaStreamSynchronize() by TensorRT to ensure correct synchronization. Please use non-default stream instead.
[09/09/2026-10:14:35] [TRT] [W] Using default stream in enqueueV3() may lead to performance issues due to additional calls to cudaStreamSynchronize() by TensorRT to ensure correct synchronization. Please use non-default stream instead.
[09/09/2026-10:14:35] [TRT] [W] Using default stream in enqueueV3() may lead to performance issues due to additional calls to cudaStreamSynchronize() by TensorRT to ensure correct synchronization. Please use non-default stream instead.
============================== Start [case_simple,(),{}]

================ Public members of <tensorrt.tensorrt.IQuantizeLayer object at 0x74c001f4bf30> (instance)
 0 Callback members: []
 0 Callable methods: []
 3 Non-callable attributions: ['axis', 'block_shape', 'to_type']

================ Usage coverage in this script
 1/ 3 used members: ['axis']
 2 uncovered members: ['block_shape', 'to_type']

Input ->DataType.FLOAT, (3, 4, 5), (3, 4, 5), tensor
Output->DataType.FLOAT, (3, 4, 5), (3, 4, 5), (Unnamed Layer* 3) [Dequantize]_output
tensor
[[[ 0.  1.  2.  3.  4.]
  [ 5.  6.  7.  8.  9.]
  [10. 11. 12. 13. 14.]
  [15. 16. 17. 18. 19.]]

 [[20. 21. 22. 23. 24.]
  [25. 26. 27. 28. 29.]
  [30. 31. 32. 33. 34.]
  [35. 36. 37. 38. 39.]]

 [[40. 41. 42. 43. 44.]
  [45. 46. 47. 48. 49.]
  [50. 51. 52. 53. 54.]
  [55. 56. 57. 58. 59.]]]
(Unnamed Layer* 3) [Dequantize]_output
[[[  0.   2.   4.   6.   8.]
  [ 11.  13.  15.  17.  19.]
  [ 21.  23.  25.  28.  30.]
  [ 32.  34.  36.  38.  40.]]

 [[ 42.  44.  47.  49.  51.]
  [ 53.  55.  57.  59.  61.]
  [ 63.  66.  68.  70.  72.]
  [ 74.  76.  78.  80.  83.]]

 [[ 85.  87.  89.  91.  93.]
  [ 95.  97.  99. 102. 104.]
  [106. 108. 110. 112. 114.]
  [116. 119. 121. 123. 125.]]]
============================== End   [case_simple]
============================== Start [case_axis,(),{}]
Input ->DataType.FLOAT, (3, 4, 5), (3, 4, 5), tensor
Output->DataType.FLOAT, (3, 4, 5), (3, 4, 5), (Unnamed Layer* 3) [Dequantize]_output
tensor
[[[ 0.  1.  2.  3.  4.]
  [ 5.  6.  7.  8.  9.]
  [10. 11. 12. 13. 14.]
  [15. 16. 17. 18. 19.]]

 [[20. 21. 22. 23. 24.]
  [25. 26. 27. 28. 29.]
  [30. 31. 32. 33. 34.]
  [35. 36. 37. 38. 39.]]

 [[40. 41. 42. 43. 44.]
  [45. 46. 47. 48. 49.]
  [50. 51. 52. 53. 54.]
  [55. 56. 57. 58. 59.]]]
(Unnamed Layer* 3) [Dequantize]_output
[[[  0.   3.   6.  10.  13.]
  [  8.  10.  11.  13.  14.]
  [ 11.  12.  13.  14.  15.]
  [ 12.  13.  13.  14.  15.]]

 [[ 64.  67.  70.  73.  76.]
  [ 40.  41.  43.  44.  46.]
  [ 32.  33.  34.  35.  36.]
  [ 28.  29.  29.  30.  31.]]

 [[127. 127. 127. 127. 127.]
  [ 71.  73.  75.  76.  78.]
  [ 53.  54.  55.  56.  57.]
  [ 44.  44.  45.  46.  47.]]]
============================== End   [case_axis]
============================== Start [case_set_input_zero_point,(),{}]
Input ->DataType.FLOAT, (3, 4, 5), (3, 4, 5), tensor
Output->DataType.FLOAT, (3, 4, 5), (3, 4, 5), (Unnamed Layer* 4) [Dequantize]_output
tensor
[[[ 0.  1.  2.  3.  4.]
  [ 5.  6.  7.  8.  9.]
  [10. 11. 12. 13. 14.]
  [15. 16. 17. 18. 19.]]

 [[20. 21. 22. 23. 24.]
  [25. 26. 27. 28. 29.]
  [30. 31. 32. 33. 34.]
  [35. 36. 37. 38. 39.]]

 [[40. 41. 42. 43. 44.]
  [45. 46. 47. 48. 49.]
  [50. 51. 52. 53. 54.]
  [55. 56. 57. 58. 59.]]]
(Unnamed Layer* 4) [Dequantize]_output
[[[  0.   6.  13.  19.  25.]
  [ 16.  19.  22.  25.  29.]
  [ 21.  23.  25.  28.  30.]
  [ 24.  25.  27.  29.  30.]]

 [[127. 127. 127. 127. 127.]
  [ 79.  83.  86.  89.  92.]
  [ 63.  66.  68.  70.  72.]
  [ 56.  57.  59.  60.  62.]]

 [[127. 127. 127. 127. 127.]
  [127. 127. 127. 127. 127.]
  [106. 108. 110. 112. 114.]
  [ 87.  89.  90.  92.  94.]]]
============================== End   [case_set_input_zero_point]
============================== Start [case_three_argument,(),{}]
Input ->DataType.FLOAT, (3, 4, 5), (3, 4, 5), tensor
Output->DataType.FLOAT, (3, 4, 5), (3, 4, 5), (Unnamed Layer* 3) [Dequantize]_output
tensor
[[[ 0.  1.  2.  3.  4.]
  [ 5.  6.  7.  8.  9.]
  [10. 11. 12. 13. 14.]
  [15. 16. 17. 18. 19.]]

 [[20. 21. 22. 23. 24.]
  [25. 26. 27. 28. 29.]
  [30. 31. 32. 33. 34.]
  [35. 36. 37. 38. 39.]]

 [[40. 41. 42. 43. 44.]
  [45. 46. 47. 48. 49.]
  [50. 51. 52. 53. 54.]
  [55. 56. 57. 58. 59.]]]
(Unnamed Layer* 3) [Dequantize]_output
[[[  0.    2.    4.    6.5   8. ]
  [ 11.   13.   15.   16.   20. ]
  [ 22.   24.   26.   28.   30. ]
  [ 32.   32.   36.   40.   40. ]]

 [[ 44.   44.   48.   48.   52. ]
  [ 52.   56.   56.   60.   60. ]
  [ 64.   64.   64.   72.   72. ]
  [ 72.   80.   80.   80.   80. ]]

 [[ 88.   88.   88.   88.   96. ]
  [ 96.   96.   96.  104.  104. ]
  [104.  104.  112.  112.  112. ]
  [120.  120.  120.  120.  128. ]]]
============================== End   [case_three_argument]
Members of tensorrt.tensorrt.BuilderFlag:
 2 -> DEBUG
 3 -> GPU_FALLBACK
 4 -> REFIT
 5 -> DISABLE_TIMING_CACHE
26 -> EDITABLE_TIMING_CACHE
 6 -> TF32
 7 -> SPARSE_WEIGHTS
 8 -> SAFETY_SCOPE
11 -> DIRECT_IO
12 -> VERSION_COMPATIBLE
13 -> EXCLUDE_LEAN_RUNTIME
15 -> ERROR_ON_TIMING_CACHE_MISS
17 -> DISABLE_COMPILATION_CACHE
18 -> STRIP_PLAN
19 -> REFIT_IDENTICAL
20 -> WEIGHT_STREAMING
22 -> REFIT_INDIVIDUAL
23 -> STRICT_NANS
24 -> MONITOR_MEMORY
27 -> DISTRIBUTIVE_INDEPENDENCE
Members of tensorrt.tensorrt.NetworkDefinitionCreationFlag:
 0 -> STRONGLY_TYPED
 2 -> PREFER_AOT_PYTHON_PLUGINS
 1 -> PREFER_JIT_PYTHON_PLUGINS
Finish
