[TensorRT-Cookbook] Version: 1.0.0
[09/08/2026-09:15:39] [TRT] [W] Using default stream in enqueueV3() may lead to performance issues due to additional calls to cudaStreamSynchronize() by TensorRT to ensure correct synchronization. Please use non-default stream instead.
============================== Start [case_hand_written_plugin,(),{}]
[check]:True,maxAbsDiff=0.000e+00,meanAbsDiff=0.000e+00,maxRelDiff=0.000e+00,meanRelDiff=0.000e+00
[09/08/2026-09:15:59] [TRT] [W] Using default stream in enqueueV3() may lead to performance issues due to additional calls to cudaStreamSynchronize() by TensorRT to ensure correct synchronization. Please use non-default stream instead.
    generated by the Makefile: ['add_scalar.c', 'add_scalar.f78e0bba_0d1d.c', 'add_scalar.f78e0bba_0d1d.h', 'add_scalar.h']
    plugin .so size: 165 KiB (the cubin is inside it)
============================== End   [case_hand_written_plugin]
============================== Start [case_the_fp32_argument_trap,(),{}]
    generated C prototype: CUresult k_f78e0bba_0d1d(CUstream stream, CUdeviceptr x_ptr, CUdeviceptr y_ptr, double scalar, int32_t n_element);
    as generated (double): launch returned 0, x + 1.0 = [0. 1. 2. 3. 4. 5. 6. 7.]
    after the sed (float) : launch returned 0, x + 1.0 = [1. 2. 3. 4. 5. 6. 7. 8.]
    -> the launch succeeds either way; only the numbers differ, which is the dangerous part
============================== End   [case_the_fp32_argument_trap]
============================== Start [case_no_python_no_triton_at_runtime,(),{}]
[TensorRT-Cookbook] Version: 1.0.0
[09/08/2026-09:15:46] [TRT] [W] Using default stream in enqueueV3() may lead to performance issues due to additional calls to cudaStreamSynchronize() by TensorRT to ensure correct synchronization. Please use non-default stream instead.
    subprocess: engine built and run with triton import blocked, result correct
    AddScalarTritonPlugin.so NEEDED: libcudart.so.13, libcuda.so.1, libstdc++.so.6, libgcc_s.so.1, libc.so.6
============================== End   [case_no_python_no_triton_at_runtime]
============================== Start [case_generated_plugin_with_tactics,(),{}]
    generated 339 lines of C++ for GeluTriton from a 9-key spec, 3 AOT variants -> 3 TensorRT tactics
[check]:True,maxAbsDiff=2.384e-07,meanAbsDiff=3.198e-08,maxRelDiff=4.973e-03,meanRelDiff=4.476e-04
[09/08/2026-09:16:05] [TRT] [W] WARNING The logger passed into createInferBuilder differs from one already registered for an existing builder, runtime, or refitter. So the current new logger is ignored, and TensorRT will use the existing one which is returned by nvinfer1::getLogger() instead.
[09/08/2026-09:16:05] [TRT] [W] WARNING The logger passed into createInferRuntime differs from one already registered for an existing builder, runtime, or refitter. So the current new logger is ignored, and TensorRT will use the existing one which is returned by nvinfer1::getLogger() instead.
[09/08/2026-09:16:05] [TRT] [W] Using default stream in enqueueV3() may lead to performance issues due to additional calls to cudaStreamSynchronize() by TensorRT to ensure correct synchronization. Please use non-default stream instead.
    engine information for GeluTritonLayer_myl0_1: LayerType='custom_layer', TacticName=''
    -> the 3 AOT variants are still tactics, but which one won is NOT observable here
       (no `TacticValue`/`PluginType` on a Myelin-absorbed plugin; measure instead of reading a field)
    all tactics    : 0.0067 ms
    only variant 1 : 0.0186 ms
    -> letting the builder choose is 2.79x the fixed first variant
============================== End   [case_generated_plugin_with_tactics]

Finish
