[TensorRT-Cookbook] Version: 1.0.0
[09/08/2026-08:57:45] [TRT] [W] ModelImporter.cpp:1047: Make sure output z has Int64 binding.
[09/08/2026-08:57:52] [TRT] [W] Using default stream in enqueueV3() may lead to performance issues due to additional calls to cudaStreamSynchronize() by TensorRT to ensure correct synchronization. Please use non-default stream instead.
[09/08/2026-08:57:53] [TRT] [W] Using default stream in enqueueV3() may lead to performance issues due to additional calls to cudaStreamSynchronize() by TensorRT to ensure correct synchronization. Please use non-default stream instead.
[09/08/2026-08:57:56] [TRT] [W] Using default stream in enqueueV3() may lead to performance issues due to additional calls to cudaStreamSynchronize() by TensorRT to ensure correct synchronization. Please use non-default stream instead.
[09/08/2026-08:58:01] [TRT] [W] Using default stream in enqueueV3() may lead to performance issues due to additional calls to cudaStreamSynchronize() by TensorRT to ensure correct synchronization. Please use non-default stream instead.
[09/08/2026-08:58:02] [TRT] [W] Using default stream in enqueueV3() may lead to performance issues due to additional calls to cudaStreamSynchronize() by TensorRT to ensure correct synchronization. Please use non-default stream instead.
[09/08/2026-08:58:03] [TRT] [W] Using default stream in enqueueV3() may lead to performance issues due to additional calls to cudaStreamSynchronize() by TensorRT to ensure correct synchronization. Please use non-default stream instead.
[09/08/2026-08:58:07] [TRT] [W] Using default stream in enqueueV3() may lead to performance issues due to additional calls to cudaStreamSynchronize() by TensorRT to ensure correct synchronization. Please use non-default stream instead.
[09/08/2026-08:58:08] [TRT] [W] Using default stream in enqueueV3() may lead to performance issues due to additional calls to cudaStreamSynchronize() by TensorRT to ensure correct synchronization. Please use non-default stream instead.
[09/08/2026-08:58:08] [TRT] [E] IPluginRegistry::loadLibrary: Error Code 4: API Usage Error (Cannot register the library as plugin creator of Nothing exists already. In loadLibraryCommon at /_src/runtime/dispatch/pluginRegistry.cpp:573)
[09/08/2026-08:58:08] [TRT] [W] Using default stream in enqueueV3() may lead to performance issues due to additional calls to cudaStreamSynchronize() by TensorRT to ensure correct synchronization. Please use non-default stream instead.
[09/08/2026-08:58:08] [TRT] [E] IPluginRegistry::loadLibrary: Error Code 4: API Usage Error (Cannot register the library as plugin creator of Nothing exists already. In loadLibraryCommon at /_src/runtime/dispatch/pluginRegistry.cpp:573)
[09/08/2026-08:58:09] [TRT] [W] Using default stream in enqueueV3() may lead to performance issues due to additional calls to cudaStreamSynchronize() by TensorRT to ensure correct synchronization. Please use non-default stream instead.
[09/08/2026-08:58:09] [TRT] [W] ModelImporter.cpp:1047: Make sure output z has Int64 binding.
[09/08/2026-08:58:14] [TRT] [W] Using default stream in enqueueV3() may lead to performance issues due to additional calls to cudaStreamSynchronize() by TensorRT to ensure correct synchronization. Please use non-default stream instead.
============================== Start [case_mnist,(),{}]
[CookbookGpuAllocator::__init__]
[CookbookGpuAllocator::allocate] size=13098880,alignment=512,flag=0
[CookbookGpuAllocator::allocate] size=2048,alignment=512,flag=0
[CookbookGpuAllocator::allocate] size=591872,alignment=512,flag=0
Input ->DataType.FLOAT, (-1, 1, 28, 28), (1, 1, 28, 28), x
Output->DataType.FLOAT, (-1, 10), (1, 10), y
Output->DataType.INT64, (-1,), (1,), z
After inference
[CookbookGpuAllocator::deallocate] address=132342947512320
[CookbookGpuAllocator::deallocate] address=132342947514368
[CookbookGpuAllocator::deallocate] address=132342932832256
============================== End   [case_mnist]
============================== Start [case_normal,(0,),{}]
Identity Layer
[CookbookGpuAllocator::__init__]
[CookbookGpuAllocator::allocate] size=2048,alignment=512,flag=0
Input ->DataType.FLOAT, (-1, 512, 512), (1, 512, 512), x
Output->DataType.FLOAT, (-1, 512, 512), (1, 512, 512), (Unnamed Layer* 0) [Identity]_output
After inference
[CookbookGpuAllocator::deallocate] address=132342937026560
============================== End   [case_normal]
============================== Start [case_normal,(1,),{}]
GEMM + ReLU
[CookbookGpuAllocator::__init__]
[CookbookGpuAllocator::allocate] size=1048832,alignment=512,flag=0
[CookbookGpuAllocator::allocate] size=2048,alignment=512,flag=0
Input ->DataType.FLOAT, (-1, 512, 512), (1, 512, 512), x
Output->DataType.FLOAT, (-1, 512, 512), (1, 512, 512), (Unnamed Layer* 2) [Activation]_output
After inference
[CookbookGpuAllocator::deallocate] address=1099900649984
[CookbookGpuAllocator::deallocate] address=1099899600896
============================== End   [case_normal]
============================== Start [case_normal,(2,),{}]
( GEMM + ReLU ) * 10
[CookbookGpuAllocator::__init__]
[CookbookGpuAllocator::allocate] size=10486016,alignment=512,flag=0
[CookbookGpuAllocator::allocate] size=2048,alignment=512,flag=0
[CookbookGpuAllocator::allocate] size=8388608,alignment=512,flag=0
Input ->DataType.FLOAT, (-1, 512, 512), (1, 512, 512), x
Output->DataType.FLOAT, (-1, 512, 512), (1, 512, 512), (Unnamed Layer* 29) [Activation]_output
After inference
[CookbookGpuAllocator::deallocate] address=1099912183808
[CookbookGpuAllocator::deallocate] address=1099914280960
[CookbookGpuAllocator::deallocate] address=1099899600896
============================== End   [case_normal]
============================== Start [case_normal,(3,),{}]
sin(x) + x^T + sum(x,-1)
[CookbookGpuAllocator::__init__]
[CookbookGpuAllocator::allocate] size=2048,alignment=512,flag=0
[CookbookGpuAllocator::allocate] size=8192,alignment=512,flag=0
Input ->DataType.FLOAT, (-1, 512, 512), (1, 512, 512), x
Output->DataType.FLOAT, (-1, 512, 512), (1, 512, 512), (Unnamed Layer* 4) [ElementWise]_output
After inference
[CookbookGpuAllocator::deallocate] address=132342934929408
[CookbookGpuAllocator::deallocate] address=132342934931456
============================== End   [case_normal]
============================== Start [case_normal,(4,),{}]
( sin(x) + x^T + sum(x,-1) ) * 10
[CookbookGpuAllocator::__init__]
[CookbookGpuAllocator::allocate] size=2048,alignment=512,flag=0
[CookbookGpuAllocator::allocate] size=8404992,alignment=512,flag=0
Input ->DataType.FLOAT, (-1, 512, 512), (1, 512, 512), x
Output->DataType.FLOAT, (-1, 512, 512), (1, 512, 512), (Unnamed Layer* 49) [ElementWise]_output
After inference
[CookbookGpuAllocator::deallocate] address=132342934929408
[CookbookGpuAllocator::deallocate] address=132342937026560
============================== End   [case_normal]
============================== Start [case_normal,(5,),{}]
( GEMM + ReLU ) * 10 + UNet
[CookbookGpuAllocator::__init__]
[CookbookGpuAllocator::allocate] size=10486016,alignment=512,flag=0
[CookbookGpuAllocator::allocate] size=2048,alignment=512,flag=0
[CookbookGpuAllocator::allocate] size=29360128,alignment=512,flag=0
Input ->DataType.FLOAT, (-1, 512, 512), (1, 512, 512), x
Output->DataType.FLOAT, (-1, 512, 512), (1, 512, 512), (Unnamed Layer* 34) [ElementWise]_output
After inference
[CookbookGpuAllocator::deallocate] address=1099912183808
[CookbookGpuAllocator::deallocate] address=1099914280960
[CookbookGpuAllocator::deallocate] address=1099899600896
============================== End   [case_normal]
============================== Start [case_normal,(6,),{}]
Plugin layer with 0B workspace
[CookbookGpuAllocator::__init__]
[CookbookGpuAllocator::allocate] size=2048,alignment=512,flag=0
Input ->DataType.FLOAT, (-1, 512, 512), (1, 512, 512), x
Output->DataType.FLOAT, (-1, 512, 512), (1, 512, 512), (Unnamed Layer* 0) [PluginV3_V3ONE]_output
After inference
[CookbookGpuAllocator::deallocate] address=132342934929408
============================== End   [case_normal]
============================== Start [case_normal,(7,),{}]
Plugin layer with 1GiB workspace
[CookbookGpuAllocator::__init__]
[CookbookGpuAllocator::allocate] size=2048,alignment=512,flag=0
[CookbookGpuAllocator::allocate] size=1073741824,alignment=512,flag=0
Input ->DataType.FLOAT, (-1, 512, 512), (1, 512, 512), x
Output->DataType.FLOAT, (-1, 512, 512), (1, 512, 512), (Unnamed Layer* 0) [PluginV3_V3ONE]_output
After inference
[CookbookGpuAllocator::deallocate] address=132342934929408
[CookbookGpuAllocator::deallocate] address=132341364162560
============================== End   [case_normal]
============================== Start [case_normal,(8,),{}]
Plugin layer with 1 GiB workspace * 10
[CookbookGpuAllocator::__init__]
[CookbookGpuAllocator::allocate] size=2048,alignment=512,flag=0
[CookbookGpuAllocator::allocate] size=1082130432,alignment=512,flag=0
Input ->DataType.FLOAT, (-1, 512, 512), (1, 512, 512), x
Output->DataType.FLOAT, (-1, 512, 512), (1, 512, 512), (Unnamed Layer* 9) [PluginV3_V3ONE]_output
After inference
[CookbookGpuAllocator::deallocate] address=132342934929408
[CookbookGpuAllocator::deallocate] address=132340827291648
============================== End   [case_normal]
============================== Start [case_gpu_async_allocator,(),{}]
Input ->DataType.FLOAT, (-1, 1, 28, 28), (1, 1, 28, 28), x
Output->DataType.FLOAT, (-1, 10), (1, 10), y
Output->DataType.INT64, (-1,), (1,), z
After inference
============================== End   [case_gpu_async_allocator]
Finish
