[TensorRT-Cookbook] Version: 1.0.0
============================== Start [case_reported_vs_usable,(),{}]
    GPU 0: 181991 MiB free of 182619 MiB total, per cudaMemGetInfo
    allocated 16384 MiB in 64 chunks of 256 MiB (stopped 2048 MiB short on purpose)
    free now: 165607 MiB -- reported free fell by 16384 MiB for 16384 MiB requested
    driver overhead on top of the request: 0 MiB
    after freeing everything: 181991 MiB free (started at 181991 MiB)
============================== End   [case_reported_vs_usable]
============================== Start [case_fragmentation,(),{}]
    allocated 64 x 64 MiB
    freed every other block: 2048 MiB returned, 179943 MiB reported free
    a single 2048 MiB allocation still succeeded -- the allocator coalesced the holes
============================== End   [case_fragmentation]
============================== Start [case_release_order,(),{}]
    reverse of creation (correct)    survived
    runtime first (wrong)            survived
    Python's reference counting keeps the objects alive until the last reference goes,
    so `del` in the wrong order is usually survivable here. In C++ it is not: see
    `tests/check_cpp_ownership.py` and the lifetime note in 08-Advance/GreenContext.
============================== End   [case_release_order]
============================== Start [case_exit_ordering,(),{}]
    child exit code: 0
    destructor errors printed: 5
        Error 201 destroying event '0x2c4f66c0'. In ~MyelinGraphContext at /_src/runtime/myelin/graphContext.cpp:101)
        Error Code 1: Cuda Runtime (In deallocate at /_src/common/dispatch/defaultAllocator.cpp:91)
    -> errors logged, exit code 0. A harness that checks only the status sees nothing.
============================== End   [case_exit_ordering]

Finish
