    polygraphy 0.50.3
    POLYGRAPHY_USE_TENSORRT_RTX at import : <unset>
    os.environ set to 1 after the import  : config.USE_TENSORRT_RTX = False
    module polygraphy resolved            : tensorrt 11.0.0.114
    CreateConfig(fp16=True)  -> accepted
    CreateConfig(int8=True)  -> accepted
    CreateConfig(bf16=True)  -> accepted
    CreateConfig(fp8=True)   -> accepted
    ------------------------------------------------------------
[!] Precision flags (fp16, int8, bf16, fp8) are not supported with USE_TENSORRT_RTX=1.
[!] Precision flags (fp16, int8, bf16, fp8) are not supported with USE_TENSORRT_RTX=1.
[!] Precision flags (fp16, int8, bf16, fp8) are not supported with USE_TENSORRT_RTX=1.
[!] Precision flags (fp16, int8, bf16, fp8) are not supported with USE_TENSORRT_RTX=1.
    polygraphy 0.50.3
    POLYGRAPHY_USE_TENSORRT_RTX at import : 1
    os.environ set to 1 after the import  : config.USE_TENSORRT_RTX = True
    module polygraphy resolved            : tensorrt_rtx 1.6.1.120
    CreateConfig(fp16=True)  -> PolygraphyException: Precision flags (fp16, int8, bf16, fp8) are not supported with USE_TENSORR
    CreateConfig(int8=True)  -> PolygraphyException: Precision flags (fp16, int8, bf16, fp8) are not supported with USE_TENSORR
    CreateConfig(bf16=True)  -> PolygraphyException: Precision flags (fp16, int8, bf16, fp8) are not supported with USE_TENSORR
    CreateConfig(fp8=True)   -> PolygraphyException: Precision flags (fp16, int8, bf16, fp8) are not supported with USE_TENSORR
    ------------------------------------------------------------
