[I] RUNNING | Command: /usr/local/bin/polygraphy run /work/trt-samples-for-hackathon-cn-wili/cookbook/00-Data/model/model-trained.onnx --trt --onnxrt --atol 1e-5 --rtol 1e-5
[I] trt-runner-N0-09/08/26-10:07:41     | Activating and starting inference
[W] ModelImporter.cpp:1047: Make sure output z has Int64 binding.
[W] Input tensor: x (dtype=DataType.FLOAT, shape=(-1, 1, 28, 28)) | No shapes provided; Will use shape: [1, 1, 28, 28] for min/opt/max in profile.
[W] This will cause the tensor to have a static shape. If this is incorrect, please set the range of shapes for this input tensor.
[I] Configuring with profiles:[
        Profile 0:
            {x [min=[1, 1, 28, 28], opt=[1, 1, 28, 28], max=[1, 1, 28, 28]]}
    ]
[I] Building engine with configuration:
    Flags                  | [TF32, STRONGLY_TYPED]
    Engine Capability      | EngineCapability.STANDARD
    Memory Pools           | [WORKSPACE: 65536.00 MiB, TACTIC_DRAM: 65536.00 MiB, TACTIC_SHARED_MEMORY: 1024.00 MiB]
    Tactic Sources         | [EDGE_MASK_CONVOLUTIONS, JIT_CONVOLUTIONS]
    Profiling Verbosity    | ProfilingVerbosity.DETAILED
    Preview Features       | [RUNTIME_ACTIVATION_RESIZE_10_10]
[I] Finished engine building in 0.309 seconds
[I] trt-runner-N0-09/08/26-10:07:41
    ---- Inference Input(s) ----
    {x [dtype=float32, shape=(1, 1, 28, 28)]}
[I] trt-runner-N0-09/08/26-10:07:41
    ---- Inference Output(s) ----
    {y [dtype=float32, shape=(1, 10)],
     z [dtype=int64, shape=(1,)]}
[I] trt-runner-N0-09/08/26-10:07:41     | Completed 1 iteration(s) in 1210 ms | Average inference time: 1210 ms.
[I] onnxrt-runner-N0-09/08/26-10:07:41  | Activating and starting inference
[I] Creating ONNX-Runtime Inference Session with providers: ['CPUExecutionProvider']
[I] onnxrt-runner-N0-09/08/26-10:07:41
    ---- Inference Input(s) ----
    {x [dtype=float32, shape=(1, 1, 28, 28)]}
[I] onnxrt-runner-N0-09/08/26-10:07:41
    ---- Inference Output(s) ----
    {y [dtype=float32, shape=(1, 10)],
     z [dtype=int64, shape=(1,)]}
[I] onnxrt-runner-N0-09/08/26-10:07:41  | Completed 1 iteration(s) in 1.196 ms | Average inference time: 1.196 ms.
[I] Accuracy Comparison | trt-runner-N0-09/08/26-10:07:41 vs. onnxrt-runner-N0-09/08/26-10:07:41
[I]     Comparing Output: 'y' (dtype=float32, shape=(1, 10)) with 'y' (dtype=float32, shape=(1, 10))
[I]         Tolerance: [abs=1e-05, rel=1e-05] | Checking elemwise error
[I]         trt-runner-N0-09/08/26-10:07:41: y | Stats: mean=-0.0052055, std-dev=0.032508, var=0.0010568, median=0.003091, min=-0.071965 at (0, 6), max=0.053177 at (0, 3), avg-magnitude=0.022944, p90=0.01701, p95=0.035094, p99=0.04956
[I]             ---- Values ----
                    [[ 0.01299181 -0.02644764  0.01073037  0.05317705 -0.04233386  0.00010899
                      -0.07196483  0.00497535  0.00550103  0.00120667]]
[I]             ---- Histogram ----
                Bin Range            |  Num Elems | Visualization
                (-0.072  , -0.0595 ) |          1 | ##########
                (-0.0595 , -0.0469 ) |          0 |
                (-0.0469 , -0.0344 ) |          1 | ##########
                (-0.0344 , -0.0219 ) |          1 | ##########
                (-0.0219 , -0.00939) |          0 |
                (-0.00939, 0.00313 ) |          2 | ####################
                (0.00313 , 0.0156  ) |          4 | ########################################
                (0.0156  , 0.0282  ) |          0 |
                (0.0282  , 0.0407  ) |          0 |
                (0.0407  , 0.0532  ) |          1 | ##########
[I]         onnxrt-runner-N0-09/08/26-10:07:41: y | Stats: mean=-0.0052072, std-dev=0.032513, var=0.0010571, median=0.0030958, min=-0.071973 at (0, 6), max=0.053192 at (0, 3), avg-magnitude=0.022946, p90=0.017002, p95=0.035097, p99=0.049573
[I]             ---- Values ----
                    [[ 1.2981240e-02 -2.6457533e-02  1.0728560e-02  5.3192362e-02
                      -4.2333938e-02  9.7869663e-05 -7.1973190e-02  4.9780495e-03
                       5.5009462e-03  1.2135156e-03]]
[I]             ---- Histogram ----
                Bin Range            |  Num Elems | Visualization
                (-0.072  , -0.0595 ) |          1 | ##########
                (-0.0595 , -0.0469 ) |          0 |
                (-0.0469 , -0.0344 ) |          1 | ##########
                (-0.0344 , -0.0219 ) |          1 | ##########
                (-0.0219 , -0.00939) |          0 |
                (-0.00939, 0.00313 ) |          2 | ####################
                (0.00313 , 0.0156  ) |          4 | ########################################
                (0.0156  , 0.0282  ) |          0 |
                (0.0282  , 0.0407  ) |          0 |
                (0.0407  , 0.0532  ) |          1 | ##########
[I]         Error Metrics: y
[I]             Minimum Required Tolerance: elemwise error | [abs=1.5311e-05] OR [rel=0.11365] (requirements may be lower if both abs/rel tolerances are set)
[I]             Absolute Difference | Stats: mean=6.6767e-06, std-dev=4.9923e-06, var=2.4923e-11, median=7.6005e-06, min=7.8231e-08 at (0, 4), max=1.5311e-05 at (0, 3), avg-magnitude=6.6767e-06, p90=1.1542e-05, p95=1.3426e-05, p99=1.4934e-05
[I]                 ---- Values ----
                        [[1.0573305e-05 9.8906457e-06 1.8142164e-06 1.5310943e-05 7.8231096e-08
                          1.1122727e-05 8.3595514e-06 2.6952475e-06 8.1025064e-08 6.8414956e-06]]
[I]                 ---- Histogram ----
                    Bin Range            |  Num Elems | Visualization
                    (7.82e-08, 1.6e-06 ) |          2 | ########################################
                    (1.6e-06 , 3.12e-06) |          2 | ########################################
                    (3.12e-06, 4.65e-06) |          0 |
                    (4.65e-06, 6.17e-06) |          0 |
                    (6.17e-06, 7.69e-06) |          1 | ####################
                    (7.69e-06, 9.22e-06) |          1 | ####################
                    (9.22e-06, 1.07e-05) |          2 | ########################################
                    (1.07e-05, 1.23e-05) |          1 | ####################
                    (1.23e-05, 1.38e-05) |          0 |
                    (1.38e-05, 1.53e-05) |          1 | ####################
[I]             Relative Difference | Stats: mean=0.012161, std-dev=0.033868, var=0.001147, median=0.00033084, min=1.848e-06 at (0, 4), max=0.11365 at (0, 5), avg-magnitude=0.012161, p90=0.016439, p95=0.065044, p99=0.10393
[I]                 ---- Values ----
                        [[8.14506609e-04 3.73830990e-04 1.69101564e-04 2.87841016e-04
                          1.84795226e-06 1.13648370e-01 1.16148134e-04 5.41426416e-04
                          1.47292958e-05 5.63774817e-03]]
[I]                 ---- Histogram ----
                    Bin Range          |  Num Elems | Visualization
                    (1.85e-06, 0.0114) |          9 | ########################################
                    (0.0114  , 0.0227) |          0 |
                    (0.0227  , 0.0341) |          0 |
                    (0.0341  , 0.0455) |          0 |
                    (0.0455  , 0.0568) |          0 |
                    (0.0568  , 0.0682) |          0 |
                    (0.0682  , 0.0796) |          0 |
                    (0.0796  , 0.0909) |          0 |
                    (0.0909  , 0.102 ) |          0 |
                    (0.102   , 0.114 ) |          1 | ####
[E]         FAILED | Output: 'y' | Difference exceeds tolerance (rel=1e-05, abs=1e-05)
[I]     Comparing Output: 'z' (dtype=int64, shape=(1,)) with 'z' (dtype=int64, shape=(1,))
[I]         Tolerance: [abs=1e-05, rel=1e-05] | Checking elemwise error
[I]         trt-runner-N0-09/08/26-10:07:41: z | Stats: mean=3, std-dev=0, var=0, median=3, min=3 at (0,), max=3 at (0,), avg-magnitude=3, p90=3, p95=3, p99=3
[I]         onnxrt-runner-N0-09/08/26-10:07:41: z | Stats: mean=3, std-dev=0, var=0, median=3, min=3 at (0,), max=3 at (0,), avg-magnitude=3, p90=3, p95=3, p99=3
[I]         Error Metrics: z
[I]             Minimum Required Tolerance: elemwise error | [abs=0] OR [rel=0] (requirements may be lower if both abs/rel tolerances are set)
[I]             Absolute Difference | Stats: mean=0, std-dev=0, var=0, median=0, min=0 at (0,), max=0 at (0,), avg-magnitude=0, p90=0, p95=0, p99=0
[I]             Relative Difference | Stats: mean=0, std-dev=0, var=0, median=0, min=0 at (0,), max=0 at (0,), avg-magnitude=0, p90=0, p95=0, p99=0
[I]         PASSED | Output: 'z' | Difference is within tolerance (rel=1e-05, abs=1e-05)
[E]     FAILED | Mismatched outputs: ['y']
[E] Average Metrics | y: max_absdiff=1.5311e-05 (n=1), max_reldiff=0.11365 (n=1), mean_absdiff=6.6767e-06 (n=1), mean_reldiff=0.012161 (n=1), median_absdiff=7.6005e-06 (n=1), median_reldiff=0.00033084 (n=1)
    Average Metrics | z: max_absdiff=0 (n=1), max_reldiff=0 (n=1), mean_absdiff=0 (n=1), mean_reldiff=0 (n=1), median_absdiff=0 (n=1), median_reldiff=0 (n=1)
    Accuracy Summary | trt-runner-N0-09/08/26-10:07:41 vs. onnxrt-runner-N0-09/08/26-10:07:41 | Passed: 0/1 iterations | Pass Rate: 0.0%
[E] FAILED | Runtime: 3.864s | Command: /usr/local/bin/polygraphy run /work/trt-samples-for-hackathon-cn-wili/cookbook/00-Data/model/model-trained.onnx --trt --onnxrt --atol 1e-5 --rtol 1e-5
