[I] RUNNING | Command: /usr/local/bin/polygraphy run /work/trt-samples-for-hackathon-cn-wili/cookbook/00-Data/model/model-trained.onnx --trt --onnxrt --atol 1e-4 --rtol 1e-4
[I] TF32 is disabled by default. Turn on TF32 for better performance with minor accuracy differences.
[I] TF32 is disabled by default. Turn on TF32 for better performance with minor accuracy differences.
[I] trt-runner-N0-09/08/26-10:07:31     | Activating and starting inference
[W] ModelImporter.cpp:1047: Make sure output z has Int64 binding.
[W] Input tensor: x (dtype=DataType.FLOAT, shape=(-1, 1, 28, 28)) | No shapes provided; Will use shape: [1, 1, 28, 28] for min/opt/max in profile.
[W] This will cause the tensor to have a static shape. If this is incorrect, please set the range of shapes for this input tensor.
[I] Configuring with profiles:[
        Profile 0:
            {x [min=[1, 1, 28, 28], opt=[1, 1, 28, 28], max=[1, 1, 28, 28]]}
    ]
[I] Building engine with configuration:
    Flags                  | [STRONGLY_TYPED]
    Engine Capability      | EngineCapability.STANDARD
    Memory Pools           | [WORKSPACE: 182619.62 MiB, TACTIC_DRAM: 182619.62 MiB, TACTIC_SHARED_MEMORY: 1024.00 MiB]
    Tactic Sources         | [EDGE_MASK_CONVOLUTIONS, JIT_CONVOLUTIONS]
    Profiling Verbosity    | ProfilingVerbosity.DETAILED
[I] Finished engine building in 4.466 seconds
[I] trt-runner-N0-09/08/26-10:07:31
    ---- Inference Input(s) ----
    {x [dtype=float32, shape=(1, 1, 28, 28)]}
[I] trt-runner-N0-09/08/26-10:07:31
    ---- Inference Output(s) ----
    {y [dtype=float32, shape=(1, 10)],
     z [dtype=int64, shape=(1,)]}
[I] trt-runner-N0-09/08/26-10:07:31     | Completed 1 iteration(s) in 1213 ms | Average inference time: 1213 ms.
[I] onnxrt-runner-N0-09/08/26-10:07:31  | Activating and starting inference
[I] Creating ONNX-Runtime Inference Session with providers: ['CPUExecutionProvider']
[I] onnxrt-runner-N0-09/08/26-10:07:31
    ---- Inference Input(s) ----
    {x [dtype=float32, shape=(1, 1, 28, 28)]}
[I] onnxrt-runner-N0-09/08/26-10:07:31
    ---- Inference Output(s) ----
    {y [dtype=float32, shape=(1, 10)],
     z [dtype=int64, shape=(1,)]}
[I] onnxrt-runner-N0-09/08/26-10:07:31  | Completed 1 iteration(s) in 0.8271 ms | Average inference time: 0.8271 ms.
[I] Accuracy Comparison | trt-runner-N0-09/08/26-10:07:31 vs. onnxrt-runner-N0-09/08/26-10:07:31
[I]     Comparing Output: 'y' (dtype=float32, shape=(1, 10)) with 'y' (dtype=float32, shape=(1, 10))
[I]         Tolerance: [abs=0.0001, rel=0.0001] | Checking elemwise error
[I]         trt-runner-N0-09/08/26-10:07:31: y | Stats: mean=-0.0052072, std-dev=0.032513, var=0.0010571, median=0.0030958, min=-0.071973 at (0, 6), max=0.053192 at (0, 3), avg-magnitude=0.022946, p90=0.017002, p95=0.035097, p99=0.049573
[I]         onnxrt-runner-N0-09/08/26-10:07:31: y | Stats: mean=-0.0052072, std-dev=0.032513, var=0.0010571, median=0.0030958, min=-0.071973 at (0, 6), max=0.053192 at (0, 3), avg-magnitude=0.022946, p90=0.017002, p95=0.035097, p99=0.049573
[I]         Error Metrics: y
[I]             Minimum Required Tolerance: elemwise error | [abs=7.4506e-09] OR [rel=1.8437e-05] (requirements may be lower if both abs/rel tolerances are set)
[I]             Absolute Difference | Stats: mean=2.695e-09, std-dev=2.5846e-09, var=6.6801e-18, median=1.8626e-09, min=0 at (0, 7), max=7.4506e-09 at (0, 3), avg-magnitude=2.695e-09, p90=7.4506e-09, p95=7.4506e-09, p99=7.4506e-09
[I]             Relative Difference | Stats: mean=1.9423e-06, std-dev=5.4991e-06, var=3.024e-11, median=9.5758e-08, min=0 at (0, 7), max=1.8437e-05 at (0, 5), avg-magnitude=1.9423e-06, p90=2.1484e-06, p95=1.0293e-05, p99=1.6808e-05
[I]         PASSED | Output: 'y' | Difference is within tolerance (rel=0.0001, abs=0.0001)
[I]     Comparing Output: 'z' (dtype=int64, shape=(1,)) with 'z' (dtype=int64, shape=(1,))
[I]         Tolerance: [abs=0.0001, rel=0.0001] | Checking elemwise error
[I]         trt-runner-N0-09/08/26-10:07:31: z | Stats: mean=3, std-dev=0, var=0, median=3, min=3 at (0,), max=3 at (0,), avg-magnitude=3, p90=3, p95=3, p99=3
[I]         onnxrt-runner-N0-09/08/26-10:07:31: z | Stats: mean=3, std-dev=0, var=0, median=3, min=3 at (0,), max=3 at (0,), avg-magnitude=3, p90=3, p95=3, p99=3
[I]         Error Metrics: z
[I]             Minimum Required Tolerance: elemwise error | [abs=0] OR [rel=0] (requirements may be lower if both abs/rel tolerances are set)
[I]             Absolute Difference | Stats: mean=0, std-dev=0, var=0, median=0, min=0 at (0,), max=0 at (0,), avg-magnitude=0, p90=0, p95=0, p99=0
[I]             Relative Difference | Stats: mean=0, std-dev=0, var=0, median=0, min=0 at (0,), max=0 at (0,), avg-magnitude=0, p90=0, p95=0, p99=0
[I]         PASSED | Output: 'z' | Difference is within tolerance (rel=0.0001, abs=0.0001)
[I]     PASSED | All outputs matched | Outputs: ['y', 'z']
[I] Average Metrics | y: max_absdiff=7.4506e-09 (n=1), max_reldiff=1.8437e-05 (n=1), mean_absdiff=2.695e-09 (n=1), mean_reldiff=1.9423e-06 (n=1), median_absdiff=1.8626e-09 (n=1), median_reldiff=9.5758e-08 (n=1)
    Average Metrics | z: max_absdiff=0 (n=1), max_reldiff=0 (n=1), mean_absdiff=0 (n=1), mean_reldiff=0 (n=1), median_absdiff=0 (n=1), median_reldiff=0 (n=1)
    Accuracy Summary | trt-runner-N0-09/08/26-10:07:31 vs. onnxrt-runner-N0-09/08/26-10:07:31 | Passed: 1/1 iterations | Pass Rate: 100.0%
[I] PASSED | Runtime: 8.369s | Command: /usr/local/bin/polygraphy run /work/trt-samples-for-hackathon-cn-wili/cookbook/00-Data/model/model-trained.onnx --trt --onnxrt --atol 1e-4 --rtol 1e-4
