[TensorRT-Cookbook] Version: 1.0.0
[09/08/2026-09:29:58] [TRT] [E] ModelImporter.cpp:139: While parsing node number 0 [Unique -> "output_0"]:
[09/08/2026-09:29:58] [TRT] [E] ModelImporter.cpp:141: --- Begin node ---
Node name: node__unique2__0
[09/08/2026-09:29:58] [TRT] [E] ModelImporter.cpp:142: --- End node ---
[09/08/2026-09:29:58] [TRT] [E] ModelImporter.cpp:150: ERROR: onnxOpCheckers.cpp:1227 In function checkUnique:
[8] false
[09/08/2026-09:29:59] [TRT] [E] IBuilder::buildSerializedNetwork: Error Code 4: API Usage Error (Network must have at least one output. In validate at /_src/optimizer/api/network.cpp:3668)
============================== Start [case_not_supported_torch,(),{}]

================================================================================
SUPPORT SUMMARY
================================================================================
[Torch              ] SUPPORTED     | Succeeded
[ONNX Export        ] NOT SUPPORTED | TorchExportError: Failed to export the model with torch.export. [96mThis is step 1/3[0m of exporting the model to ONNX. Next steps: - Modify the model code for `torch.export.export` to succeed. Refer to https://pytorch.org/docs/stable/generated/exportdb/index.html for more information. - Debug `torch.export.export` and submit a PR to PyTorch. - Create an issue in the PyTorch GitHub repository against the [96m*torch.export*[0m component and attach the full error stack as well as reproduction scripts. ## Exception summary <class 'torch._subclasses.fake_tensor.UnsupportedOperatorException'>: aten.geqrf.default The error above occurred when calling torch.export.export. If you would like to view some more information about this error, and get a list of all other errors that may occur in your export call, you can replace your `export()` call with `draft_export()`. (Refer to the full stack trace above for more information.)
[ONNX Runtime       ] SKIPPED       | Not run
[Polygraphy sanitize] SKIPPED       | Not run
[TensorRT           ] NOT SUPPORTED | Not run
================================================================================
============================== End   [case_not_supported_torch]
============================== Start [case_not_supported_onnx,(),{}]

================================================================================
SUPPORT SUMMARY
================================================================================
[Torch              ] SUPPORTED     | Succeeded
[ONNX Export        ] NOT SUPPORTED | ConversionError: Failed to convert the exported program to an ONNX model. [96mThis is step 3/3[0m of exporting the model to ONNX. Next steps: - If there is a missing ONNX function, implement it and register it to the registry. - If there is an internal error during ONNX conversion, debug the error and submit a PR to PyTorch. - Create an error report with `torch.onnx.export(..., report=True)`, and save the ExportedProgram as a pt2 file. Create an issue in the PyTorch GitHub repository against the [96m*onnx*[0m component. Attach the error report and the pt2 model. ## Exception summary <class 'torch.onnx._internal.exporter._errors.DispatchError'>: No ONNX function found for <OpOverload(op='aten.kthvalue', overload='default')>. Failure message: No decompositions registered for the real-valued input ⬆️ <class 'torch.onnx._internal.exporter._errors.ConversionError'>: Error when translating node %kthvalue : [num_users=1] = call_function[target=torch.ops.aten.kthvalue.default](args = (%x, 2, 1), kwargs = {}). See the stack trace for more information. (Refer to the full stack trace above for more information.)
[ONNX Runtime       ] SKIPPED       | Not run
[Polygraphy sanitize] SKIPPED       | Not run
[TensorRT           ] NOT SUPPORTED | Not run
================================================================================
============================== End   [case_not_supported_onnx]
============================== Start [case_not_supported_trt,(),{}]
[I] Folding Constants | Pass 1
[I]     Total Nodes | Original:     1, After Folding:     1 |     0 Nodes Folded
In node 0 with name: node__unique2__0 and operator: Unique (checkUnique): UNSUPPORTED_NODE: false

================================================================================
SUPPORT SUMMARY
================================================================================
[Torch              ] SUPPORTED     | Succeeded
[ONNX Export        ] SUPPORTED     | Succeeded
[ONNX Runtime       ] SUPPORTED     | Succeeded
[Polygraphy sanitize] SUPPORTED     | Succeeded
[TensorRT           ] NOT SUPPORTED | Engine build failed
================================================================================
============================== End   [case_not_supported_trt]
============================== Start [case_static_repeat_interlace,(),{}]
[I] Folding Constants | Pass 1
[I]     Total Nodes | Original:    15, After Folding:     2 |    13 Nodes Folded
[I] Folding Constants | Pass 2
[I]     Total Nodes | Original:     2, After Folding:     2 |     0 Nodes Folded

================================================================================
SUPPORT SUMMARY
================================================================================
[Torch              ] SUPPORTED     | Succeeded
[ONNX Export        ] SUPPORTED     | Succeeded
[ONNX Runtime       ] SUPPORTED     | Succeeded
[Polygraphy sanitize] SUPPORTED     | Succeeded
[TensorRT           ] SUPPORTED     | Succeeded
================================================================================
============================== End   [case_static_repeat_interlace]
============================== Start [case_dynamic_repeat_interlace,(),{}]
[I] Folding Constants | Pass 1
[I]     Total Nodes | Original:    15, After Folding:    15 |     0 Nodes Folded

================================================================================
SUPPORT SUMMARY
================================================================================
[Torch              ] SUPPORTED     | Succeeded
[ONNX Export        ] SUPPORTED     | Succeeded
[ONNX Runtime       ] SUPPORTED     | Succeeded
[Polygraphy sanitize] SUPPORTED     | Succeeded
[TensorRT           ] SUPPORTED     | Succeeded
================================================================================
============================== End   [case_dynamic_repeat_interlace]
Finish
