[TensorRT-Cookbook] Version: 1.0.0
[09/08/2026-09:16:53] [TRT] [W] Using default stream in enqueueV3() may lead to performance issues due to additional calls to cudaStreamSynchronize() by TensorRT to ensure correct synchronization. Please use non-default stream instead.
============================== Start [case_dali_to_tensorrt,(),{}]
Input ->DataType.FLOAT, (1, 3, 224, 224), (1, 3, 224, 224), inputT0
Output->DataType.FLOAT, (1, 3, 224, 224), (1, 3, 224, 224), outputT0
inputT0
[[[[0.26117277 0.8263991  0.78447926 ... 0.05018282 0.27851138
    0.5173867 ]
   [0.13193886 0.10669149 0.82092893 ... 0.76118696 0.3704481
    0.02354201]
   [0.634992   0.5219732  0.11071768 ... 0.5093936  0.7100678
    0.43734533]
   ...
   [0.32563812 0.10105998 0.5279855  ... 0.62439007 0.12245503
    0.62725604]
   [0.78050214 0.33336672 0.97811306 ... 0.6377206  0.53775895
    0.7403088 ]
   [0.9518427  0.7896687  0.5855148  ... 0.7088557  0.5926841
    0.7366425 ]]

  [[0.07369861 0.8233933  0.41812092 ... 0.9836274  0.04891793
    0.09867033]
   [0.30962533 0.13280563 0.14724897 ... 0.12229076 0.7583631
    0.16640708]
   [0.8098014  0.70350647 0.55286586 ... 0.6810715  0.1267669
    0.44490775]
   ...
   [0.3706853  0.64429057 0.91192853 ... 0.57146794 0.9075222
    0.9789126 ]
   [0.39494595 0.7686299  0.6169167  ... 0.8264647  0.7161077
    0.42331365]
   [0.0128525  0.6699108  0.07468318 ... 0.9652449  0.14178644
    0.8349663 ]]

  [[0.9728862  0.43987164 0.82633585 ... 0.9764036  0.12448413
    0.56252533]
   [0.78659034 0.42735443 0.68341684 ... 0.99521667 0.5455801
    0.61642665]
   [0.6645392  0.7224077  0.06829058 ... 0.37586248 0.3094643
    0.22260149]
   ...
   [0.6261963  0.3366397  0.3953381  ... 0.54184806 0.335784
    0.33338514]
   [0.14453153 0.24104896 0.38726202 ... 0.8401736  0.92816424
    0.4551914 ]
   [0.26220465 0.16459991 0.7749377  ... 0.8541781  0.19049524
    0.61231583]]]]
outputT0
[[[[0.26117277 0.8263991  0.78447926 ... 0.05018282 0.27851138
    0.5173867 ]
   [0.13193886 0.10669149 0.82092893 ... 0.76118696 0.3704481
    0.02354201]
   [0.634992   0.5219732  0.11071768 ... 0.5093936  0.7100678
    0.43734533]
   ...
   [0.32563812 0.10105998 0.5279855  ... 0.62439007 0.12245503
    0.62725604]
   [0.78050214 0.33336672 0.97811306 ... 0.6377206  0.53775895
    0.7403088 ]
   [0.9518427  0.7896687  0.5855148  ... 0.7088557  0.5926841
    0.7366425 ]]

  [[0.07369861 0.8233933  0.41812092 ... 0.9836274  0.04891793
    0.09867033]
   [0.30962533 0.13280563 0.14724897 ... 0.12229076 0.7583631
    0.16640708]
   [0.8098014  0.70350647 0.55286586 ... 0.6810715  0.1267669
    0.44490775]
   ...
   [0.3706853  0.64429057 0.91192853 ... 0.57146794 0.9075222
    0.9789126 ]
   [0.39494595 0.7686299  0.6169167  ... 0.8264647  0.7161077
    0.42331365]
   [0.0128525  0.6699108  0.07468318 ... 0.9652449  0.14178644
    0.8349663 ]]

  [[0.9728862  0.43987164 0.82633585 ... 0.9764036  0.12448413
    0.56252533]
   [0.78659034 0.42735443 0.68341684 ... 0.99521667 0.5455801
    0.61642665]
   [0.6645392  0.7224077  0.06829058 ... 0.37586248 0.3094643
    0.22260149]
   ...
   [0.6261963  0.3366397  0.3953381  ... 0.54184806 0.335784
    0.33338514]
   [0.14453153 0.24104896 0.38726202 ... 0.8401736  0.92816424
    0.4551914 ]
   [0.26220465 0.16459991 0.7749377  ... 0.8541781  0.19049524
    0.61231583]]]]
DALI -> TensorRT inference check passed
============================== End   [case_dali_to_tensorrt]
Finish
