[I] RUNNING | Command: /usr/local/bin/polygraphy run /work/trt-samples-for-hackathon-cn-wili/cookbook/00-Data/model/model-addscalar.onnx --trt --plugins ./AddScalarPlugin.so
[I] TF32 is disabled by default. Turn on TF32 for better performance with minor accuracy differences.
[I] TF32 is disabled by default. Turn on TF32 for better performance with minor accuracy differences.
[I] trt-runner-N0-09/08/26-10:05:54     | Activating and starting inference
[I] Loading plugin library: ./AddScalarPlugin.so
[I] Loading plugin library: ./AddScalarPlugin.so
[I] Loading plugin library: ./AddScalarPlugin.so
[W] Input tensor: inputT0 (dtype=DataType.FLOAT, shape=(-1,)) | No shapes provided; Will use shape: [1] for min/opt/max in profile.
[W] This will cause the tensor to have a static shape. If this is incorrect, please set the range of shapes for this input tensor.
[I] Configuring with profiles:[
        Profile 0:
            {inputT0 [min=[1], opt=[1], max=[1]]}
    ]
[I] Building engine with configuration:
    Flags                  | [STRONGLY_TYPED]
    Engine Capability      | EngineCapability.STANDARD
    Memory Pools           | [WORKSPACE: 182619.62 MiB, TACTIC_DRAM: 182619.62 MiB, TACTIC_SHARED_MEMORY: 1024.00 MiB]
    Tactic Sources         | [EDGE_MASK_CONVOLUTIONS, JIT_CONVOLUTIONS]
    Profiling Verbosity    | ProfilingVerbosity.DETAILED
[I] Finished engine building in 0.366 seconds
[I] trt-runner-N0-09/08/26-10:05:54
    ---- Inference Input(s) ----
    {inputT0 [dtype=float32, shape=(1,)]}
[I] trt-runner-N0-09/08/26-10:05:54
    ---- Inference Output(s) ----
    {CustomOpModel-V-0-AddScalar-0 [dtype=float32, shape=(1,)]}
[I] trt-runner-N0-09/08/26-10:05:54     | Completed 1 iteration(s) in 1195 ms | Average inference time: 1195 ms.
[I] PASSED | Runtime: 3.556s | Command: /usr/local/bin/polygraphy run /work/trt-samples-for-hackathon-cn-wili/cookbook/00-Data/model/model-addscalar.onnx --trt --plugins ./AddScalarPlugin.so
