[I] RUNNING | Command: /usr/local/bin/polygraphy run /work/trt-samples-for-hackathon-cn-wili/cookbook/00-Data/model/model-trained.onnx --onnxrt --trt --onnx-outputs max_pool2d max_pool2d_1 --trt-outputs max_pool2d max_pool2d_1 --trt-min-shapes x:[1,1,28,28] --trt-opt-shapes x:[4,1,28,28] --trt-max-shapes x:[16,1,28,28] --input-shapes x:[4,1,28,28] --atol 1e-3 --rtol 1e-3 --verbose
[V] Loaded Module: polygraphy | Version: 0.50.3 | Path: ['/usr/local/lib/python3.12/dist-packages/polygraphy']
[V] Loaded extension modules: []
[I] Will generate inference input data according to provided TensorMetadata: {x [shape=(4, 1, 28, 28)]}
[I] TF32 is disabled by default. Turn on TF32 for better performance with minor accuracy differences.
[I] onnxrt-runner-N0-09/08/26-10:05:29  | Activating and starting inference
[I] Loading model: /work/trt-samples-for-hackathon-cn-wili/cookbook/00-Data/model/model-trained.onnx
[V] Loaded Module: onnx | Version: 1.21.0 | Path: ['/usr/local/lib/python3.12/dist-packages/onnx']
[V] Loaded Module: onnxruntime | Version: 1.24.4 | Path: ['/home/wili/.local/lib/python3.12/site-packages/onnxruntime']
[I] Creating ONNX-Runtime Inference Session with providers: ['CPUExecutionProvider']
[V] Loading inputs from data loader
[V] Generating data using numpy seed: 1
[V] Loaded Module: numpy | Version: 2.1.0 | Path: ['/usr/local/lib/python3.12/dist-packages/numpy']
[V] Input tensor: x | Generating input data in range: [0.0, 1.0]
[I] onnxrt-runner-N0-09/08/26-10:05:29
    ---- Inference Input(s) ----
    {x [dtype=float32, shape=(4, 1, 28, 28)]}
[V] onnxrt-runner-N0-09/08/26-10:05:29  | Input metadata is: {x [dtype=float32, shape=('nBS', 1, 28, 28)]}
[V] Loaded Module: torch | Version: 2.13.0a0+8145d630e8.nv26.06 | Path: ['/usr/local/lib/python3.12/dist-packages/torch']
[I] onnxrt-runner-N0-09/08/26-10:05:29
    ---- Inference Output(s) ----
    {max_pool2d [dtype=float32, shape=(4, 32, 14, 14)],
     max_pool2d_1 [dtype=float32, shape=(4, 64, 7, 7)]}
[I] onnxrt-runner-N0-09/08/26-10:05:29  | Completed 1 iteration(s) in 7.081 ms | Average inference time: 7.081 ms.
[I] trt-runner-N0-09/08/26-10:05:29     | Activating and starting inference
[V] Loaded Module: tensorrt | Version: 11.0.0.114 | Path: ['/usr/local/lib/python3.12/dist-packages/tensorrt']
[V] [MemUsageChange] Init CUDA: CPU +37, GPU +0, now: CPU 219, GPU 627 (MiB)
[V] ----------------------------------------------------------------
[V] Input filename:   /work/trt-samples-for-hackathon-cn-wili/cookbook/00-Data/model/model-trained.onnx
[V] ONNX IR version:  0.0.10
[V] Opset version:    18
[V] Producer name:    pytorch
[V] Producer version: 2.11.0a0+a6c236b9fd.nv26.03.46836102
[V] Domain:
[V] Model version:    0
[V] Doc string:
[V] ----------------------------------------------------------------
[W] ModelImporter.cpp:1047: Make sure output z has Int64 binding.
[V] Executing postprocessing step [ModifyNetworkOutputs]
[V] Setting TensorRT Optimization Profiles
[V] Input tensor: x (dtype=DataType.FLOAT, shape=(-1, 1, 28, 28)) | Setting input tensor shapes to: (min=[1, 1, 28, 28], opt=[4, 1, 28, 28], max=[16, 1, 28, 28])
[I] Configuring with profiles:[
        Profile 0:
            {x [min=[1, 1, 28, 28], opt=[4, 1, 28, 28], max=[16, 1, 28, 28]]}
    ]
[I] Building engine with configuration:
    Flags                  | [STRONGLY_TYPED]
    Engine Capability      | EngineCapability.STANDARD
    Memory Pools           | [WORKSPACE: 182619.62 MiB, TACTIC_DRAM: 182619.62 MiB, TACTIC_SHARED_MEMORY: 1024.00 MiB]
    Tactic Sources         | [EDGE_MASK_CONVOLUTIONS, JIT_CONVOLUTIONS]
    Profiling Verbosity    | ProfilingVerbosity.DETAILED
[V] [MemUsageChange] Init builder kernel library: CPU +297, GPU +8, now: CPU 751, GPU 635 (MiB)
[V] Global timing cache in use. Profiling results in this builder pass will be stored.
[V] Compiler backend is used during engine build.
[V] Detected 1 inputs and 2 output network tensors.
[V] Total Host Persistent Memory: 80 bytes
[V] Total Device Persistent Memory: 0 bytes
[V] Max Scratch Memory: 2007040 bytes
[V] [BlockAssignment] Started assigning block shifts. This will take 1 steps to complete.
[V] [BlockAssignment] Algorithm ShiftNTopDown took 0.019072ms to assign 1 blocks to 1 nodes requiring 2007040 bytes.
[V] Total Activation Memory: 2007040 bytes
[V] Total Weights Memory: 208640 bytes
[V] Compiler backend is used during engine execution.
[V] Engine generation completed in 3.52114 seconds.
[V] [MemUsageStats] Peak memory usage of TRT CPU/GPU memory allocators: CPU 0 MiB, GPU 2 MiB
[I] Finished engine building in 3.935 seconds
[V] Loaded engine size: 0 MiB
[V] [MemUsageChange] TensorRT-managed allocation in IExecutionContext creation: CPU +0, GPU +2, now: CPU 0, GPU 2 (MiB)
[V] Found candidate CUDA libraries: ['/usr/local/cuda/lib64/libcudart.so.13.3.29', '/usr/local/cuda/lib64/libcudart.so.13', '/usr/local/cuda/lib64/libcudart.so']
[I] trt-runner-N0-09/08/26-10:05:29
    ---- Inference Input(s) ----
    {x [dtype=float32, shape=(4, 1, 28, 28)]}
[V] trt-runner-N0-09/08/26-10:05:29     | Input metadata is: {x [dtype=float32, shape=(-1, 1, 28, 28)]}
[I] trt-runner-N0-09/08/26-10:05:29
    ---- Inference Output(s) ----
    {max_pool2d [dtype=float32, shape=(4, 32, 14, 14)],
     max_pool2d_1 [dtype=float32, shape=(4, 64, 7, 7)]}
[I] trt-runner-N0-09/08/26-10:05:29     | Completed 1 iteration(s) in 1.477 ms | Average inference time: 1.477 ms.
[V] Successfully ran: ['onnxrt-runner-N0-09/08/26-10:05:29', 'trt-runner-N0-09/08/26-10:05:29']
[I] Accuracy Comparison | onnxrt-runner-N0-09/08/26-10:05:29 vs. trt-runner-N0-09/08/26-10:05:29
[I]     Comparing Output: 'max_pool2d' (dtype=float32, shape=(4, 32, 14, 14)) with 'max_pool2d' (dtype=float32, shape=(4, 32, 14, 14))
[I]         Tolerance: [abs=0.001, rel=0.001] | Checking elemwise error
[W]         trt-runner-N0-09/08/26-10:05:29     | Output: max_pool2d: Some values are 0. Will add a small epsilon quantity to these when computing relative difference. Note that this may cause some relative differences to be extremely high.
[I]         onnxrt-runner-N0-09/08/26-10:05:29: max_pool2d | Stats: mean=0.18683, std-dev=0.19449, var=0.037826, median=0.14467, min=0 at (0, 1, 0, 13), max=1.0682 at (0, 4, 9, 10), avg-magnitude=0.18683, p90=0.45114, p95=0.56864, p99=0.79185
[V]             ---- Histogram ----
                Bin Range      |  Num Elems | Visualization
                (0    , 0.107) |      11048 | ########################################
                (0.107, 0.214) |       4304 | ###############
                (0.214, 0.32 ) |       4105 | ##############
                (0.32 , 0.427) |       2718 | #########
                (0.427, 0.534) |       1395 | #####
                (0.534, 0.641) |        683 | ##
                (0.641, 0.748) |        458 | #
                (0.748, 0.855) |        261 |
                (0.855, 0.961) |         99 |
                (0.961, 1.07 ) |         17 |
[I]         trt-runner-N0-09/08/26-10:05:29: max_pool2d | Stats: mean=0.18683, std-dev=0.19449, var=0.037826, median=0.14467, min=0 at (0, 1, 0, 13), max=1.0682 at (0, 4, 9, 10), avg-magnitude=0.18683, p90=0.45114, p95=0.56864, p99=0.79185
[V]             ---- Histogram ----
                Bin Range      |  Num Elems | Visualization
                (0    , 0.107) |      11048 | ########################################
                (0.107, 0.214) |       4304 | ###############
                (0.214, 0.32 ) |       4105 | ##############
                (0.32 , 0.427) |       2718 | #########
                (0.427, 0.534) |       1395 | #####
                (0.534, 0.641) |        683 | ##
                (0.641, 0.748) |        458 | #
                (0.748, 0.855) |        261 |
                (0.855, 0.961) |         99 |
                (0.961, 1.07 ) |         17 |
[I]         Error Metrics: max_pool2d
[I]             Minimum Required Tolerance: elemwise error | [abs=0] OR [rel=0] (requirements may be lower if both abs/rel tolerances are set)
[I]             Absolute Difference | Stats: mean=0, std-dev=0, var=0, median=0, min=0 at (0, 0, 0, 0), max=0 at (0, 0, 0, 0), avg-magnitude=0, p90=0, p95=0, p99=0
[V]                 ---- Histogram ----
                    Bin Range    |  Num Elems | Visualization
                    (-0.5, -0.4) |          0 |
                    (-0.4, -0.3) |          0 |
                    (-0.3, -0.2) |          0 |
                    (-0.2, -0.1) |          0 |
                    (-0.1, 0   ) |          0 |
                    (0   , 0.1 ) |      25088 | ########################################
                    (0.1 , 0.2 ) |          0 |
                    (0.2 , 0.3 ) |          0 |
                    (0.3 , 0.4 ) |          0 |
                    (0.4 , 0.5 ) |          0 |
[I]             Relative Difference | Stats: mean=0, std-dev=0, var=0, median=0, min=0 at (0, 0, 0, 0), max=0 at (0, 0, 0, 0), avg-magnitude=0, p90=0, p95=0, p99=0
[V]                 ---- Histogram ----
                    Bin Range    |  Num Elems | Visualization
                    (-0.5, -0.4) |          0 |
                    (-0.4, -0.3) |          0 |
                    (-0.3, -0.2) |          0 |
                    (-0.2, -0.1) |          0 |
                    (-0.1, 0   ) |          0 |
                    (0   , 0.1 ) |      25088 | ########################################
                    (0.1 , 0.2 ) |          0 |
                    (0.2 , 0.3 ) |          0 |
                    (0.3 , 0.4 ) |          0 |
                    (0.4 , 0.5 ) |          0 |
[I]         PASSED | Output: 'max_pool2d' | Difference is within tolerance (rel=0.001, abs=0.001)
[I]     Comparing Output: 'max_pool2d_1' (dtype=float32, shape=(4, 64, 7, 7)) with 'max_pool2d_1' (dtype=float32, shape=(4, 64, 7, 7))
[I]         Tolerance: [abs=0.001, rel=0.001] | Checking elemwise error
[W]         trt-runner-N0-09/08/26-10:05:29     | Output: max_pool2d_1: Some values are 0. Will add a small epsilon quantity to these when computing relative difference. Note that this may cause some relative differences to be extremely high.
[I]         onnxrt-runner-N0-09/08/26-10:05:29: max_pool2d_1 | Stats: mean=6.0176e-05, std-dev=0.0021033, var=4.4237e-06, median=0, min=0 at (0, 0, 0, 0), max=0.12263 at (2, 15, 6, 3), avg-magnitude=6.0176e-05, p90=0, p95=0, p99=0
[V]             ---- Histogram ----
                Bin Range        |  Num Elems | Visualization
                (0     , 0.0123) |      12532 | ########################################
                (0.0123, 0.0245) |          1 |
                (0.0245, 0.0368) |          2 |
                (0.0368, 0.0491) |          3 |
                (0.0491, 0.0613) |          2 |
                (0.0613, 0.0736) |          1 |
                (0.0736, 0.0858) |          0 |
                (0.0858, 0.0981) |          1 |
                (0.0981, 0.11  ) |          0 |
                (0.11  , 0.123 ) |          2 |
[I]         trt-runner-N0-09/08/26-10:05:29: max_pool2d_1 | Stats: mean=6.0176e-05, std-dev=0.0021033, var=4.4237e-06, median=0, min=0 at (0, 0, 0, 0), max=0.12263 at (2, 15, 6, 3), avg-magnitude=6.0176e-05, p90=0, p95=0, p99=0
[V]             ---- Histogram ----
                Bin Range        |  Num Elems | Visualization
                (0     , 0.0123) |      12532 | ########################################
                (0.0123, 0.0245) |          1 |
                (0.0245, 0.0368) |          2 |
                (0.0368, 0.0491) |          3 |
                (0.0491, 0.0613) |          2 |
                (0.0613, 0.0736) |          1 |
                (0.0736, 0.0858) |          0 |
                (0.0858, 0.0981) |          1 |
                (0.0981, 0.11  ) |          0 |
                (0.11  , 0.123 ) |          2 |
[I]         Error Metrics: max_pool2d_1
[I]             Minimum Required Tolerance: elemwise error | [abs=7.0781e-08] OR [rel=7.1984e-06] (requirements may be lower if both abs/rel tolerances are set)
[I]             Absolute Difference | Stats: mean=3.9275e-11, std-dev=1.3079e-09, var=1.7106e-18, median=0, min=0 at (0, 0, 0, 0), max=7.0781e-08 at (1, 15, 0, 0), avg-magnitude=3.9275e-11, p90=0, p95=0, p99=0
[V]                 ---- Histogram ----
                    Bin Range            |  Num Elems | Visualization
                    (0       , 7.08e-09) |      12528 | ########################################
                    (7.08e-09, 1.42e-08) |          2 |
                    (1.42e-08, 2.12e-08) |          4 |
                    (2.12e-08, 2.83e-08) |          5 |
                    (2.83e-08, 3.54e-08) |          0 |
                    (3.54e-08, 4.25e-08) |          2 |
                    (4.25e-08, 4.95e-08) |          0 |
                    (4.95e-08, 5.66e-08) |          0 |
                    (5.66e-08, 6.37e-08) |          0 |
                    (6.37e-08, 7.08e-08) |          3 |
[I]             Relative Difference | Stats: mean=2.1482e-09, std-dev=8.5549e-08, var=7.3185e-15, median=0, min=0 at (0, 0, 0, 0), max=7.1984e-06 at (0, 15, 6, 4), avg-magnitude=2.1482e-09, p90=0, p95=0, p99=0
[V]                 ---- Histogram ----
                    Bin Range            |  Num Elems | Visualization
                    (0       , 7.2e-07 ) |      12533 | ########################################
                    (7.2e-07 , 1.44e-06) |          6 |
                    (1.44e-06, 2.16e-06) |          1 |
                    (2.16e-06, 2.88e-06) |          2 |
                    (2.88e-06, 3.6e-06 ) |          0 |
                    (3.6e-06 , 4.32e-06) |          1 |
                    (4.32e-06, 5.04e-06) |          0 |
                    (5.04e-06, 5.76e-06) |          0 |
                    (5.76e-06, 6.48e-06) |          0 |
                    (6.48e-06, 7.2e-06 ) |          1 |
[I]         PASSED | Output: 'max_pool2d_1' | Difference is within tolerance (rel=0.001, abs=0.001)
[I]     PASSED | All outputs matched | Outputs: ['max_pool2d', 'max_pool2d_1']
[I] Average Metrics | max_pool2d: max_absdiff=0 (n=1), max_reldiff=0 (n=1), mean_absdiff=0 (n=1), mean_reldiff=0 (n=1), median_absdiff=0 (n=1), median_reldiff=0 (n=1)
    Average Metrics | max_pool2d_1: max_absdiff=7.0781e-08 (n=1), max_reldiff=7.1984e-06 (n=1), mean_absdiff=3.9275e-11 (n=1), mean_reldiff=2.1482e-09 (n=1), median_absdiff=0 (n=1), median_reldiff=0 (n=1)
    Accuracy Summary | onnxrt-runner-N0-09/08/26-10:05:29 vs. trt-runner-N0-09/08/26-10:05:29 | Passed: 1/1 iterations | Pass Rate: 100.0%
[I] PASSED | Runtime: 8.221s | Command: /usr/local/bin/polygraphy run /work/trt-samples-for-hackathon-cn-wili/cookbook/00-Data/model/model-trained.onnx --onnxrt --trt --onnx-outputs max_pool2d max_pool2d_1 --trt-outputs max_pool2d max_pool2d_1 --trt-min-shapes x:[1,1,28,28] --trt-opt-shapes x:[4,1,28,28] --trt-max-shapes x:[16,1,28,28] --input-shapes x:[4,1,28,28] --atol 1e-3 --rtol 1e-3 --verbose
