[TensorRT-Cookbook] Version: 1.0.0
[09/08/2026-09:12:58] [TRT] [W] Using default stream in enqueueV3() may lead to performance issues due to additional calls to cudaStreamSynchronize() by TensorRT to ensure correct synchronization. Please use non-default stream instead.
[09/08/2026-09:12:58] [TRT] [W] Using default stream in enqueueV3() may lead to performance issues due to additional calls to cudaStreamSynchronize() by TensorRT to ensure correct synchronization. Please use non-default stream instead.
============================== Start [case_normal,(),{}]
Input ->DataType.FLOAT, (4,), (4,), inputT0
Output->DataType.FLOAT, (4,), (4,), CustomOpModel-V-0-AddScalar-0
inputT0
[1. 1. 1. 1.]
CustomOpModel-V-0-AddScalar-0
[2. 2. 2. 2.]
============================== End   [case_normal]
============================== Start [case_normal,(),{}]
Input ->DataType.FLOAT, (4,), (4,), inputT0
Output->DataType.FLOAT, (4,), (4,), CustomOpModel-V-0-AddScalar-0
inputT0
[1. 1. 1. 1.]
CustomOpModel-V-0-AddScalar-0
[2. 2. 2. 2.]
============================== End   [case_normal]
Finish
