[TensorRT-Cookbook] Version: 2.0.0
============================== Start [case_latency_by_type,(),{}]
Saved /work/trt-samples-for-hackathon-cn-wili/cookbook/07-Tool/trex/01-ReportCardLatency/latency_by_type.png
============================== End   [case_latency_by_type]
============================== Start [case_latency_per_layer,(),{}]
Saved /work/trt-samples-for-hackathon-cn-wili/cookbook/07-Tool/trex/01-ReportCardLatency/latency_per_layer.png
============================== End   [case_latency_per_layer]
============================== Start [case_latency_distribution,(),{}]
Saved /work/trt-samples-for-hackathon-cn-wili/cookbook/07-Tool/trex/01-ReportCardLatency/latency_distribution.png
============================== End   [case_latency_distribution]
============================== Start [case_precision_rollup,(),{}]
Saved /work/trt-samples-for-hackathon-cn-wili/cookbook/07-Tool/trex/01-ReportCardLatency/precision_rollup.png
============================== End   [case_precision_rollup]
============================== Start [case_latency_by_type_precision,(),{}]
Saved /work/trt-samples-for-hackathon-cn-wili/cookbook/07-Tool/trex/01-ReportCardLatency/latency_by_type_precision.png
============================== End   [case_latency_by_type_precision]
============================== Start [case_engine_timings,(),{}]
Saved /work/trt-samples-for-hackathon-cn-wili/cookbook/07-Tool/trex/01-ReportCardLatency/engine_timings.png
============================== End   [case_engine_timings]
Finish
