[TensorRT-Cookbook] Version: 1.0.0
[09/08/2026-09:10:06] [TRT] [W] Using default stream in enqueueV3() may lead to performance issues due to additional calls to cudaStreamSynchronize() by TensorRT to ensure correct synchronization. Please use non-default stream instead.
============================== Start [case_simple,(),{}]
Input ->DataType.FLOAT, (6,), (6,), data
Input ->DataType.INT32, (6,), (6,), index
Input ->DataType.FLOAT, (6,), (6,), updates
Output->DataType.FLOAT, (6,), (6,), data_out
engine.get_aliased_input_tensor('data_out') = None
data
[0. 0. 0. 0. 0. 0.]
index
[1 2 3 0 2 3]
updates
[1. 3. 5. 7. 1. 3.]
data_out
[0. 0. 0. 0. 0. 0.]
[check]:True,maxAbsDiff=0.000e+00,meanAbsDiff=0.000e+00,maxRelDiff=0.000e+00,meanRelDiff=0.000e+00
[09/08/2026-09:10:07] [TRT] [W] Using default stream in enqueueV3() may lead to performance issues due to additional calls to cudaStreamSynchronize() by TensorRT to ensure correct synchronization. Please use non-default stream instead.
============================== End   [case_simple]
============================== Start [case_accumulate,(),{}]
Input ->DataType.FLOAT, (6,), (6,), data
Input ->DataType.INT32, (6,), (6,), index
Input ->DataType.FLOAT, (6,), (6,), updates
Output->DataType.FLOAT, (6,), (6,), data_out
engine.get_aliased_input_tensor('data_out') = None
data
[10. 20. 30. 40. 50. 60.]
index
[1 2 3 0 2 3]
updates
[1. 3. 5. 7. 1. 3.]
data_out
[0. 0. 0. 0. 0. 0.]
[check]:True,maxAbsDiff=0.000e+00,meanAbsDiff=0.000e+00,maxRelDiff=0.000e+00,meanRelDiff=0.000e+00
============================== End   [case_accumulate]
Finish
