[TensorRT-Cookbook] Version: 2.0.0
[09/09/2026-10:09:29] [TRT] [W] Using default stream in enqueueV3() may lead to performance issues due to additional calls to cudaStreamSynchronize() by TensorRT to ensure correct synchronization. Please use non-default stream instead.
============================== Start [case_simple,(),{}]

================ Public members of <tensorrt.tensorrt.ICastLayer object at 0x7d53b046c470> (instance)
 0 Callback members: []
 0 Callable methods: []
 1 Non-callable attributions: ['to_type']
Input ->DataType.FLOAT, (3, 4, 5), (3, 4, 5), tensor
Output->DataType.BOOL, (3, 4, 5), (3, 4, 5), (Unnamed Layer* 0) [Cast]_output
Output->DataType.FLOAT, (3, 4, 5), (3, 4, 5), (Unnamed Layer* 1) [Cast]_output
Output->DataType.HALF, (3, 4, 5), (3, 4, 5), (Unnamed Layer* 2) [Cast]_output
Output->DataType.INT8, (3, 4, 5), (3, 4, 5), (Unnamed Layer* 3) [Cast]_output
Output->DataType.INT32, (3, 4, 5), (3, 4, 5), (Unnamed Layer* 4) [Cast]_output
Output->DataType.UINT8, (3, 4, 5), (3, 4, 5), (Unnamed Layer* 5) [Cast]_output
Output->DataType.BF16, (3, 4, 5), (3, 4, 5), (Unnamed Layer* 6) [Cast]_output
Output->DataType.INT64, (3, 4, 5), (3, 4, 5), (Unnamed Layer* 7) [Cast]_output
tensor
[[[-300. -290. -280. -270. -260.]
  [-250. -240. -230. -220. -210.]
  [-200. -190. -180. -170. -160.]
  [-150. -140. -130. -120. -110.]]

 [[-100.  -90.  -80.  -70.  -60.]
  [ -50.  -40.  -30.  -20.  -10.]
  [   0.   10.   20.   30.   40.]
  [  50.   60.   70.   80.   90.]]

 [[ 100.  110.  120.  130.  140.]
  [ 150.  160.  170.  180.  190.]
  [ 200.  210.  220.  230.  240.]
  [ 250.  260.  270.  280.  290.]]]
(Unnamed Layer* 0) [Cast]_output
[[[ True  True  True  True  True]
  [ True  True  True  True  True]
  [ True  True  True  True  True]
  [ True  True  True  True  True]]

 [[ True  True  True  True  True]
  [ True  True  True  True  True]
  [False  True  True  True  True]
  [ True  True  True  True  True]]

 [[ True  True  True  True  True]
  [ True  True  True  True  True]
  [ True  True  True  True  True]
  [ True  True  True  True  True]]]
(Unnamed Layer* 1) [Cast]_output
[[[-300. -290. -280. -270. -260.]
  [-250. -240. -230. -220. -210.]
  [-200. -190. -180. -170. -160.]
  [-150. -140. -130. -120. -110.]]

 [[-100.  -90.  -80.  -70.  -60.]
  [ -50.  -40.  -30.  -20.  -10.]
  [   0.   10.   20.   30.   40.]
  [  50.   60.   70.   80.   90.]]

 [[ 100.  110.  120.  130.  140.]
  [ 150.  160.  170.  180.  190.]
  [ 200.  210.  220.  230.  240.]
  [ 250.  260.  270.  280.  290.]]]
(Unnamed Layer* 2) [Cast]_output
[[[-300. -290. -280. -270. -260.]
  [-250. -240. -230. -220. -210.]
  [-200. -190. -180. -170. -160.]
  [-150. -140. -130. -120. -110.]]

 [[-100.  -90.  -80.  -70.  -60.]
  [ -50.  -40.  -30.  -20.  -10.]
  [   0.   10.   20.   30.   40.]
  [  50.   60.   70.   80.   90.]]

 [[ 100.  110.  120.  130.  140.]
  [ 150.  160.  170.  180.  190.]
  [ 200.  210.  220.  230.  240.]
  [ 250.  260.  270.  280.  290.]]]
(Unnamed Layer* 3) [Cast]_output
[[[ -44  -34  -24  -14   -4]
  [   6   16   26   36   46]
  [  56   66   76   86   96]
  [ 106  116  126 -120 -110]]

 [[-100  -90  -80  -70  -60]
  [ -50  -40  -30  -20  -10]
  [   0   10   20   30   40]
  [  50   60   70   80   90]]

 [[ 100  110  120 -126 -116]
  [-106  -96  -86  -76  -66]
  [ -56  -46  -36  -26  -16]
  [  -6    4   14   24   34]]]
(Unnamed Layer* 4) [Cast]_output
[[[-300 -290 -280 -270 -260]
  [-250 -240 -230 -220 -210]
  [-200 -190 -180 -170 -160]
  [-150 -140 -130 -120 -110]]

 [[-100  -90  -80  -70  -60]
  [ -50  -40  -30  -20  -10]
  [   0   10   20   30   40]
  [  50   60   70   80   90]]

 [[ 100  110  120  130  140]
  [ 150  160  170  180  190]
  [ 200  210  220  230  240]
  [ 250  260  270  280  290]]]
(Unnamed Layer* 5) [Cast]_output
[[[  0   0   0   0   0]
  [  0   0   0   0   0]
  [  0   0   0   0   0]
  [  0   0   0   0   0]]

 [[  0   0   0   0   0]
  [  0   0   0   0   0]
  [  0  10  20  30  40]
  [ 50  60  70  80  90]]

 [[100 110 120 130 140]
  [150 160 170 180 190]
  [200 210 220 230 240]
  [250   4  14  24  34]]]
(Unnamed Layer* 6) [Cast]_output
[[[b'\x96\xC3' b'\x91\xC3' b'\x8C\xC3' b'\x87\xC3' b'\x82\xC3']
  [b'\x7A\xC3' b'\x70\xC3' b'\x66\xC3' b'\x5C\xC3' b'\x52\xC3']
  [b'\x48\xC3' b'\x3E\xC3' b'\x34\xC3' b'\x2A\xC3' b'\x20\xC3']
  [b'\x16\xC3' b'\x0C\xC3' b'\x02\xC3' b'\xF0\xC2' b'\xDC\xC2']]

 [[b'\xC8\xC2' b'\xB4\xC2' b'\xA0\xC2' b'\x8C\xC2' b'\x70\xC2']
  [b'\x48\xC2' b'\x20\xC2' b'\xF0\xC1' b'\xA0\xC1' b'\x20\xC1']
  [b'\x00\x00' b'\x20\x41' b'\xA0\x41' b'\xF0\x41' b'\x20\x42']
  [b'\x48\x42' b'\x70\x42' b'\x8C\x42' b'\xA0\x42' b'\xB4\x42']]

 [[b'\xC8\x42' b'\xDC\x42' b'\xF0\x42' b'\x02\x43' b'\x0C\x43']
  [b'\x16\x43' b'\x20\x43' b'\x2A\x43' b'\x34\x43' b'\x3E\x43']
  [b'\x48\x43' b'\x52\x43' b'\x5C\x43' b'\x66\x43' b'\x70\x43']
  [b'\x7A\x43' b'\x82\x43' b'\x87\x43' b'\x8C\x43' b'\x91\x43']]]
(Unnamed Layer* 7) [Cast]_output
[[[-300 -290 -280 -270 -260]
  [-250 -240 -230 -220 -210]
  [-200 -190 -180 -170 -160]
  [-150 -140 -130 -120 -110]]

 [[-100  -90  -80  -70  -60]
  [ -50  -40  -30  -20  -10]
  [   0   10   20   30   40]
  [  50   60   70   80   90]]

 [[ 100  110  120  130  140]
  [ 150  160  170  180  190]
  [ 200  210  220  230  240]
  [ 250  260  270  280  290]]]
============================== End   [case_simple]
Finish
