N=  2 done, max|flat - loop| = 1.431e-05
N=  4 done, max|flat - loop| = 1.192e-07
N=  8 done, max|flat - loop| = 1.816e-05
N= 16 done, max|flat - loop| = 1.192e-07
N= 32 done, max|flat - loop| = 5.960e-08
N= 64 done, max|flat - loop| = 1.127e-05
N=128 done, max|flat - loop| = 1.043e-07
N=256 done, max|flat - loop| = 1.764e-05

=====================================================================================================================================================
   N |  Node(F) Node(L) |  Layer(F) Layer(L) |  Parse(F)s Parse(L)s |  Build(F)s Build(L)s |   Eng(F)MB  Eng(L)MB |   Lat(F)ms  Lat(L)ms |    MaxDiff
-----------------------------------------------------------------------------------------------------------------------------------------------------
   2 |       13      12 |        25       34 |      0.006     0.004 |       5.32      3.63 |        1.1       1.1 |      0.019     0.039 |  1.431e-05
   4 |       25      12 |        49       34 |      0.004     0.005 |       5.23      3.57 |        2.1       2.1 |      0.031     0.068 |  1.192e-07
   8 |       49      12 |        97       34 |      0.004     0.007 |       6.22      3.53 |        4.1       4.1 |      0.060     0.126 |  1.816e-05
  16 |       97      12 |       193       34 |      0.007     0.007 |       8.28      3.52 |        8.1       8.1 |      0.119     0.242 |  1.192e-07
  32 |      193      12 |       385       34 |      0.119     0.121 |      14.50      3.57 |       16.2      16.2 |      0.237     0.495 |  5.960e-08
  64 |      385      12 |       769       34 |      0.234     0.228 |      20.83      3.60 |       32.4      32.2 |      0.472     0.985 |  1.127e-05
 128 |      769      12 |      1537       34 |      0.457     0.447 |      37.40      3.63 |       64.7      64.4 |      1.015     1.978 |  1.043e-07
 256 |     1537      12 |      3073       34 |      0.951     0.903 |      73.11      3.79 |      129.4     128.6 |      2.214     4.185 |  1.764e-05
=====================================================================================================================================================
(F) = flat / unrolled graph, (L) = single `Loop` node with stacked weights

Finish
