[09/08/2026-09:27:28] [TRT] [W] Functionality provided through tensorrt.plugin module is experimental.
[TensorRT-Cookbook] Version: 1.0.0
============================== Start [case_roundtrip,(),{}]
    file 48 KB, loaded in 0.012 s
      batch=1  : max |before save - after load| = 0.0e+00
      batch=4  : max |before save - after load| = 0.0e+00
      batch=8  : max |before save - after load| = 0.0e+00
      batch=32 : max |before save - after load| = 0.0e+00
    bit-identical and loaded in milliseconds, so the engine was deserialized, not rebuilt
============================== End   [case_roundtrip]
============================== Start [case_what_preserves_dynamism,(),{}]
    before saving      : batches ok ['1', '4', '8', '32']
      tensor, no spec, retrace=True : batches ok ['1(x)', '4', '8(x)', '32(x)']  <- the default call, and it is wrong
      tensor, dynamic_shapes=       : batches ok ['1', '4', '8', '32']
      tensor, retrace=False         : batches ok ['1', '4', '8', '32']
      Input(min/opt/max), inferred  : batches ok ['1', '4', '8', '32']
    `(x)` means the guard rejected it, e.g. `Guard failed: x.size()[0] == 4`
============================== End   [case_what_preserves_dynamism]
============================== Start [case_multiple_dynamic_dimension,(),{}]
      (4, 3, 128, 128)      : output (4, 16, 128, 128), max |before - after| = 0.0e+00
      (12, 3, 384, 384)     : output (12, 16, 384, 384), max |before - after| = 0.0e+00
      (1, 3, 64, 64)        : output (1, 16, 64, 64), max |before - after| = 0.0e+00
      (16, 3, 512, 512)     : output (16, 16, 512, 512), max |before - after| = 0.0e+00
============================== End   [case_multiple_dynamic_dimension]

Finish
