[TensorRT-Cookbook] Version: 2.0.0
[09/09/2026-10:12:22] [TRT] [W] Using default stream in enqueueV3() may lead to performance issues due to additional calls to cudaStreamSynchronize() by TensorRT to ensure correct synchronization. Please use non-default stream instead.
============================== Start [case_simple,(),{}]

================ Public members of <tensorrt.tensorrt.IGridSampleLayer object at 0x7a8038362eb0> (instance)
 0 Callback members: []
 0 Callable methods: []
 3 Non-callable attributions: ['align_corners', 'interpolation_mode', 'sample_mode']
Input ->DataType.FLOAT, (1, 3, 4, 5), (1, 3, 4, 5), tensor
Input ->DataType.FLOAT, (1, 6, 10, 2), (1, 6, 10, 2), tensor1
Output->DataType.FLOAT, (1, 3, 6, 10), (1, 3, 6, 10), (Unnamed Layer* 0) [GridSample]_output
tensor
[[[[  0.   1.   2.   3.   4.]
   [ 10.  11.  12.  13.  14.]
   [ 20.  21.  22.  23.  24.]
   [ 30.  31.  32.  33.  34.]]

  [[100. 101. 102. 103. 104.]
   [110. 111. 112. 113. 114.]
   [120. 121. 122. 123. 124.]
   [130. 131. 132. 133. 134.]]

  [[200. 201. 202. 203. 204.]
   [210. 211. 212. 213. 214.]
   [220. 221. 222. 223. 224.]
   [230. 231. 232. 233. 234.]]]]
tensor1
[[[[ 0.33333334  0.        ]
   [ 1.          0.        ]
   [-0.33333334  0.5       ]
   [ 1.          0.        ]
   [-0.33333334 -0.5       ]
   [-0.33333334  1.        ]
   [ 1.          0.        ]
   [ 0.33333334  0.5       ]
   [-0.33333334  0.        ]
   [-0.33333334  0.5       ]]

  [[ 0.33333334  0.5       ]
   [-1.         -1.        ]
   [-1.          0.5       ]
   [-1.          0.        ]
   [ 1.          0.5       ]
   [-0.33333334 -0.5       ]
   [ 0.33333334 -1.        ]
   [ 1.         -1.        ]
   [-1.          1.        ]
   [ 0.33333334 -1.        ]]

  [[ 1.         -0.5       ]
   [-1.          1.        ]
   [ 1.         -1.        ]
   [-0.33333334 -1.        ]
   [-1.          0.5       ]
   [ 0.33333334 -1.        ]
   [ 1.          0.        ]
   [ 0.33333334  0.        ]
   [-1.          0.5       ]
   [ 1.         -0.5       ]]

  [[-1.          1.        ]
   [-1.          0.5       ]
   [ 0.33333334  0.        ]
   [-0.33333334 -1.        ]
   [ 0.33333334  1.        ]
   [-1.          0.5       ]
   [-1.         -1.        ]
   [ 1.         -1.        ]
   [ 1.          0.        ]
   [-1.         -0.5       ]]

  [[ 1.          0.5       ]
   [ 0.33333334  0.        ]
   [ 1.         -1.        ]
   [ 1.         -0.5       ]
   [ 1.          1.        ]
   [ 1.         -0.5       ]
   [-0.33333334  1.        ]
   [ 1.          0.        ]
   [ 0.33333334  1.        ]
   [-0.33333334  0.        ]]

  [[-1.          0.5       ]
   [ 0.33333334 -0.5       ]
   [-0.33333334  1.        ]
   [-1.         -1.        ]
   [ 0.33333334 -1.        ]
   [-1.         -0.5       ]
   [-0.33333334  0.        ]
   [ 1.         -1.        ]
   [-0.33333334 -0.5       ]
   [-1.         -0.5       ]]]]
(Unnamed Layer* 0) [GridSample]_output
[[[[ 17.833334     9.5         26.166666     9.5          6.1666665
     15.583333     9.5         27.833332    16.166666    26.166666  ]
   [ 27.833332     0.          12.5          7.5         14.5
      6.1666665    1.4166667    1.           7.5          1.4166667 ]
   [  4.5          7.5          1.           0.58333325  12.5
      1.4166667    9.5         17.833334    12.5          4.5       ]
   [  7.5         12.5         17.833334     0.58333325  16.416668
     12.5          0.           1.           9.5          2.5       ]
   [ 14.5         17.833334     1.           4.5          8.5
      4.5         15.583333     9.5         16.416668    16.166666  ]
   [ 12.5          7.8333335   15.583333     0.           1.4166667
      2.5         16.166666     1.           6.1666665    2.5       ]]

  [[117.833336    59.5        126.16667     59.5        106.16667
     65.583336    59.5        127.833336   116.166664   126.16667   ]
   [127.833336    25.          62.5         57.5         64.5
    106.16667     51.416668    26.          32.5         51.416668  ]
   [ 54.5         32.5         26.          50.583332    62.5
     51.416668    59.5        117.833336    62.5         54.5       ]
   [ 32.5         62.5        117.833336    50.583332    66.416664
     62.5         25.          26.          59.5         52.5       ]
   [ 64.5        117.833336    26.          54.5         33.5
     54.5         65.583336    59.5         66.416664   116.166664  ]
   [ 62.5        107.833336    65.583336    25.          51.416668
     52.5        116.166664    26.         106.16667     52.5       ]]

  [[217.83333    109.5        226.16667    109.5        206.16667
    115.583336   109.5        227.83334    216.16667    226.16667   ]
   [227.83334     50.         112.5        107.5        114.5
    206.16667    101.416664    51.          57.5        101.416664  ]
   [104.5         57.5         51.         100.583336   112.5
    101.416664   109.5        217.83333    112.5        104.5       ]
   [ 57.5        112.5        217.83333    100.583336   116.416664
    112.5         50.          51.         109.5        102.5       ]
   [114.5        217.83333     51.         104.5         58.5
    104.5        115.583336   109.5        116.416664   216.16667   ]
   [112.5        207.83334    115.583336    50.         101.416664
    102.5        216.16667     51.         206.16667    102.5       ]]]]
============================== End   [case_simple]
Members of tensorrt.tensorrt.InterpolationMode:
 0 -> NEAREST
 1 -> LINEAR
 2 -> CUBIC
Members of tensorrt.tensorrt.SampleMode:
 0 -> STRICT_BOUNDS
 1 -> WRAP
 2 -> CLAMP
 3 -> FILL
 4 -> REFLECT
Finish
