[TensorRT-Cookbook] Version: 1.0.0
[1;31m2026-09-08 09:53:30.505464620 [E:onnxruntime:Default, env.cc:227 ThreadMain] pthread_setaffinity_np failed for thread: 165030, index: 0, mask: {1, 113, }, error code: 22 error msg: Invalid argument. Specify the number of threads explicitly so the affinity is not set.[m
[1;31m2026-09-08 09:53:30.505491385 [E:onnxruntime:Default, env.cc:227 ThreadMain] pthread_setaffinity_np failed for thread: 165031, index: 1, mask: {2, 114, }, error code: 22 error msg: Invalid argument. Specify the number of threads explicitly so the affinity is not set.[m
[1;31m2026-09-08 09:53:30.505643274 [E:onnxruntime:Default, env.cc:227 ThreadMain] pthread_setaffinity_np failed for thread: 165033, index: 3, mask: {4, 116, }, error code: 22 error msg: Invalid argument. Specify the number of threads explicitly so the affinity is not set.[m
[1;31m2026-09-08 09:53:30.505646347 [E:onnxruntime:Default, env.cc:227 ThreadMain] pthread_setaffinity_np failed for thread: 165032, index: 2, mask: {3, 115, }, error code: 22 error msg: Invalid argument. Specify the number of threads explicitly so the affinity is not set.[m
[1;31m2026-09-08 09:53:30.505667594 [E:onnxruntime:Default, env.cc:227 ThreadMain] pthread_setaffinity_np failed for thread: 165035, index: 5, mask: {6, 118, }, error code: 22 error msg: Invalid argument. Specify the number of threads explicitly so the affinity is not set.[m
[1;31m2026-09-08 09:53:30.505646431 [E:onnxruntime:Default, env.cc:227 ThreadMain] pthread_setaffinity_np failed for thread: 165034, index: 4, mask: {5, 117, }, error code: 22 error msg: Invalid argument. Specify the number of threads explicitly so the affinity is not set.[m
[1;31m2026-09-08 09:53:30.505717765 [E:onnxruntime:Default, env.cc:227 ThreadMain] pthread_setaffinity_np failed for thread: 165038, index: 8, mask: {9, 121, }, error code: 22 error msg: Invalid argument. Specify the number of threads explicitly so the affinity is not set.[m
[1;31m2026-09-08 09:53:30.505998964 [E:onnxruntime:Default, env.cc:227 ThreadMain] pthread_setaffinity_np failed for thread: 165042, index: 12, mask: {13, 125, }, error code: 22 error msg: Invalid argument. Specify the number of threads explicitly so the affinity is not set.[m
[1;31m2026-09-08 09:53:30.506352171 [E:onnxruntime:Default, env.cc:227 ThreadMain] pthread_setaffinity_np failed for thread: 165037, index: 7, mask: {8, 120, }, error code: 22 error msg: Invalid argument. Specify the number of threads explicitly so the affinity is not set.[m
[1;31m2026-09-08 09:53:30.506371309 [E:onnxruntime:Default, env.cc:227 ThreadMain] pthread_setaffinity_np failed for thread: 165041, index: 11, mask: {12, 124, }, error code: 22 error msg: Invalid argument. Specify the number of threads explicitly so the affinity is not set.[m
[1;31m2026-09-08 09:53:30.506484033 [E:onnxruntime:Default, env.cc:227 ThreadMain] pthread_setaffinity_np failed for thread: 165039, index: 9, mask: {10, 122, }, error code: 22 error msg: Invalid argument. Specify the number of threads explicitly so the affinity is not set.[m
[1;31m2026-09-08 09:53:30.506499305 [E:onnxruntime:Default, env.cc:227 ThreadMain] pthread_setaffinity_np failed for thread: 165040, index: 10, mask: {11, 123, }, error code: 22 error msg: Invalid argument. Specify the number of threads explicitly so the affinity is not set.[m
[1;31m2026-09-08 09:53:30.506508326 [E:onnxruntime:Default, env.cc:227 ThreadMain] pthread_setaffinity_np failed for thread: 165036, index: 6, mask: {7, 119, }, error code: 22 error msg: Invalid argument. Specify the number of threads explicitly so the affinity is not set.[m
[1;31m2026-09-08 09:53:30.507706664 [E:onnxruntime:Default, env.cc:227 ThreadMain] pthread_setaffinity_np failed for thread: 165071, index: 41, mask: {42, 154, }, error code: 22 error msg: Invalid argument. Specify the number of threads explicitly so the affinity is not set.[m
[1;31m2026-09-08 09:53:30.508430560 [E:onnxruntime:Default, env.cc:227 ThreadMain] pthread_setaffinity_np failed for thread: 165072, index: 42, mask: {43, 155, }, error code: 22 error msg: Invalid argument. Specify the number of threads explicitly so the affinity is not set.[m
[1;31m2026-09-08 09:53:30.508511491 [E:onnxruntime:Default, env.cc:227 ThreadMain] pthread_setaffinity_np failed for thread: 165075, index: 45, mask: {46, 158, }, error code: 22 error msg: Invalid argument. Specify the number of threads explicitly so the affinity is not set.[m
[1;31m2026-09-08 09:53:30.508537558 [E:onnxruntime:Default, env.cc:227 ThreadMain] pthread_setaffinity_np failed for thread: 165074, index: 44, mask: {45, 157, }, error code: 22 error msg: Invalid argument. Specify the number of threads explicitly so the affinity is not set.[m
[1;31m2026-09-08 09:53:30.508595092 [E:onnxruntime:Default, env.cc:227 ThreadMain] pthread_setaffinity_np failed for thread: 165077, index: 47, mask: {48, 160, }, error code: 22 error msg: Invalid argument. Specify the number of threads explicitly so the affinity is not set.[m
[1;31m2026-09-08 09:53:30.508597997 [E:onnxruntime:Default, env.cc:227 ThreadMain] pthread_setaffinity_np failed for thread: 165076, index: 46, mask: {47, 159, }, error code: 22 error msg: Invalid argument. Specify the number of threads explicitly so the affinity is not set.[m
[1;31m2026-09-08 09:53:30.508598254 [E:onnxruntime:Default, env.cc:227 ThreadMain] pthread_setaffinity_np failed for thread: 165073, index: 43, mask: {44, 156, }, error code: 22 error msg: Invalid argument. Specify the number of threads explicitly so the affinity is not set.[m
[1;31m2026-09-08 09:53:30.508640442 [E:onnxruntime:Default, env.cc:227 ThreadMain] pthread_setaffinity_np failed for thread: 165078, index: 48, mask: {49, 161, }, error code: 22 error msg: Invalid argument. Specify the number of threads explicitly so the affinity is not set.[m
[1;31m2026-09-08 09:53:30.508797041 [E:onnxruntime:Default, env.cc:227 ThreadMain] pthread_setaffinity_np failed for thread: 165079, index: 49, mask: {50, 162, }, error code: 22 error msg: Invalid argument. Specify the number of threads explicitly so the affinity is not set.[m
[1;31m2026-09-08 09:53:30.508941261 [E:onnxruntime:Default, env.cc:227 ThreadMain] pthread_setaffinity_np failed for thread: 165081, index: 51, mask: {52, 164, }, error code: 22 error msg: Invalid argument. Specify the number of threads explicitly so the affinity is not set.[m
[1;31m2026-09-08 09:53:30.508948017 [E:onnxruntime:Default, env.cc:227 ThreadMain] pthread_setaffinity_np failed for thread: 165080, index: 50, mask: {51, 163, }, error code: 22 error msg: Invalid argument. Specify the number of threads explicitly so the affinity is not set.[m
[1;31m2026-09-08 09:53:30.508985001 [E:onnxruntime:Default, env.cc:227 ThreadMain] pthread_setaffinity_np failed for thread: 165083, index: 53, mask: {54, 166, }, error code: 22 error msg: Invalid argument. Specify the number of threads explicitly so the affinity is not set.[m
[1;31m2026-09-08 09:53:30.509378403 [E:onnxruntime:Default, env.cc:227 ThreadMain] pthread_setaffinity_np failed for thread: 165082, index: 52, mask: {53, 165, }, error code: 22 error msg: Invalid argument. Specify the number of threads explicitly so the affinity is not set.[m
[1;31m2026-09-08 09:53:30.509501995 [E:onnxruntime:Default, env.cc:227 ThreadMain] pthread_setaffinity_np failed for thread: 165084, index: 54, mask: {55, 167, }, error code: 22 error msg: Invalid argument. Specify the number of threads explicitly so the affinity is not set.[m
[1;31m2026-09-08 09:53:30.510617219 [E:onnxruntime:Default, env.cc:227 ThreadMain] pthread_setaffinity_np failed for thread: 165113, index: 83, mask: {84, 196, }, error code: 22 error msg: Invalid argument. Specify the number of threads explicitly so the affinity is not set.[m
[1;31m2026-09-08 09:53:30.510709926 [E:onnxruntime:Default, env.cc:227 ThreadMain] pthread_setaffinity_np failed for thread: 165114, index: 84, mask: {85, 197, }, error code: 22 error msg: Invalid argument. Specify the number of threads explicitly so the affinity is not set.[m
[1;31m2026-09-08 09:53:30.510751386 [E:onnxruntime:Default, env.cc:227 ThreadMain] pthread_setaffinity_np failed for thread: 165115, index: 85, mask: {86, 198, }, error code: 22 error msg: Invalid argument. Specify the number of threads explicitly so the affinity is not set.[m
[1;31m2026-09-08 09:53:30.511076511 [E:onnxruntime:Default, env.cc:227 ThreadMain] pthread_setaffinity_np failed for thread: 165116, index: 86, mask: {87, 199, }, error code: 22 error msg: Invalid argument. Specify the number of threads explicitly so the affinity is not set.[m
[1;31m2026-09-08 09:53:30.511165018 [E:onnxruntime:Default, env.cc:227 ThreadMain] pthread_setaffinity_np failed for thread: 165117, index: 87, mask: {88, 200, }, error code: 22 error msg: Invalid argument. Specify the number of threads explicitly so the affinity is not set.[m
[1;31m2026-09-08 09:53:30.511243100 [E:onnxruntime:Default, env.cc:227 ThreadMain] pthread_setaffinity_np failed for thread: 165118, index: 88, mask: {89, 201, }, error code: 22 error msg: Invalid argument. Specify the number of threads explicitly so the affinity is not set.[m
[1;31m2026-09-08 09:53:30.511336675 [E:onnxruntime:Default, env.cc:227 ThreadMain] pthread_setaffinity_np failed for thread: 165120, index: 90, mask: {91, 203, }, error code: 22 error msg: Invalid argument. Specify the number of threads explicitly so the affinity is not set.[m
[1;31m2026-09-08 09:53:30.511474857 [E:onnxruntime:Default, env.cc:227 ThreadMain] pthread_setaffinity_np failed for thread: 165119, index: 89, mask: {90, 202, }, error code: 22 error msg: Invalid argument. Specify the number of threads explicitly so the affinity is not set.[m
[1;31m2026-09-08 09:53:30.511562998 [E:onnxruntime:Default, env.cc:227 ThreadMain] pthread_setaffinity_np failed for thread: 165121, index: 91, mask: {92, 204, }, error code: 22 error msg: Invalid argument. Specify the number of threads explicitly so the affinity is not set.[m
[1;31m2026-09-08 09:53:30.511614111 [E:onnxruntime:Default, env.cc:227 ThreadMain] pthread_setaffinity_np failed for thread: 165122, index: 92, mask: {93, 205, }, error code: 22 error msg: Invalid argument. Specify the number of threads explicitly so the affinity is not set.[m
[1;31m2026-09-08 09:53:30.511651535 [E:onnxruntime:Default, env.cc:227 ThreadMain] pthread_setaffinity_np failed for thread: 165123, index: 93, mask: {94, 206, }, error code: 22 error msg: Invalid argument. Specify the number of threads explicitly so the affinity is not set.[m
[1;31m2026-09-08 09:53:30.511723749 [E:onnxruntime:Default, env.cc:227 ThreadMain] pthread_setaffinity_np failed for thread: 165124, index: 94, mask: {95, 207, }, error code: 22 error msg: Invalid argument. Specify the number of threads explicitly so the affinity is not set.[m
[1;31m2026-09-08 09:53:30.511766527 [E:onnxruntime:Default, env.cc:227 ThreadMain] pthread_setaffinity_np failed for thread: 165125, index: 95, mask: {96, 208, }, error code: 22 error msg: Invalid argument. Specify the number of threads explicitly so the affinity is not set.[m
[1;31m2026-09-08 09:53:30.511824269 [E:onnxruntime:Default, env.cc:227 ThreadMain] pthread_setaffinity_np failed for thread: 165126, index: 96, mask: {97, 209, }, error code: 22 error msg: Invalid argument. Specify the number of threads explicitly so the affinity is not set.[m
[1;31m2026-09-08 09:53:30.511883545 [E:onnxruntime:Default, env.cc:227 ThreadMain] pthread_setaffinity_np failed for thread: 165127, index: 97, mask: {98, 210, }, error code: 22 error msg: Invalid argument. Specify the number of threads explicitly so the affinity is not set.[m
[1;31m2026-09-08 09:53:30.511940545 [E:onnxruntime:Default, env.cc:227 ThreadMain] pthread_setaffinity_np failed for thread: 165128, index: 98, mask: {99, 211, }, error code: 22 error msg: Invalid argument. Specify the number of threads explicitly so the affinity is not set.[m
[1;31m2026-09-08 09:53:30.511992677 [E:onnxruntime:Default, env.cc:227 ThreadMain] pthread_setaffinity_np failed for thread: 165129, index: 99, mask: {100, 212, }, error code: 22 error msg: Invalid argument. Specify the number of threads explicitly so the affinity is not set.[m
[1;31m2026-09-08 09:53:30.512066727 [E:onnxruntime:Default, env.cc:227 ThreadMain] pthread_setaffinity_np failed for thread: 165130, index: 100, mask: {101, 213, }, error code: 22 error msg: Invalid argument. Specify the number of threads explicitly so the affinity is not set.[m
[1;31m2026-09-08 09:53:30.512084922 [E:onnxruntime:Default, env.cc:227 ThreadMain] pthread_setaffinity_np failed for thread: 165131, index: 101, mask: {102, 214, }, error code: 22 error msg: Invalid argument. Specify the number of threads explicitly so the affinity is not set.[m
[1;31m2026-09-08 09:53:30.512205252 [E:onnxruntime:Default, env.cc:227 ThreadMain] pthread_setaffinity_np failed for thread: 165132, index: 102, mask: {103, 215, }, error code: 22 error msg: Invalid argument. Specify the number of threads explicitly so the affinity is not set.[m
[1;31m2026-09-08 09:53:30.512221381 [E:onnxruntime:Default, env.cc:227 ThreadMain] pthread_setaffinity_np failed for thread: 165133, index: 103, mask: {104, 216, }, error code: 22 error msg: Invalid argument. Specify the number of threads explicitly so the affinity is not set.[m
[1;31m2026-09-08 09:53:30.512268621 [E:onnxruntime:Default, env.cc:227 ThreadMain] pthread_setaffinity_np failed for thread: 165134, index: 104, mask: {105, 217, }, error code: 22 error msg: Invalid argument. Specify the number of threads explicitly so the affinity is not set.[m
[1;31m2026-09-08 09:53:30.512324071 [E:onnxruntime:Default, env.cc:227 ThreadMain] pthread_setaffinity_np failed for thread: 165135, index: 105, mask: {106, 218, }, error code: 22 error msg: Invalid argument. Specify the number of threads explicitly so the affinity is not set.[m
[1;31m2026-09-08 09:53:30.512397259 [E:onnxruntime:Default, env.cc:227 ThreadMain] pthread_setaffinity_np failed for thread: 165136, index: 106, mask: {107, 219, }, error code: 22 error msg: Invalid argument. Specify the number of threads explicitly so the affinity is not set.[m
[1;31m2026-09-08 09:53:30.512411959 [E:onnxruntime:Default, env.cc:227 ThreadMain] pthread_setaffinity_np failed for thread: 165137, index: 107, mask: {108, 220, }, error code: 22 error msg: Invalid argument. Specify the number of threads explicitly so the affinity is not set.[m
[1;31m2026-09-08 09:53:30.512549939 [E:onnxruntime:Default, env.cc:227 ThreadMain] pthread_setaffinity_np failed for thread: 165139, index: 109, mask: {110, 222, }, error code: 22 error msg: Invalid argument. Specify the number of threads explicitly so the affinity is not set.[m
[1;31m2026-09-08 09:53:30.512566225 [E:onnxruntime:Default, env.cc:227 ThreadMain] pthread_setaffinity_np failed for thread: 165138, index: 108, mask: {109, 221, }, error code: 22 error msg: Invalid argument. Specify the number of threads explicitly so the affinity is not set.[m
[1;31m2026-09-08 09:53:30.512612245 [E:onnxruntime:Default, env.cc:227 ThreadMain] pthread_setaffinity_np failed for thread: 165140, index: 110, mask: {111, 223, }, error code: 22 error msg: Invalid argument. Specify the number of threads explicitly so the affinity is not set.[m
[0;93m2026-09-08 09:53:30.512779362 [W:onnxruntime:, graph.cc:122 MergeShapeInfo] Error merging shape info for output. 'RedundantModel-V-6-Concat-0' source:{3} target:{4}. Falling back to lenient merge.[m
Input inputT0: [7, 2, 3, 4] -> [7, 2, 3, 4]
[I] Folding Constants | Pass 1
[I]     Total Nodes | Original:     8, After Folding:     2 |     6 Nodes Folded
[I] Folding Constants | Pass 2
[I]     Total Nodes | Original:     2, After Folding:     2 |     0 Nodes Folded
Succeed saving model-redundant-gs.onnx: 8 -> 2 Nodes, 5 tensors
