[TensorRT-Cookbook] Version: 1.0.0
[09/08/2026-09:30:08] [TRT] [W] ModelImporter.cpp:1047: Make sure output z has Int64 binding.
[09/08/2026-09:30:16] [TRT] [W] Using default stream in enqueueV3() may lead to performance issues due to additional calls to cudaStreamSynchronize() by TensorRT to ensure correct synchronization. Please use non-default stream instead.
============================== Start [case_simple,(),{}]
Input ->DataType.FLOAT, (-1, 1, 28, 28), (1, 1, 28, 28), x
Output->DataType.FLOAT, (-1, 10), (1, 10), y
Output->DataType.INT64, (-1,), (1,), z
Information of context input / output.
Using Optimization Profile: 0
=======================================================
  Name  |I/O|Location|  BuildShape   | ContextShape |
-------------------------------------------------------
x       | I |  GPU   |(-1, 1, 28, 28)|(1, 1, 28, 28)|
y       | O |  GPU   |   (-1, 10)    |   (1, 10)    |
z       | O |  GPU   |     (-1,)     |     (1,)     |
=======================================================
============================== End   [case_simple]
============================== Start [case_dds_and_shape_input,(),{}]
Input ->DataType.FLOAT, (-1, -1, -1), (3, 4, 5), tensor
Input ->DataType.INT32, (), (), tensor1
Output->DataType.FLOAT, (-1, -1, -1), (3, 2, 5), (Unnamed Layer* 0) [TopK]_output
Output->DataType.INT32, (-1, -1, -1), (3, 2, 5), (Unnamed Layer* 0) [TopK]_output (1)
Information of context input / output.
Using Optimization Profile: 0
===========================================================================
                Name                |I/O|Location| BuildShape |ContextShape|
---------------------------------------------------------------------------
tensor                              | I |  GPU   |(-1, -1, -1)|(3, 4, 5)|
tensor1                             | I |  CPU   |     ()     |   [2]   |
(Unnamed Layer* 0) [TopK]_output    | O |  GPU   |(-1, -1, -1)|(3, 2, 5)|
(Unnamed Layer* 0) [TopK]_output (1)| O |  GPU   |(-1, -1, -1)|(3, 2, 5)|
===========================================================================
tensor
[[[12. 36. 34. 15. 28.]
  [19. 41. 32. 44.  5.]
  [26. 13. 54. 58. 31.]
  [56. 35. 14. 45. 46.]]

 [[57.  6. 23. 33. 38.]
  [48. 59.  0. 22. 30.]
  [39. 40. 24.  4.  8.]
  [53. 16. 18. 20.  9.]]

 [[25.  2. 37.  3. 51.]
  [10. 29.  7. 27. 42.]
  [11.  1. 55. 43. 52.]
  [21. 17. 49. 50. 47.]]]
tensor1
[2]
(Unnamed Layer* 0) [TopK]_output
[[[56. 41. 54. 58. 46.]
  [26. 36. 34. 45. 31.]]

 [[57. 59. 24. 33. 38.]
  [53. 40. 23. 22. 30.]]

 [[25. 29. 55. 50. 52.]
  [21. 17. 49. 43. 51.]]]
(Unnamed Layer* 0) [TopK]_output (1)
[[[3 1 2 2 3]
  [2 0 0 3 2]]

 [[0 1 2 0 0]
  [3 2 0 1 1]]

 [[0 1 2 3 2]
  [3 3 3 2 0]]]
============================== End   [case_dds_and_shape_input]
Finish
