[TensorRT-Cookbook] Version: 1.0.0
[09/08/2026-08:56:33] [TRT] [W] Using default stream in enqueueV3() may lead to performance issues due to additional calls to cudaStreamSynchronize() by TensorRT to ensure correct synchronization. Please use non-default stream instead.
[09/08/2026-08:56:33] [TRT] [W] WARNING The logger passed into createInferBuilder differs from one already registered for an existing builder, runtime, or refitter. So the current new logger is ignored, and TensorRT will use the existing one which is returned by nvinfer1::getLogger() instead.
[09/08/2026-08:56:33] [TRT] [W] WARNING The logger passed into createInferRuntime differs from one already registered for an existing builder, runtime, or refitter. So the current new logger is ignored, and TensorRT will use the existing one which is returned by nvinfer1::getLogger() instead.
[09/08/2026-08:56:33] [TRT] [W] Using default stream in enqueueV3() may lead to performance issues due to additional calls to cudaStreamSynchronize() by TensorRT to ensure correct synchronization. Please use non-default stream instead.
tw.network.is_debug_tensor(tensor1) = True
Input ->DataType.FLOAT, (3, 4, 5), (3, 4, 5), inputT0
Output->DataType.FLOAT, (3, 4, 5), (3, 4, 5), (Unnamed Layer* 1) [ElementWise]_output
tw.engine.is_debug_tensor('a_cute_tensor') = True
tw.context.get_debug_state('a_cute_tensor') = True
a_cute_tensor:(3, 4, 5),SumAbs=3.54000e+03,Var=1199.66663,Max=118.00000,Min=0.00000,SAD=118.00000
                 [0. 2. 4. 6. 8.] [110. 112. 114. 116. 118.]
#### Check debug tensor a_cute_tensor: False ####
inputT0
[[[ 0.  1.  2.  3.  4.]
  [ 5.  6.  7.  8.  9.]
  [10. 11. 12. 13. 14.]
  [15. 16. 17. 18. 19.]]

 [[20. 21. 22. 23. 24.]
  [25. 26. 27. 28. 29.]
  [30. 31. 32. 33. 34.]
  [35. 36. 37. 38. 39.]]

 [[40. 41. 42. 43. 44.]
  [45. 46. 47. 48. 49.]
  [50. 51. 52. 53. 54.]
  [55. 56. 57. 58. 59.]]]
(Unnamed Layer* 1) [ElementWise]_output
[[[  0.   4.   8.  12.  16.]
  [ 20.  24.  28.  32.  36.]
  [ 40.  44.  48.  52.  56.]
  [ 60.  64.  68.  72.  76.]]

 [[ 80.  84.  88.  92.  96.]
  [100. 104. 108. 112. 116.]
  [120. 124. 128. 132. 136.]
  [140. 144. 148. 152. 156.]]

 [[160. 164. 168. 172. 176.]
  [180. 184. 188. 192. 196.]
  [200. 204. 208. 212. 216.]
  [220. 224. 228. 232. 236.]]]
tw2.network.mark_unfused_tensors_as_debug_tensors() = True
Input ->DataType.FLOAT, (3, 4, 5), (3, 4, 5), inputT0
Output->DataType.FLOAT, (3, 4, 5), (3, 4, 5), (Unnamed Layer* 1) [ElementWise]_output
tw2.context.unfused_tensors_debug_state = True
inputT0:(3, 4, 5),SumAbs=1.77000e+03,Var=299.91666,Max=59.00000,Min=0.00000,SAD=59.00000
           [0. 1. 2. 3. 4.] [55. 56. 57. 58. 59.]
(Unnamed Layer* 1) [ElementWise]_output:(3, 4, 5),SumAbs=7.08000e+03,Var=4798.66650,Max=236.00000,Min=0.00000,SAD=236.00000
                                           [ 0.  4.  8. 12. 16.] [220. 224. 228. 232. 236.]
inputT0
[[[ 0.  1.  2.  3.  4.]
  [ 5.  6.  7.  8.  9.]
  [10. 11. 12. 13. 14.]
  [15. 16. 17. 18. 19.]]

 [[20. 21. 22. 23. 24.]
  [25. 26. 27. 28. 29.]
  [30. 31. 32. 33. 34.]
  [35. 36. 37. 38. 39.]]

 [[40. 41. 42. 43. 44.]
  [45. 46. 47. 48. 49.]
  [50. 51. 52. 53. 54.]
  [55. 56. 57. 58. 59.]]]
(Unnamed Layer* 1) [ElementWise]_output
[[[  0.   4.   8.  12.  16.]
  [ 20.  24.  28.  32.  36.]
  [ 40.  44.  48.  52.  56.]
  [ 60.  64.  68.  72.  76.]]

 [[ 80.  84.  88.  92.  96.]
  [100. 104. 108. 112. 116.]
  [120. 124. 128. 132. 136.]
  [140. 144. 148. 152. 156.]]

 [[160. 164. 168. 172. 176.]
  [180. 184. 188. 192. 196.]
  [200. 204. 208. 212. 216.]
  [220. 224. 228. 232. 236.]]]
