[TensorRT-Cookbook] Version: 2.0.0

================ Public members of <tensorrt.tensorrt.IBuilderConfig object at 0x7557900c5cb0> (instance)
 1 Callback members: ['progress_monitor']
19 Callable methods: ['add_optimization_profile', 'can_run_on_DLA', 'clear_flag', 'create_timing_cache', 'get_device_type', 'get_flag', 'get_memory_pool_limit', 'get_preview_feature', 'get_tactic_sources', 'get_timing_cache', 'is_device_type_set', 'reset', 'reset_device_type', 'set_device_type', 'set_flag', 'set_memory_pool_limit', 'set_preview_feature', 'set_tactic_sources', 'set_timing_cache']
17 Non-callable attributions: ['DLA_core', 'avg_timing_iterations', 'builder_optimization_level', 'default_device_type', 'engine_capability', 'flags', 'hardware_compatibility_level', 'l2_limit_for_tiling', 'max_aux_streams', 'max_num_tactics', 'num_optimization_profiles', 'plugins_to_serialize', 'profile_stream', 'profiling_verbosity', 'remote_auto_tuning_config', 'runtime_platform', 'tiling_optimization_level']

================================================================ Usage show
builder_config.progress_monitor = None

---------------------------------------------------------------- Device related
Members of tensorrt.tensorrt.EngineCapability:
 0 -> STANDARD
 1 -> SAFETY
 2 -> DLA_STANDALONE
builder_config.engine_capability = <EngineCapability.STANDARD: 0>
builder_config.runtime_platform = <RuntimePlatform.SAME_AS_BUILD: 0>
builder_config.tiling_optimization_level = <TilingOptimizationLevel.NONE: 0>
builder_config.l2_limit_for_tiling = 0
builder_config.default_device_type = <DeviceType.GPU: 0>
builder_config.DLA_core = -1
builder_config.can_run_on_DLA(layer) = False
builder_config.get_device_type(layer) = <DeviceType.DLA: 1>
builder_config.is_device_type_set(layer) = True

---------------------------------------------------------------- trt.BuilderFlag related
builder_config.flags = 64
Members of tensorrt.tensorrt.BuilderFlag:
 2 -> DEBUG
 3 -> GPU_FALLBACK
 4 -> REFIT
 5 -> DISABLE_TIMING_CACHE
26 -> EDITABLE_TIMING_CACHE
 6 -> TF32
 7 -> SPARSE_WEIGHTS
 8 -> SAFETY_SCOPE
11 -> DIRECT_IO
12 -> VERSION_COMPATIBLE
13 -> EXCLUDE_LEAN_RUNTIME
15 -> ERROR_ON_TIMING_CACHE_MISS
17 -> DISABLE_COMPILATION_CACHE
18 -> STRIP_PLAN
19 -> REFIT_IDENTICAL
20 -> WEIGHT_STREAMING
22 -> REFIT_INDIVIDUAL
23 -> STRICT_NANS
24 -> MONITOR_MEMORY
27 -> DISTRIBUTIVE_INDEPENDENCE

---------------------------------------------------------------- trt.TilingOptimizationLevel related
Members of tensorrt.tensorrt.TilingOptimizationLevel:
 0 -> NONE
 1 -> FAST
 2 -> MODERATE
 3 -> FULL
builder_config.tiling_optimization_level = <TilingOptimizationLevel.FULL: 3>

================================================================ Preview feature related
Members of tensorrt.tensorrt.PreviewFeature:
 0 -> ALIASED_PLUGIN_IO_10_03
 1 -> RUNTIME_ACTIVATION_RESIZE_10_10
builder_config.get_preview_feature(trt.PreviewFeature.ALIASED_PLUGIN_IO_10_03) = False

---------------------------------------------------------------- Engine related
Members of tensorrt.tensorrt.MemoryPoolType:
 0 -> WORKSPACE
 1 -> DLA_MANAGED_SRAM
 2 -> DLA_LOCAL_DRAM
 3 -> DLA_GLOBAL_DRAM
 4 -> TACTIC_DRAM
 5 -> TACTIC_SHARED_MEMORY
pool_type = <MemoryPoolType.WORKSPACE: 0>, size = 191490555904 Bytes
pool_type = <MemoryPoolType.DLA_MANAGED_SRAM: 1>, size = 0 Bytes
pool_type = <MemoryPoolType.DLA_LOCAL_DRAM: 2>, size = 1073741824 Bytes
pool_type = <MemoryPoolType.DLA_GLOBAL_DRAM: 3>, size = 536870912 Bytes
pool_type = <MemoryPoolType.TACTIC_DRAM: 4>, size = 68719476736 Bytes
pool_type = <MemoryPoolType.TACTIC_SHARED_MEMORY: 5>, size = 1073741824 Bytes
builder_config.num_optimization_profiles = 1
builder_config.max_num_tactics = -1
builder_config.builder_optimization_level = 3
builder_config.profile_stream = 0
builder_config.avg_timing_iterations = 1
Members of tensorrt.tensorrt.HardwareCompatibilityLevel:
 0 -> NONE
 1 -> AMPERE_PLUS
 2 -> SAME_COMPUTE_CAPABILITY
builder_config.hardware_compatibility_level = <HardwareCompatibilityLevel.NONE: 0>
builder_config.max_aux_streams = -1
builder_config.plugins_to_serialize = []
Members of tensorrt.tensorrt.TacticSource:
 0 -> EDGE_MASK_CONVOLUTIONS
 1 -> JIT_CONVOLUTIONS
builder_config.get_tactic_sources() = 3
Members of tensorrt.tensorrt.ProfilingVerbosity:
 0 -> LAYER_NAMES_ONLY
 2 -> DETAILED
 1 -> NONE
builder_config.profiling_verbosity = <ProfilingVerbosity.LAYER_NAMES_ONLY: 0>
builder_config.remote_auto_tuning_config = ''
Finish
