[TensorRT-Cookbook] Version: 2.0.0
============================== Start [case_simple,(),{}]
    Built model-trained.trt, 12.82 MiB
    [SKIP] `print_engine_information` is not available in this distribution.
           It reads the plan header field by field, and the serialized layout of a
           TensorRT engine is not part of the public API, so the tool is not shipped.

Information of engine input / output.
===============================================
  Name  |I/O|Location|DataType|     Shape     |
-----------------------------------------------
x       | I |  GPU   | FLOAT  |(-1, 1, 28, 28)|
y       | O |  GPU   | FLOAT  |   (-1, 10)    |
z       | O |  GPU   | INT32  |    (-1, 1)    |
===============================================

Information of optimization profile.

Optimization Profile 0:
=========================================================
  Name  |      Min      |      Opt      |      Max      |
---------------------------------------------------------
x       |(1, 1, 28, 28) |(2, 1, 28, 28) |(4, 1, 28, 28) |
y       |    (1, 10)    |    (2, 10)    |    (4, 10)    |
z       |    (1, 1)     |    (2, 1)     |    (4, 1)     |
=========================================================

Optimization Profile 1:
=========================================================
  Name  |      Min      |      Opt      |      Max      |
---------------------------------------------------------
x       |(8, 1, 28, 28) |(32, 1, 28, 28)|(64, 1, 28, 28)|
y       |    (8, 10)    |   (32, 10)    |   (64, 10)    |
z       |    (8, 1)     |    (32, 1)    |    (64, 1)    |
=========================================================
============================== End   [case_simple]
============================== Start [case_check_against_the_api,(),{}]
    [SKIP] needs `parse_engine_information`, which is not shipped with this cookbook.
============================== End   [case_check_against_the_api]
Finish
