[TensorRT-Cookbook] Version: 2.0.0
[09/09/2026-10:13:53] [TRT] [W] Using default stream in enqueueV3() may lead to performance issues due to additional calls to cudaStreamSynchronize() by TensorRT to ensure correct synchronization. Please use non-default stream instead.
[09/09/2026-10:13:54] [TRT] [W] Using default stream in enqueueV3() may lead to performance issues due to additional calls to cudaStreamSynchronize() by TensorRT to ensure correct synchronization. Please use non-default stream instead.
[09/09/2026-10:13:54] [TRT] [W] Using default stream in enqueueV3() may lead to performance issues due to additional calls to cudaStreamSynchronize() by TensorRT to ensure correct synchronization. Please use non-default stream instead.
============================== Start [case_layer_normalization,(),{}]
layer.is_v2 = True

================ Public members of <tensorrt.tensorrt.INormalizationLayer object at 0x757c7dae0c30> (instance)
 0 Callback members: []
 0 Callable methods: []
 4 Non-callable attributions: ['axes', 'epsilon', 'is_v2', 'num_groups']
Input ->DataType.FLOAT, (1, 4, 3, 5), (1, 4, 3, 5), tensor
Output->DataType.FLOAT, (1, 4, 3, 5), (1, 4, 3, 5), (Unnamed Layer* 2) [NormalizationV2]_output
tensor
[[[[  0.   1.   2.   3.   4.]
   [  5.   6.   7.   8.   9.]
   [ 10.  11.  12.  13.  14.]]

  [[100.  99.  98.  97.  96.]
   [ 95.  94.  93.  92.  91.]
   [ 90.  89.  88.  87.  86.]]

  [[  1.   1.   1.   1.   1.]
   [  1.   1.   1.   1.   1.]
   [  1.   1.   1.   1.   1.]]

  [[ -1.  -1.  -1.  -1.  -1.]
   [ -1.  -1.  -1.  -1.  -1.]
   [ -1.  -1.  -1.  -1.  -1.]]]]
(Unnamed Layer* 2) [NormalizationV2]_output
[[[[-1.6201849  -1.3887299  -1.157275   -0.92581993 -0.69436496]
   [-0.46290997 -0.23145498  0.          0.23145498  0.46290997]
   [ 0.69436496  0.92581993  1.157275    1.3887299   1.6201849 ]]

  [[ 1.6201849   1.3887299   1.157275    0.92581993  0.69436496]
   [ 0.46290997  0.23145498  0.         -0.23145498 -0.46290997]
   [-0.69436496 -0.92581993 -1.157275   -1.3887299  -1.6201849 ]]

  [[ 0.          0.          0.          0.          0.        ]
   [ 0.          0.          0.          0.          0.        ]
   [ 0.          0.          0.          0.          0.        ]]

  [[ 0.          0.          0.          0.          0.        ]
   [ 0.          0.          0.          0.          0.        ]
   [ 0.          0.          0.          0.          0.        ]]]]
============================== End   [case_layer_normalization]
============================== Start [case_group_normalization,(),{}]
Input ->DataType.FLOAT, (1, 4, 3, 5), (1, 4, 3, 5), tensor
Output->DataType.FLOAT, (1, 4, 3, 5), (1, 4, 3, 5), (Unnamed Layer* 2) [NormalizationV2]_output
tensor
[[[[  0.   1.   2.   3.   4.]
   [  5.   6.   7.   8.   9.]
   [ 10.  11.  12.  13.  14.]]

  [[100.  99.  98.  97.  96.]
   [ 95.  94.  93.  92.  91.]
   [ 90.  89.  88.  87.  86.]]

  [[  1.   1.   1.   1.   1.]
   [  1.   1.   1.   1.   1.]
   [  1.   1.   1.   1.   1.]]

  [[ -1.  -1.  -1.  -1.  -1.]
   [ -1.  -1.  -1.  -1.  -1.]
   [ -1.  -1.  -1.  -1.  -1.]]]]
(Unnamed Layer* 2) [NormalizationV2]_output
[[[[-1.1569654  -1.133826   -1.1106867  -1.0875474  -1.0644081 ]
   [-1.0412688  -1.0181295  -0.99499017 -0.9718509  -0.9487116 ]
   [-0.9255723  -0.902433   -0.8792936  -0.8561543  -0.833015  ]]

  [[ 1.1569654   1.133826    1.1106867   1.0875474   1.0644081 ]
   [ 1.0412688   1.0181295   0.99499017  0.9718509   0.9487116 ]
   [ 0.9255723   0.902433    0.8792936   0.8561543   0.833015  ]]

  [[ 0.999995    0.999995    0.999995    0.999995    0.999995  ]
   [ 0.999995    0.999995    0.999995    0.999995    0.999995  ]
   [ 0.999995    0.999995    0.999995    0.999995    0.999995  ]]

  [[-0.999995   -0.999995   -0.999995   -0.999995   -0.999995  ]
   [-0.999995   -0.999995   -0.999995   -0.999995   -0.999995  ]
   [-0.999995   -0.999995   -0.999995   -0.999995   -0.999995  ]]]]
============================== End   [case_group_normalization]
============================== Start [case_instance_normalization,(),{}]
Input ->DataType.FLOAT, (1, 4, 3, 5), (1, 4, 3, 5), tensor
Output->DataType.FLOAT, (1, 4, 3, 5), (1, 4, 3, 5), (Unnamed Layer* 2) [NormalizationV2]_output
tensor
[[[[  0.   1.   2.   3.   4.]
   [  5.   6.   7.   8.   9.]
   [ 10.  11.  12.  13.  14.]]

  [[100.  99.  98.  97.  96.]
   [ 95.  94.  93.  92.  91.]
   [ 90.  89.  88.  87.  86.]]

  [[  1.   1.   1.   1.   1.]
   [  1.   1.   1.   1.   1.]
   [  1.   1.   1.   1.   1.]]

  [[ -1.  -1.  -1.  -1.  -1.]
   [ -1.  -1.  -1.  -1.  -1.]
   [ -1.  -1.  -1.  -1.  -1.]]]]
(Unnamed Layer* 2) [NormalizationV2]_output
[[[[-1.6201847  -1.3887297  -1.1572747  -0.9258198  -0.69436485]
   [-0.4629099  -0.23145495  0.          0.23145495  0.4629099 ]
   [ 0.69436485  0.9258198   1.1572747   1.3887297   1.6201847 ]]

  [[ 1.6201847   1.3887297   1.1572747   0.9258198   0.69436485]
   [ 0.4629099   0.23145495  0.         -0.23145495 -0.4629099 ]
   [-0.69436485 -0.9258198  -1.1572747  -1.3887297  -1.6201847 ]]

  [[ 0.          0.          0.          0.          0.        ]
   [ 0.          0.          0.          0.          0.        ]
   [ 0.          0.          0.          0.          0.        ]]

  [[ 0.          0.          0.          0.          0.        ]
   [ 0.          0.          0.          0.          0.        ]
   [ 0.          0.          0.          0.          0.        ]]]]
============================== End   [case_instance_normalization]
Finish
