{"Layers": [{
  "Name": "__mye1085_myl0_0",
  "LayerType": "custom_layer",
  "Inputs": [
  {
    "Name": "l2_cache_policy_inputs_0_myl0",
    "Dimensions": [4],
    "Strides": [1],
    "StrideOrder": [0],
    "Datatype": "UInt8",
    "Format": "(Linear) Row major linear format"
  },
  {
    "Name": "l2_cache_policy_inputs_1_myl0",
    "Dimensions": [36],
    "Strides": [1],
    "StrideOrder": [0],
    "Datatype": "UInt8",
    "Format": "(Linear) Row major linear format"
  },
  {
    "Name": "l2_cache_policy_inputs_2_myl0",
    "Dimensions": [4],
    "Strides": [1],
    "StrideOrder": [0],
    "Datatype": "UInt8",
    "Format": "(Linear) Row major linear format"
  },
  {
    "Name": "l2_cache_policy_inputs_3_myl0",
    "Dimensions": [40],
    "Strides": [1],
    "StrideOrder": [0],
    "Datatype": "UInt8",
    "Format": "(Linear) Row major linear format"
  },
  {
    "Name": "l2_cache_policy_inputs_4_myl0",
    "Dimensions": [88],
    "Strides": [1],
    "StrideOrder": [0],
    "Datatype": "UInt8",
    "Format": "(Linear) Row major linear format"
  },
  {
    "Name": "l2_cache_policy_inputs_5_myl0",
    "Dimensions": [124],
    "Strides": [1],
    "StrideOrder": [0],
    "Datatype": "UInt8",
    "Format": "(Linear) Row major linear format"
  },
  {
    "Name": "l2_cache_policy_inputs_6_myl0",
    "Dimensions": [88],
    "Strides": [1],
    "StrideOrder": [0],
    "Datatype": "UInt8",
    "Format": "(Linear) Row major linear format"
  },
  {
    "Name": "l2_cache_policy_inputs_7_myl0",
    "Dimensions": [4],
    "Strides": [1],
    "StrideOrder": [0],
    "Datatype": "UInt8",
    "Format": "(Linear) Row major linear format"
  },
  {
    "Name": "l2_cache_policy_inputs_8_myl0",
    "Dimensions": [2748],
    "Strides": [1],
    "StrideOrder": [0],
    "Datatype": "UInt8",
    "Format": "(Linear) Row major linear format"
  },
  {
    "Name": "l2_cache_policy_inputs_9_myl0",
    "Dimensions": [9344],
    "Strides": [1],
    "StrideOrder": [0],
    "Datatype": "UInt8",
    "Format": "(Linear) Row major linear format"
  },
  {
    "Name": "l2_cache_policy_inputs_10_myl0",
    "Dimensions": [4096],
    "Strides": [1],
    "StrideOrder": [0],
    "Datatype": "UInt8",
    "Format": "(Linear) Row major linear format"
  },
  {
    "Name": "l2_cache_policy_inputs_11_myl0",
    "Dimensions": [64],
    "Strides": [1],
    "StrideOrder": [0],
    "Datatype": "UInt8",
    "Format": "(Linear) Row major linear format"
  },
  {
    "Name": "l2_cache_policy_inputs_12_myl0",
    "Dimensions": [33536],
    "Strides": [1],
    "StrideOrder": [0],
    "Datatype": "UInt8",
    "Format": "(Linear) Row major linear format"
  },
  {
    "Name": "l2_cache_policy_inputs_13_myl0",
    "Dimensions": [12544],
    "Strides": [1],
    "StrideOrder": [0],
    "Datatype": "UInt8",
    "Format": "(Linear) Row major linear format"
  },
  {
    "Name": "l2_cache_policy_inputs_14_myl0",
    "Dimensions": [40832],
    "Strides": [1],
    "StrideOrder": [0],
    "Datatype": "UInt8",
    "Format": "(Linear) Row major linear format"
  },
  {
    "Name": "l2_cache_policy_inputs_15_myl0",
    "Dimensions": [25088],
    "Strides": [1],
    "StrideOrder": [0],
    "Datatype": "UInt8",
    "Format": "(Linear) Row major linear format"
  },
  {
    "Name": "l2_cache_management_device_0_myl0",
    "Dimensions": [256],
    "Strides": [1],
    "StrideOrder": [0],
    "Datatype": "UInt64",
    "Format": "(Linear) Row major linear format"
  },
  {
    "Name": "l2_cache_management_host_0_myl0",
    "Dimensions": [1],
    "Strides": [1],
    "StrideOrder": [0],
    "Datatype": "UInt64",
    "Format": "(Linear) Row major linear format"
  }],
  "Constants": [],
  "Outputs": [],
  "TacticName": "",
  "StreamId": 0,
  "Metadata": ""
},{
  "Name": "__myl_Move_myl0_1",
  "LayerType": "kgen",
  "Inputs": [
  {
    "Name": "x",
    "Dimensions": [1,1,28,28],
    "Strides": [784,784,28,1],
    "StrideOrder": [3,2,1,0],
    "Datatype": "Float",
    "Format": "(Linear) Row major linear format"
  }],
  "Constants": [],
  "Outputs": [
  {
    "Name": "relu.1_2_myl0",
    "Dimensions": [1,1,28,28],
    "Strides": [784,1,28,1],
    "StrideOrder": [3,0,2,1],
    "Datatype": "Float",
    "Format": "(NHWC) Channel major format"
  }],
  "TacticName": "__myl_Move_0x7c5792c8b90390f33ed500020cefee34",
  "StreamId": 0,
  "Metadata": ""
},{
  "Name": "node_conv2d_myl0_2",
  "LayerType": "correlation",
  "Inputs": [
  {
    "Name": "relu.1_2_myl0",
    "Dimensions": [1,1,28,28],
    "Strides": [784,1,28,1],
    "StrideOrder": [3,0,2,1],
    "Datatype": "Float",
    "Format": "(NHWC) Channel major format"
  }],
  "Constants": [
  {
    "Name": "__mye1002dconst_myl0",
    "Dimensions": [32,1,5,5],
    "Strides": [25,1,5,1],
    "StrideOrder": [3,0,2,1],
    "Datatype": "Float",
    "Format": "(NHWC) Channel major format"
  },
  {
    "Name": "__mye1089_const_myl0",
    "Dimensions": [1],
    "Strides": [1],
    "StrideOrder": [0],
    "Datatype": "Float",
    "Format": "(Linear) Row major linear format"
  },
  {
    "Name": "__mye1093_const_myl0",
    "Dimensions": [1],
    "Strides": [1],
    "StrideOrder": [0],
    "Datatype": "Float",
    "Format": "(Linear) Row major linear format"
  },
  {
    "Name": "__mye1007dconst_myl0",
    "Dimensions": [1,32,1,1],
    "Strides": [32,1,32,32],
    "StrideOrder": [3,0,2,1],
    "Datatype": "Float",
    "Format": "(NHWC) Channel major format"
  }],
  "Outputs": [
  {
    "Name": "max_pool2d.1_3_myl0",
    "Dimensions": [1,32,28,28],
    "Strides": [25088,1,896,32],
    "StrideOrder": [3,0,2,1],
    "Datatype": "Float",
    "Format": "(NHWC) Channel major format"
  }],
  "TacticName": "sm80_xmma_fprop_implicit_gemm_indexed_wo_smem_f32f32_tf32f32_f32_nhwckrsc_nhwc_tilesize128x16x32_stage1_warpsize4x1x1_g1_tensor16x8x8_aligna4_alignc8",
  "StreamId": 0,
  "Metadata": "[ONNX Layer: node_conv2d]\u001f[ONNX Layer: node_relu]"
},{
  "Name": "node_max_pool2d_myl0_3",
  "LayerType": "maxpool",
  "Inputs": [
  {
    "Name": "max_pool2d.1_3_myl0",
    "Dimensions": [1,32,28,28],
    "Strides": [25088,1,896,32],
    "StrideOrder": [3,0,2,1],
    "Datatype": "Float",
    "Format": "(NHWC) Channel major format"
  }],
  "Constants": [],
  "Outputs": [
  {
    "Name": "relu_1.1_4_myl0",
    "Dimensions": [1,32,14,14],
    "Strides": [6272,1,448,32],
    "StrideOrder": [3,0,2,1],
    "Datatype": "Float",
    "Format": "(NHWC) Channel major format"
  }],
  "TacticName": "sm50_xmma_pooling_max_nhwc_FP32FP32_WINDOWSIZE_0_PROPAGATE_NAN_2D",
  "StreamId": 0,
  "Metadata": "[ONNX Layer: node_max_pool2d]"
},{
  "Name": "node_conv2d_1_myl0_4",
  "LayerType": "correlation",
  "Inputs": [
  {
    "Name": "relu_1.1_4_myl0",
    "Dimensions": [1,32,14,14],
    "Strides": [6272,1,448,32],
    "StrideOrder": [3,0,2,1],
    "Datatype": "Float",
    "Format": "(NHWC) Channel major format"
  }],
  "Constants": [
  {
    "Name": "__mye1012dconst_myl0",
    "Dimensions": [64,32,5,5],
    "Strides": [800,1,160,32],
    "StrideOrder": [3,0,2,1],
    "Datatype": "Float",
    "Format": "(NHWC) Channel major format"
  },
  {
    "Name": "__mye1089_const_myl0",
    "Dimensions": [1],
    "Strides": [1],
    "StrideOrder": [0],
    "Datatype": "Float",
    "Format": "(Linear) Row major linear format"
  },
  {
    "Name": "__mye1093_const_myl0",
    "Dimensions": [1],
    "Strides": [1],
    "StrideOrder": [0],
    "Datatype": "Float",
    "Format": "(Linear) Row major linear format"
  },
  {
    "Name": "__mye1017dconst_myl0",
    "Dimensions": [1,64,1,1],
    "Strides": [64,1,64,64],
    "StrideOrder": [3,0,2,1],
    "Datatype": "Float",
    "Format": "(NHWC) Channel major format"
  }],
  "Outputs": [
  {
    "Name": "max_pool2d_1.1_5_myl0",
    "Dimensions": [1,64,14,14],
    "Strides": [12544,1,896,64],
    "StrideOrder": [3,0,2,1],
    "Datatype": "Float",
    "Format": "(NHWC) Channel major format"
  }],
  "TacticName": "cutlass3x_sm100_tensorop_s128x128x8tf32implicit_gemm_fprop_f32_f32_f32_f32_f32_f32_128x128x32_dyn_cga_ndhwc_ndhwc_ndhwc_align4_2sm_relu_valpha_vbeta",
  "StreamId": 0,
  "Metadata": "[ONNX Layer: node_conv2d_1]\u001f[ONNX Layer: node_relu_1]"
},{
  "Name": "node_max_pool2d_1_myl0_5",
  "LayerType": "maxpool",
  "Inputs": [
  {
    "Name": "max_pool2d_1.1_5_myl0",
    "Dimensions": [1,64,14,14],
    "Strides": [12544,1,896,64],
    "StrideOrder": [3,0,2,1],
    "Datatype": "Float",
    "Format": "(NHWC) Channel major format"
  }],
  "Constants": [],
  "Outputs": [
  {
    "Name": "__myln_k_arg__bb1_6_myl0",
    "Dimensions": [1,64,7,7],
    "Strides": [3136,1,448,64],
    "StrideOrder": [3,0,2,1],
    "Datatype": "Float",
    "Format": "(NHWC) Channel major format"
  }],
  "TacticName": "sm50_xmma_pooling_max_nhwc_FP32FP32_WINDOWSIZE_0_PROPAGATE_NAN_2D",
  "StreamId": 0,
  "Metadata": "[ONNX Layer: node_max_pool2d_1]"
},{
  "Name": "__myl_Resh_myl0_6",
  "LayerType": "kgen",
  "Inputs": [
  {
    "Name": "__myln_k_arg__bb1_6_myl0",
    "Dimensions": [1,64,7,7],
    "Strides": [3136,1,448,64],
    "StrideOrder": [3,0,2,1],
    "Datatype": "Float",
    "Format": "(NHWC) Channel major format"
  }],
  "Constants": [],
  "Outputs": [
  {
    "Name": "relu_2.1_7_myl0",
    "Dimensions": [1,3136],
    "Strides": [3136,1],
    "StrideOrder": [1,0],
    "Datatype": "Float",
    "Format": "(Linear) Row major linear format"
  }],
  "TacticName": "__myl_Resh_0x4155422b648f1f4214c3704bba2e00a0",
  "StreamId": 0,
  "Metadata": "[ONNX Layer: node_view]"
},{
  "Name": "node_linear_myl0_7",
  "LayerType": "gemm",
  "Inputs": [
  {
    "Name": "relu_2.1_7_myl0",
    "Dimensions": [1,3136],
    "Strides": [3136,1],
    "StrideOrder": [1,0],
    "Datatype": "Float",
    "Format": "(Linear) Row major linear format"
  }],
  "Constants": [
  {
    "Name": "gemm1.weight_constantFloat_myl0",
    "Dimensions": [3136,1024],
    "Strides": [1,3136],
    "StrideOrder": [0,1],
    "Datatype": "Float",
    "Format": "(Transposed) Transposed format"
  },
  {
    "Name": "__mye884node_linear_alpha_myl0",
    "Dimensions": [1],
    "Strides": [1],
    "StrideOrder": [0],
    "Datatype": "Float",
    "Format": "(Linear) Row major linear format"
  },
  {
    "Name": "__mye885node_linear_beta_myl0",
    "Dimensions": [1],
    "Strides": [1],
    "StrideOrder": [0],
    "Datatype": "Float",
    "Format": "(Linear) Row major linear format"
  },
  {
    "Name": "gemm1.bias + ONNXTRT_Broadcast_constantFloat_myl0",
    "Dimensions": [1,1024],
    "Strides": [1024,1],
    "StrideOrder": [1,0],
    "Datatype": "Float",
    "Format": "(Linear) Row major linear format"
  }],
  "Outputs": [
  {
    "Name": "relu_2.1_myl0",
    "Dimensions": [1,1024],
    "Strides": [1024,1],
    "StrideOrder": [1,0],
    "Datatype": "Float",
    "Format": "(Linear) Row major linear format"
  }],
  "TacticName": "sm50_xmma_cublas_gemvx_f32f32_f32_f32_tn_n_int32_unit_n_launch_param4x32x32_strided_unit_stride",
  "StreamId": 0,
  "Metadata": "[ONNX Layer: node_linear]\u001f[ONNX Layer: node_relu_2]"
},{
  "Name": "__myl_MulSum_myl0_8",
  "LayerType": "kgen",
  "Inputs": [
  {
    "Name": "relu_2.1_myl0",
    "Dimensions": [1024,1],
    "Strides": [1,1],
    "StrideOrder": [1,0],
    "Datatype": "Float",
    "Format": "(Linear) Row major linear format"
  }],
  "Constants": [
  {
    "Name": "gemm2.weight_constantFloat_myl0",
    "Dimensions": [1024,10],
    "Strides": [1,1024],
    "StrideOrder": [0,1],
    "Datatype": "Float",
    "Format": "(Transposed) Transposed format"
  }],
  "Outputs": [
  {
    "Name": "__myln_k_arg__bb1_9_myl0",
    "Dimensions": [1,10],
    "Strides": [10,1],
    "StrideOrder": [1,0],
    "Datatype": "Float",
    "Format": "(Linear) Row major linear format"
  }],
  "TacticName": "__myl_MulSum_0xf51780477f7b66bae3896079c053d676",
  "StreamId": 0,
  "Metadata": "[ONNX Layer: node_linear_1]"
},{
  "Name": "__myl_AddMaxrSubExpSum_myl0_9",
  "LayerType": "kgen",
  "Inputs": [
  {
    "Name": "__myln_k_arg__bb1_9_myl0",
    "Dimensions": [1,10],
    "Strides": [10,1],
    "StrideOrder": [1,0],
    "Datatype": "Float",
    "Format": "(Linear) Row major linear format"
  }],
  "Constants": [
  {
    "Name": "gemm2.bias + ONNXTRT_Broadcast_4_constantFloat_myl0",
    "Dimensions": [1,10],
    "Strides": [10,1],
    "StrideOrder": [1,0],
    "Datatype": "Float",
    "Format": "(Linear) Row major linear format"
  }],
  "Outputs": [
  {
    "Name": "__myln_k_arg__bb1_12_myl0",
    "Dimensions": [1,10],
    "Strides": [10,1],
    "StrideOrder": [1,0],
    "Datatype": "Float",
    "Format": "(Linear) Row major linear format"
  },
  {
    "Name": "__myln_k_arg__bb1_11_myl0",
    "Dimensions": [1,1],
    "Strides": [1,1],
    "StrideOrder": [1,0],
    "Datatype": "Float",
    "Format": "(Linear) Row major linear format"
  },
  {
    "Name": "y",
    "Dimensions": [1,10],
    "Strides": [10,1],
    "StrideOrder": [1,0],
    "Datatype": "Float",
    "Format": "(Linear) Row major linear format"
  }],
  "TacticName": "__myl_AddMaxrSubExpSum_0x574acd01f7517732d5f2fd1c9042a089",
  "StreamId": 0,
  "Metadata": "[ONNX Layer: node_linear_1]\u001f[ONNX Layer: node_softmax]"
},{
  "Name": "__myl_DivMulMaxr_myl0_10",
  "LayerType": "kgen",
  "Inputs": [
  {
    "Name": "__myln_k_arg__bb1_12_myl0",
    "Dimensions": [1,10],
    "Strides": [10,1],
    "StrideOrder": [1,0],
    "Datatype": "Float",
    "Format": "(Linear) Row major linear format"
  },
  {
    "Name": "__myln_k_arg__bb1_11_myl0",
    "Dimensions": [1,1],
    "Strides": [1,1],
    "StrideOrder": [1,0],
    "Datatype": "Float",
    "Format": "(Linear) Row major linear format"
  }],
  "Constants": [],
  "Outputs": [
  {
    "Name": "node_argmax_output.1_myl0",
    "Dimensions": [1,1],
    "Strides": [1,1],
    "StrideOrder": [1,0],
    "Datatype": "Float",
    "Format": "(Linear) Row major linear format"
  },
  {
    "Name": "__myln_k_arg__bb1_14_myl0",
    "Dimensions": [1,1],
    "Strides": [1,1],
    "StrideOrder": [1,0],
    "Datatype": "Int32",
    "Format": "(Linear) Row major linear format"
  }],
  "TacticName": "__myl_DivMulMaxr_0xeed0d44e25801453f72eeb03693cc519",
  "StreamId": 0,
  "Metadata": "[ONNX Layer: node_softmax]\u001f[ONNX Layer: node_argmax]"
},{
  "Name": "__myl_CastReshCast_myl0_11",
  "LayerType": "kgen",
  "Inputs": [
  {
    "Name": "__myln_k_arg__bb1_14_myl0",
    "Dimensions": [1,1],
    "Strides": [1,1],
    "StrideOrder": [1,0],
    "Datatype": "Int32",
    "Format": "(Linear) Row major linear format"
  }],
  "Constants": [],
  "Outputs": [
  {
    "Name": "z",
    "Dimensions": [1],
    "Strides": [1],
    "StrideOrder": [0],
    "Datatype": "Int64",
    "Format": "(Linear) Row major linear format"
  }],
  "TacticName": "__myl_CastReshCast_0x5baf1ddb7083512f99818d0d7872c872",
  "StreamId": 0,
  "Metadata": ""
},{
  "Name": "__mye1087_myl0_12",
  "LayerType": "custom_layer",
  "Inputs": [
  {
    "Name": "l2_cache_policy_inputs_0_myl0",
    "Dimensions": [4],
    "Strides": [1],
    "StrideOrder": [0],
    "Datatype": "UInt8",
    "Format": "(Linear) Row major linear format"
  },
  {
    "Name": "l2_cache_policy_inputs_1_myl0",
    "Dimensions": [36],
    "Strides": [1],
    "StrideOrder": [0],
    "Datatype": "UInt8",
    "Format": "(Linear) Row major linear format"
  },
  {
    "Name": "l2_cache_policy_inputs_2_myl0",
    "Dimensions": [4],
    "Strides": [1],
    "StrideOrder": [0],
    "Datatype": "UInt8",
    "Format": "(Linear) Row major linear format"
  },
  {
    "Name": "l2_cache_policy_inputs_3_myl0",
    "Dimensions": [40],
    "Strides": [1],
    "StrideOrder": [0],
    "Datatype": "UInt8",
    "Format": "(Linear) Row major linear format"
  },
  {
    "Name": "l2_cache_policy_inputs_4_myl0",
    "Dimensions": [88],
    "Strides": [1],
    "StrideOrder": [0],
    "Datatype": "UInt8",
    "Format": "(Linear) Row major linear format"
  },
  {
    "Name": "l2_cache_policy_inputs_5_myl0",
    "Dimensions": [124],
    "Strides": [1],
    "StrideOrder": [0],
    "Datatype": "UInt8",
    "Format": "(Linear) Row major linear format"
  },
  {
    "Name": "l2_cache_policy_inputs_6_myl0",
    "Dimensions": [88],
    "Strides": [1],
    "StrideOrder": [0],
    "Datatype": "UInt8",
    "Format": "(Linear) Row major linear format"
  },
  {
    "Name": "l2_cache_policy_inputs_7_myl0",
    "Dimensions": [4],
    "Strides": [1],
    "StrideOrder": [0],
    "Datatype": "UInt8",
    "Format": "(Linear) Row major linear format"
  },
  {
    "Name": "l2_cache_policy_inputs_8_myl0",
    "Dimensions": [2748],
    "Strides": [1],
    "StrideOrder": [0],
    "Datatype": "UInt8",
    "Format": "(Linear) Row major linear format"
  },
  {
    "Name": "l2_cache_policy_inputs_9_myl0",
    "Dimensions": [9344],
    "Strides": [1],
    "StrideOrder": [0],
    "Datatype": "UInt8",
    "Format": "(Linear) Row major linear format"
  },
  {
    "Name": "l2_cache_policy_inputs_10_myl0",
    "Dimensions": [4096],
    "Strides": [1],
    "StrideOrder": [0],
    "Datatype": "UInt8",
    "Format": "(Linear) Row major linear format"
  },
  {
    "Name": "l2_cache_policy_inputs_11_myl0",
    "Dimensions": [64],
    "Strides": [1],
    "StrideOrder": [0],
    "Datatype": "UInt8",
    "Format": "(Linear) Row major linear format"
  },
  {
    "Name": "l2_cache_policy_inputs_12_myl0",
    "Dimensions": [33536],
    "Strides": [1],
    "StrideOrder": [0],
    "Datatype": "UInt8",
    "Format": "(Linear) Row major linear format"
  },
  {
    "Name": "l2_cache_policy_inputs_13_myl0",
    "Dimensions": [12544],
    "Strides": [1],
    "StrideOrder": [0],
    "Datatype": "UInt8",
    "Format": "(Linear) Row major linear format"
  },
  {
    "Name": "l2_cache_policy_inputs_14_myl0",
    "Dimensions": [40832],
    "Strides": [1],
    "StrideOrder": [0],
    "Datatype": "UInt8",
    "Format": "(Linear) Row major linear format"
  },
  {
    "Name": "l2_cache_policy_inputs_15_myl0",
    "Dimensions": [25088],
    "Strides": [1],
    "StrideOrder": [0],
    "Datatype": "UInt8",
    "Format": "(Linear) Row major linear format"
  },
  {
    "Name": "l2_cache_management_device_0_myl0",
    "Dimensions": [256],
    "Strides": [1],
    "StrideOrder": [0],
    "Datatype": "UInt64",
    "Format": "(Linear) Row major linear format"
  },
  {
    "Name": "l2_cache_management_host_0_myl0",
    "Dimensions": [1],
    "Strides": [1],
    "StrideOrder": [0],
    "Datatype": "UInt64",
    "Format": "(Linear) Row major linear format"
  }],
  "Constants": [],
  "Outputs": [],
  "TacticName": "",
  "StreamId": 0,
  "Metadata": ""
}],
"I/O Tensors": [
{
  "Name": "x",
  "IOMode": "Input",
  "DataType": "Float",
  "Dimensions": [1,1,28,28],
  "Location": "Device",
  "IsShapeInferenceIO": false,
  "ProfileInfo": [
  {
    "MinShape": [1,1,28,28],
    "OptShape": [1,1,28,28],
    "MaxShape": [1,1,28,28],
    "Format": "Row major linear FP32 format (kLINEAR)"
  }]
},
{
  "Name": "y",
  "IOMode": "Output",
  "DataType": "Float",
  "Dimensions": [1,10],
  "Location": "Device",
  "IsShapeInferenceIO": false,
  "ProfileInfo": [
  {
    "Format": "Row major linear FP32 format (kLINEAR)"
  }]
},
{
  "Name": "z",
  "IOMode": "Output",
  "DataType": "Int64",
  "Dimensions": [1],
  "Location": "Device",
  "IsShapeInferenceIO": false,
  "ProfileInfo": [
  {
    "Format": "Row major linear INT64 format (kLINEAR)"
  }]
}]}
