&&&& RUNNING TensorRT.trtexec [TensorRT v110000] [b114] # trtexec --loadEngine=./model-trained-reference.trt --exportProfile=./model-trained-reference-exportProfile.json
[09/08/2026-10:20:17] [I] === Model Options ===
[09/08/2026-10:20:17] [I] Format: *
[09/08/2026-10:20:17] [I] Model:
[09/08/2026-10:20:17] [I] Output:
[09/08/2026-10:20:17] [I]
[09/08/2026-10:20:17] [I] === System Options ===
[09/08/2026-10:20:17] [I] Device: 0
[09/08/2026-10:20:17] [I] DLACore:
[09/08/2026-10:20:17] [I] Loaded static plugins:
[09/08/2026-10:20:17] [I] setPluginsToSerialize:
[09/08/2026-10:20:17] [I] dynamicPlugins:
[09/08/2026-10:20:17] [I] ignoreParsedPluginLibs: 0
[09/08/2026-10:20:17] [I]
[09/08/2026-10:20:17] [I] === Inference Options ===
[09/08/2026-10:20:17] [I] Batch: Explicit
[09/08/2026-10:20:17] [I] Input inference shapes: model
[09/08/2026-10:20:17] [I] Iterations: 10
[09/08/2026-10:20:17] [I] Duration: 3s (+ 200ms warm up)
[09/08/2026-10:20:17] [I] Sleep time: 0ms
[09/08/2026-10:20:17] [I] Idle time: 0ms
[09/08/2026-10:20:17] [I] Inference Streams: 1
[09/08/2026-10:20:17] [I] ExposeDMA: Disabled
[09/08/2026-10:20:17] [I] Data transfers: Disabled
[09/08/2026-10:20:17] [I] Spin-wait: Enabled
[09/08/2026-10:20:17] [I] Multithreading: Disabled
[09/08/2026-10:20:17] [I] CUDA Graph: Enabled
[09/08/2026-10:20:17] [I] Time Deserialize: Disabled
[09/08/2026-10:20:17] [I] Time Refit: Disabled
[09/08/2026-10:20:17] [I] NVTX verbosity: 0
[09/08/2026-10:20:17] [I] Persistent Cache Ratio: 0
[09/08/2026-10:20:17] [I] Optimization Profile Index: 0
[09/08/2026-10:20:17] [I] Weight Streaming Budget: 100.000000%
[09/08/2026-10:20:17] [I] Inputs:
[09/08/2026-10:20:17] [I] Debug Tensor Save Destinations:
[09/08/2026-10:20:17] [I] Dump All Debug Tensor in Formats:
[09/08/2026-10:20:17] [I] === Reporting Options ===
[09/08/2026-10:20:17] [I] Verbose: Disabled
[09/08/2026-10:20:17] [I] Averages: 10 inferences
[09/08/2026-10:20:17] [I] Percentiles: 90,95,99
[09/08/2026-10:20:17] [I] Dump refittable layers:Disabled
[09/08/2026-10:20:17] [I] Dump output: Disabled
[09/08/2026-10:20:17] [I] Profile: Disabled
[09/08/2026-10:20:17] [I] Export timing to JSON file:
[09/08/2026-10:20:17] [I] Export output to JSON file:
[09/08/2026-10:20:17] [I] Export profile to JSON file: ./model-trained-reference-exportProfile.json
[09/08/2026-10:20:17] [I]
[09/08/2026-10:20:17] [I] === Device Information ===
[09/08/2026-10:20:19] [I] Available Devices:
[09/08/2026-10:20:19] [I]   Device 0: "NVIDIA B200" UUID: GPU-5de52435-1295-4817-2a4e-60d7896052ea
[09/08/2026-10:20:19] [I]   Device 1: "NVIDIA B200" UUID: GPU-93d15173-b29e-5b03-4ee8-20a903e941a2
[09/08/2026-10:20:19] [I]   Device 2: "NVIDIA B200" UUID: GPU-38b75c54-9290-e02b-badb-a7a6fa02f661
[09/08/2026-10:20:19] [I]   Device 3: "NVIDIA B200" UUID: GPU-1d007d22-c114-af38-68c4-bfa325b27f35
[09/08/2026-10:20:19] [I] Selected Device: NVIDIA B200
[09/08/2026-10:20:19] [I] Selected Device ID: 0
[09/08/2026-10:20:19] [I] Selected Device UUID: GPU-5de52435-1295-4817-2a4e-60d7896052ea
[09/08/2026-10:20:19] [I] Compute Capability: 10.0
[09/08/2026-10:20:19] [I] SMs: 148
[09/08/2026-10:20:19] [I] Device Global Memory: 182619 MiB
[09/08/2026-10:20:19] [I] Shared Memory per SM: 228 KiB
[09/08/2026-10:20:19] [I] Memory Bus Width: 7680 bits (ECC enabled)
[09/08/2026-10:20:19] [I] Application Compute Clock Rate: 1.965 GHz
[09/08/2026-10:20:19] [I] Application Memory Clock Rate: 3.996 GHz
[09/08/2026-10:20:19] [I]
[09/08/2026-10:20:19] [I] Note: The application clock rates do not reflect the actual clock rates that the GPU is currently running at.
[09/08/2026-10:20:19] [I]
[09/08/2026-10:20:19] [I] TensorRT version: 11.0.0
[09/08/2026-10:20:19] [I] Loading standard plugins
[09/08/2026-10:20:19] [I] Engine deserialized in 0.023808 sec.
[09/08/2026-10:20:19] [I] [TRT] [MemUsageChange] TensorRT-managed allocation in IExecutionContext creation: CPU +0, GPU +0, now: CPU 0, GPU 12 (MiB)
[09/08/2026-10:20:19] [I] Setting persistentCacheLimit to 0 bytes.
[09/08/2026-10:20:19] [I] Created execution context with device memory size: 0.196777 MiB
[09/08/2026-10:20:19] [I] Using random values for input x
[09/08/2026-10:20:19] [I] Input binding for x with dimensions 1x1x28x28 and type fp32 is created.
[09/08/2026-10:20:19] [I] Output binding for y with dimensions 1x10 and type fp32 is created.
[09/08/2026-10:20:19] [I] Output binding for z with dimensions 1 and type int64 is created.
[09/08/2026-10:20:19] [I] Starting inference
[09/08/2026-10:20:19] [I] Capturing CUDA graph for the current execution context
[09/08/2026-10:20:19] [I] Successfully captured CUDA graph for the current execution context. When profiling with Nsight Systems, add "--cuda-graph-trace=node" to the nsys command to see per-kernel execution times.
[09/08/2026-10:20:22] [I] Warmup completed 4628 queries over 200 ms
[09/08/2026-10:20:22] [I] Timing trace has 69647 queries over 3.00009 s
[09/08/2026-10:20:22] [I]
[09/08/2026-10:20:22] [I] === Trace details ===
[09/08/2026-10:20:22] [I] Trace averages of 10 runs:
[09/08/2026-10:20:22] [I] Average on 10 runs - GPU latency: 0.0404053 ms - Host latency: 0.0404053 ms (enqueue 0.00261993 ms)
[09/08/2026-10:20:22] [I] Average on 10 runs - GPU latency: 0.0403183 ms - Host latency: 0.0403183 ms (enqueue 0.0027298 ms)
[09/08/2026-10:20:22] [I] Average on 10 runs - GPU latency: 0.0403168 ms - Host latency: 0.0403168 ms (enqueue 0.00266266 ms)
[09/08/2026-10:20:22] [I] Average on 10 runs - GPU latency: 0.0402969 ms - Host latency: 0.0402969 ms (enqueue 0.00258484 ms)
[09/08/2026-10:20:22] [I] Average on 10 runs - GPU latency: 0.0402802 ms - Host latency: 0.0402802 ms (enqueue 0.00270538 ms)
[09/08/2026-10:20:22] [I] Average on 10 runs - GPU latency: 0.0404221 ms - Host latency: 0.0404221 ms (enqueue 0.00266266 ms)
[09/08/2026-10:20:22] [I] Average on 10 runs - GPU latency: 0.0403046 ms - Host latency: 0.0403046 ms (enqueue 0.00264587 ms)
[09/08/2026-10:20:22] [I] Average on 10 runs - GPU latency: 0.0403214 ms - Host latency: 0.0403214 ms (enqueue 0.00262451 ms)
[09/08/2026-10:20:22] [I] Average on 10 runs - GPU latency: 0.0403275 ms - Host latency: 0.0403275 ms (enqueue 0.0026474 ms)
[09/08/2026-10:20:22] [I] Average on 10 runs - GPU latency: 0.0403305 ms - Host latency: 0.0403305 ms (enqueue 0.00271454 ms)
[09/08/2026-10:20:22] [I] Average on 10 runs - GPU latency: 0.040358 ms - Host latency: 0.040358 ms (enqueue 0.00265198 ms)
[09/08/2026-10:20:22] [I] Average on 10 runs - GPU latency: 0.0403198 ms - Host latency: 0.0403198 ms (enqueue 0.00262604 ms)
[09/08/2026-10:20:22] [I] Average on 10 runs - GPU latency: 0.0402786 ms - Host latency: 0.0402786 ms (enqueue 0.00261841 ms)
[09/08/2026-10:20:22] [I] Average on 10 runs - GPU latency: 0.0402969 ms - Host latency: 0.0402969 ms (enqueue 0.0026825 ms)
[09/08/2026-10:20:22] [I] Average on 10 runs - GPU latency: 0.0403122 ms - Host latency: 0.0403122 ms (enqueue 0.00257568 ms)
[09/08/2026-10:20:22] [I] Average on 10 runs - GPU latency: 0.0404236 ms - Host latency: 0.0404236 ms (enqueue 0.00261536 ms)
[09/08/2026-10:20:22] [I] Average on 10 runs - GPU latency: 0.0402939 ms - Host latency: 0.0402939 ms (enqueue 0.00266266 ms)
[09/08/2026-10:20:22] [I] Average on 10 runs - GPU latency: 0.0403137 ms - Host latency: 0.0403137 ms (enqueue 0.00278931 ms)
[09/08/2026-10:20:22] [I] Average on 10 runs - GPU latency: 0.0403046 ms - Host latency: 0.0403046 ms (enqueue 0.00267181 ms)
[09/08/2026-10:20:22] [I] Average on 10 runs - GPU latency: 0.0403229 ms - Host latency: 0.0403229 ms (enqueue 0.00260468 ms)
[09/08/2026-10:20:22] [I] Average on 10 runs - GPU latency: 0.0404236 ms - Host latency: 0.0404236 ms (enqueue 0.00267029 ms)
[09/08/2026-10:20:22] [I] Average on 10 runs - GPU latency: 0.0403305 ms - Host latency: 0.0403305 ms (enqueue 0.00262146 ms)
[09/08/2026-10:20:22] [I] Average on 10 runs - GPU latency: 0.0403076 ms - Host latency: 0.0403076 ms (enqueue 0.00270844 ms)
[09/08/2026-10:20:22] [I] Average on 10 runs - GPU latency: 0.0405197 ms - Host latency: 0.0405197 ms (enqueue 0.00268402 ms)
[09/08/2026-10:20:22] [I] Average on 10 runs - GPU latency: 0.0403107 ms - Host latency: 0.0403107 ms (enqueue 0.00262756 ms)
[09/08/2026-10:20:22] [I] Average on 10 runs - GPU latency: 0.0404114 ms - Host latency: 0.0404114 ms (enqueue 0.00260315 ms)
[09/08/2026-10:20:22] [I] Average on 10 runs - GPU latency: 0.0402786 ms - Host latency: 0.0402786 ms (enqueue 0.00271759 ms)
[09/08/2026-10:20:22] [I] Average on 10 runs - GPU latency: 0.0403244 ms - Host latency: 0.0403244 ms (enqueue 0.0026413 ms)
[09/08/2026-10:20:22] [I] Average on 10 runs - GPU latency: 0.0403198 ms - Host latency: 0.0403198 ms (enqueue 0.00264587 ms)
[09/08/2026-10:20:22] [I] Average on 10 runs - GPU latency: 0.0404221 ms - Host latency: 0.0404221 ms (enqueue 0.00263824 ms)
[09/08/2026-10:20:22] [I] Average on 10 runs - GPU latency: 0.0403107 ms - Host latency: 0.0403107 ms (enqueue 0.0026062 ms)
[09/08/2026-10:20:22] [I] Average on 10 runs - GPU latency: 0.0403366 ms - Host latency: 0.0403366 ms (enqueue 0.00261078 ms)
[09/08/2026-10:20:22] [I] Average on 10 runs - GPU latency: 0.0403076 ms - Host latency: 0.0403076 ms (enqueue 0.00267334 ms)
[09/08/2026-10:20:22] [I] Average on 10 runs - GPU latency: 0.0402924 ms - Host latency: 0.0402924 ms (enqueue 0.00273285 ms)
[09/08/2026-10:20:22] [I] Average on 10 runs - GPU latency: 0.0405731 ms - Host latency: 0.0405731 ms (enqueue 0.00267029 ms)
[09/08/2026-10:20:22] [I] Average on 10 runs - GPU latency: 0.0403229 ms - Host latency: 0.0403229 ms (enqueue 0.00254669 ms)
[09/08/2026-10:20:22] [I] Average on 10 runs - GPU latency: 0.040303 ms - Host latency: 0.040303 ms (enqueue 0.00268402 ms)
[09/08/2026-10:20:22] [I] Average on 10 runs - GPU latency: 0.040303 ms - Host latency: 0.040303 ms (enqueue 0.00262451 ms)
[09/08/2026-10:20:22] [I] Average on 10 runs - GPU latency: 0.040303 ms - Host latency: 0.040303 ms (enqueue 0.00267944 ms)
[09/08/2026-10:20:22] [I] Average on 10 runs - GPU latency: 0.0404053 ms - Host latency: 0.0404053 ms (enqueue 0.00271912 ms)
[09/08/2026-10:20:22] [I] Average on 10 runs - GPU latency: 0.0403122 ms - Host latency: 0.0403122 ms (enqueue 0.00327454 ms)
[09/08/2026-10:20:22] [I] Average on 10 runs - GPU latency: 0.0402985 ms - Host latency: 0.0402985 ms (enqueue 0.00266571 ms)
[09/08/2026-10:20:22] [I] Average on 10 runs - GPU latency: 0.0403198 ms - Host latency: 0.0403198 ms (enqueue 0.0026413 ms)
[09/08/2026-10:20:22] [I] Average on 10 runs - GPU latency: 0.0403076 ms - Host latency: 0.0403076 ms (enqueue 0.00265961 ms)
[09/08/2026-10:20:22] [I] Average on 10 runs - GPU latency: 0.0404114 ms - Host latency: 0.0404114 ms (enqueue 0.00256042 ms)
[09/08/2026-10:20:22] [I] Average on 10 runs - GPU latency: 0.0402802 ms - Host latency: 0.0402802 ms (enqueue 0.00273285 ms)
[09/08/2026-10:20:22] [I] Average on 10 runs - GPU latency: 0.0403198 ms - Host latency: 0.0403198 ms (enqueue 0.00263062 ms)
[09/08/2026-10:20:22] [I] Average on 10 runs - GPU latency: 0.040303 ms - Host latency: 0.040303 ms (enqueue 0.00263672 ms)
[09/08/2026-10:20:22] [I] Average on 10 runs - GPU latency: 0.0403046 ms - Host latency: 0.0403046 ms (enqueue 0.00275269 ms)
[09/08/2026-10:20:22] [I] Average on 10 runs - GPU latency: 0.040564 ms - Host latency: 0.040564 ms (enqueue 0.00267792 ms)
[09/08/2026-10:20:22] [I] Average on 10 runs - GPU latency: 0.0403198 ms - Host latency: 0.0403198 ms (enqueue 0.00267639 ms)
[09/08/2026-10:20:22] [I] Average on 10 runs - GPU latency: 0.0403137 ms - Host latency: 0.0403137 ms (enqueue 0.00262451 ms)
[09/08/2026-10:20:22] [I] Average on 10 runs - GPU latency: 0.0403229 ms - Host latency: 0.0403229 ms (enqueue 0.00270996 ms)
[09/08/2026-10:20:22] [I] Average on 10 runs - GPU latency: 0.0403137 ms - Host latency: 0.0403137 ms (enqueue 0.00263214 ms)
[09/08/2026-10:20:22] [I] Average on 10 runs - GPU latency: 0.0404434 ms - Host latency: 0.0404434 ms (enqueue 0.00268707 ms)
[09/08/2026-10:20:22] [I] Average on 10 runs - GPU latency: 0.0402618 ms - Host latency: 0.0402618 ms (enqueue 0.00265045 ms)
[09/08/2026-10:20:22] [I] Average on 10 runs - GPU latency: 0.0402328 ms - Host latency: 0.0402328 ms (enqueue 0.00263367 ms)
[09/08/2026-10:20:22] [I] Average on 10 runs - GPU latency: 0.0403183 ms - Host latency: 0.0403183 ms (enqueue 0.00272217 ms)
[09/08/2026-10:20:22] [I] Average on 10 runs - GPU latency: 0.0403091 ms - Host latency: 0.0403091 ms (enqueue 0.00273132 ms)
[09/08/2026-10:20:22] [I] Average on 10 runs - GPU latency: 0.0404266 ms - Host latency: 0.0404266 ms (enqueue 0.00269012 ms)
[09/08/2026-10:20:22] [I] Average on 10 runs - GPU latency: 0.0403198 ms - Host latency: 0.0403198 ms (enqueue 0.00261536 ms)
[09/08/2026-10:20:22] [I] Average on 10 runs - GPU latency: 0.0403 ms - Host latency: 0.0403 ms (enqueue 0.00266876 ms)
[09/08/2026-10:20:22] [I] Average on 10 runs - GPU latency: 0.0402679 ms - Host latency: 0.0402679 ms (enqueue 0.00263519 ms)
[09/08/2026-10:20:22] [I] Average on 10 runs - GPU latency: 0.0403046 ms - Host latency: 0.0403046 ms (enqueue 0.00264893 ms)
[09/08/2026-10:20:22] [I] Average on 10 runs - GPU latency: 0.0404053 ms - Host latency: 0.0404053 ms (enqueue 0.00260925 ms)
[09/08/2026-10:20:22] [I] Average on 10 runs - GPU latency: 0.0403152 ms - Host latency: 0.0403152 ms (enqueue 0.0026947 ms)
[09/08/2026-10:20:22] [I] Average on 10 runs - GPU latency: 0.0403137 ms - Host latency: 0.0403137 ms (enqueue 0.00265808 ms)
[09/08/2026-10:20:22] [I] Average on 10 runs - GPU latency: 0.0403137 ms - Host latency: 0.0403137 ms (enqueue 0.00268402 ms)
[09/08/2026-10:20:22] [I] Average on 10 runs - GPU latency: 0.0404129 ms - Host latency: 0.0404129 ms (enqueue 0.00273285 ms)
[09/08/2026-10:20:22] [I] Average on 10 runs - GPU latency: 0.040329 ms - Host latency: 0.040329 ms (enqueue 0.00261841 ms)
[09/08/2026-10:20:22] [I] Average on 10 runs - GPU latency: 0.0402756 ms - Host latency: 0.0402756 ms (enqueue 0.00267029 ms)
[09/08/2026-10:20:22] [I] Average on 10 runs - GPU latency: 0.0403046 ms - Host latency: 0.0403046 ms (enqueue 0.0026123 ms)
[09/08/2026-10:20:22] [I] Average on 10 runs - GPU latency: 0.0402878 ms - Host latency: 0.0402878 ms (enqueue 0.00273895 ms)
[09/08/2026-10:20:22] [I] Average on 10 runs - GPU latency: 0.0404175 ms - Host latency: 0.0404175 ms (enqueue 0.00259705 ms)
[09/08/2026-10:20:22] [I] Average on 10 runs - GPU latency: 0.0403091 ms - Host latency: 0.0403091 ms (enqueue 0.00263519 ms)
[09/08/2026-10:20:22] [I] Average on 10 runs - GPU latency: 0.0403183 ms - Host latency: 0.0403183 ms (enqueue 0.00268707 ms)
[09/08/2026-10:20:22] [I] Average on 10 runs - GPU latency: 0.0403198 ms - Host latency: 0.0403198 ms (enqueue 0.00266113 ms)
[09/08/2026-10:20:22] [I] Average on 10 runs - GPU latency: 0.0403 ms - Host latency: 0.0403 ms (enqueue 0.00269623 ms)
[09/08/2026-10:20:22] [I] Average on 10 runs - GPU latency: 0.0403854 ms - Host latency: 0.0403854 ms (enqueue 0.0026474 ms)
[09/08/2026-10:20:22] [I] Average on 10 runs - GPU latency: 0.0402954 ms - Host latency: 0.0402954 ms (enqueue 0.00266571 ms)
[09/08/2026-10:20:22] [I] Average on 10 runs - GPU latency: 0.0402588 ms - Host latency: 0.0402588 ms (enqueue 0.00268555 ms)
[09/08/2026-10:20:22] [I] Average on 10 runs - GPU latency: 0.0402924 ms - Host latency: 0.0402924 ms (enqueue 0.0026947 ms)
[09/08/2026-10:20:22] [I] Average on 10 runs - GPU latency: 0.0403107 ms - Host latency: 0.0403107 ms (enqueue 0.00272217 ms)
[09/08/2026-10:20:22] [I] Average on 10 runs - GPU latency: 0.0404068 ms - Host latency: 0.0404068 ms (enqueue 0.00264893 ms)
[09/08/2026-10:20:22] [I] Average on 10 runs - GPU latency: 0.040303 ms - Host latency: 0.040303 ms (enqueue 0.0026474 ms)
[09/08/2026-10:20:22] [I] Average on 10 runs - GPU latency: 0.0402969 ms - Host latency: 0.0402969 ms (enqueue 0.00265961 ms)
[09/08/2026-10:20:22] [I] Average on 10 runs - GPU latency: 0.0403152 ms - Host latency: 0.0403152 ms (enqueue 0.00262756 ms)
[09/08/2026-10:20:22] [I] Average on 10 runs - GPU latency: 0.0403152 ms - Host latency: 0.0403152 ms (enqueue 0.00276642 ms)
[09/08/2026-10:20:22] [I] Average on 10 runs - GPU latency: 0.0404327 ms - Host latency: 0.0404327 ms (enqueue 0.0026886 ms)
[09/08/2026-10:20:22] [I] Average on 10 runs - GPU latency: 0.0403183 ms - Host latency: 0.0403183 ms (enqueue 0.00262756 ms)
[09/08/2026-10:20:22] [I] Average on 10 runs - GPU latency: 0.0402893 ms - Host latency: 0.0402893 ms (enqueue 0.00264587 ms)
[09/08/2026-10:20:22] [I] Average on 10 runs - GPU latency: 0.0402985 ms - Host latency: 0.0402985 ms (enqueue 0.00272675 ms)
[09/08/2026-10:20:22] [I] Average on 10 runs - GPU latency: 0.0402863 ms - Host latency: 0.0402863 ms (enqueue 0.00262451 ms)
[09/08/2026-10:20:22] [I] Average on 10 runs - GPU latency: 0.0404068 ms - Host latency: 0.0404068 ms (enqueue 0.00274048 ms)
[09/08/2026-10:20:22] [I] Average on 10 runs - GPU latency: 0.0403152 ms - Host latency: 0.0403152 ms (enqueue 0.00267944 ms)
[09/08/2026-10:20:22] [I] Average on 10 runs - GPU latency: 0.0403229 ms - Host latency: 0.0403229 ms (enqueue 0.00269623 ms)
[09/08/2026-10:20:22] [I] Average on 10 runs - GPU latency: 0.0403198 ms - Host latency: 0.0403198 ms (enqueue 0.00275726 ms)
[09/08/2026-10:20:22] [I] Average on 10 runs - GPU latency: 0.0402939 ms - Host latency: 0.0402939 ms (enqueue 0.00271912 ms)
[09/08/2026-10:20:22] [I] Average on 10 runs - GPU latency: 0.0404327 ms - Host latency: 0.0404327 ms (enqueue 0.00267334 ms)
[09/08/2026-10:20:22] [I] Average on 10 runs - GPU latency: 0.0402985 ms - Host latency: 0.0402985 ms (enqueue 0.00262909 ms)
[09/08/2026-10:20:22] [I] Average on 10 runs - GPU latency: 0.0402679 ms - Host latency: 0.0402679 ms (enqueue 0.00265808 ms)
[09/08/2026-10:20:22] [I] Average on 10 runs - GPU latency: 0.0403061 ms - Host latency: 0.0403061 ms (enqueue 0.00271912 ms)
[09/08/2026-10:20:22] [I] Average on 10 runs - GPU latency: 0.0403091 ms - Host latency: 0.0403091 ms (enqueue 0.00268402 ms)
[09/08/2026-10:20:22] [I] Average on 10 runs - GPU latency: 0.040419 ms - Host latency: 0.040419 ms (enqueue 0.00265961 ms)
[09/08/2026-10:20:22] [I] Average on 10 runs - GPU latency: 0.0402939 ms - Host latency: 0.0402939 ms (enqueue 0.00263519 ms)
[09/08/2026-10:20:22] [I] Average on 10 runs - GPU latency: 0.0403122 ms - Host latency: 0.0403122 ms (enqueue 0.00265808 ms)
[09/08/2026-10:20:22] [I] Average on 10 runs - GPU latency: 0.040303 ms - Host latency: 0.040303 ms (enqueue 0.00252991 ms)
[09/08/2026-10:20:22] [I] Average on 10 runs - GPU latency: 0.0403946 ms - Host latency: 0.0403946 ms (enqueue 0.0026535 ms)
[09/08/2026-10:20:22] [I] Average on 10 runs - GPU latency: 0.040303 ms - Host latency: 0.040303 ms (enqueue 0.00265656 ms)
[09/08/2026-10:20:22] [I] Average on 10 runs - GPU latency: 0.0403046 ms - Host latency: 0.0403046 ms (enqueue 0.00267029 ms)
[09/08/2026-10:20:22] [I] Average on 10 runs - GPU latency: 0.0403305 ms - Host latency: 0.0403305 ms (enqueue 0.00268097 ms)
[09/08/2026-10:20:22] [I] Average on 10 runs - GPU latency: 0.0402725 ms - Host latency: 0.0402725 ms (enqueue 0.00265045 ms)
[09/08/2026-10:20:22] [I] Average on 10 runs - GPU latency: 0.0404205 ms - Host latency: 0.0404205 ms (enqueue 0.00260162 ms)
[09/08/2026-10:20:22] [I] Average on 10 runs - GPU latency: 0.0402954 ms - Host latency: 0.0402954 ms (enqueue 0.0027298 ms)
[09/08/2026-10:20:22] [I] Average on 10 runs - GPU latency: 0.0403183 ms - Host latency: 0.0403183 ms (enqueue 0.00261688 ms)
[09/08/2026-10:20:22] [I] Average on 10 runs - GPU latency: 0.0402908 ms - Host latency: 0.0402908 ms (enqueue 0.00264435 ms)
[09/08/2026-10:20:22] [I] Average on 10 runs - GPU latency: 0.0402832 ms - Host latency: 0.0402832 ms (enqueue 0.00265656 ms)
[09/08/2026-10:20:22] [I] Average on 10 runs - GPU latency: 0.0404343 ms - Host latency: 0.0404343 ms (enqueue 0.00267029 ms)
[09/08/2026-10:20:22] [I] Average on 10 runs - GPU latency: 0.0403198 ms - Host latency: 0.0403198 ms (enqueue 0.00264282 ms)
[09/08/2026-10:20:22] [I] Average on 10 runs - GPU latency: 0.0403168 ms - Host latency: 0.0403168 ms (enqueue 0.00263672 ms)
[09/08/2026-10:20:22] [I] Average on 10 runs - GPU latency: 0.0403061 ms - Host latency: 0.0403061 ms (enqueue 0.00270844 ms)
[09/08/2026-10:20:22] [I] Average on 10 runs - GPU latency: 0.0403137 ms - Host latency: 0.0403137 ms (enqueue 0.00260162 ms)
[09/08/2026-10:20:22] [I] Average on 10 runs - GPU latency: 0.0403931 ms - Host latency: 0.0403931 ms (enqueue 0.00267639 ms)
[09/08/2026-10:20:22] [I] Average on 10 runs - GPU latency: 0.0403122 ms - Host latency: 0.0403122 ms (enqueue 0.00268555 ms)
[09/08/2026-10:20:22] [I] Average on 10 runs - GPU latency: 0.0403122 ms - Host latency: 0.0403122 ms (enqueue 0.00257874 ms)
[09/08/2026-10:20:22] [I] Average on 10 runs - GPU latency: 0.0403168 ms - Host latency: 0.0403168 ms (enqueue 0.00267792 ms)
[09/08/2026-10:20:22] [I] Average on 10 runs - GPU latency: 0.0403046 ms - Host latency: 0.0403046 ms (enqueue 0.00268555 ms)
[09/08/2026-10:20:22] [I] Average on 10 runs - GPU latency: 0.0404221 ms - Host latency: 0.0404221 ms (enqueue 0.00266113 ms)
[09/08/2026-10:20:22] [I] Average on 10 runs - GPU latency: 0.0402771 ms - Host latency: 0.0402771 ms (enqueue 0.00266876 ms)
[09/08/2026-10:20:22] [I] Average on 10 runs - GPU latency: 0.0403198 ms - Host latency: 0.0403198 ms (enqueue 0.00265808 ms)
[09/08/2026-10:20:22] [I] Average on 10 runs - GPU latency: 0.0403137 ms - Host latency: 0.0403137 ms (enqueue 0.00267029 ms)
[09/08/2026-10:20:22] [I] Average on 10 runs - GPU latency: 0.0403076 ms - Host latency: 0.0403076 ms (enqueue 0.00263367 ms)
[09/08/2026-10:20:22] [I] Average on 10 runs - GPU latency: 0.0404175 ms - Host latency: 0.0404175 ms (enqueue 0.0026947 ms)
[09/08/2026-10:20:22] [I] Average on 10 runs - GPU latency: 0.0403198 ms - Host latency: 0.0403198 ms (enqueue 0.00267944 ms)
[09/08/2026-10:20:22] [I] Average on 10 runs - GPU latency: 0.0403168 ms - Host latency: 0.0403168 ms (enqueue 0.00265503 ms)
[09/08/2026-10:20:22] [I] Average on 10 runs - GPU latency: 0.0403198 ms - Host latency: 0.0403198 ms (enqueue 0.00267639 ms)
[09/08/2026-10:20:22] [I] Average on 10 runs - GPU latency: 0.0402985 ms - Host latency: 0.0402985 ms (enqueue 0.00266113 ms)
[09/08/2026-10:20:22] [I] Average on 10 runs - GPU latency: 0.0404022 ms - Host latency: 0.0404022 ms (enqueue 0.00267639 ms)
[09/08/2026-10:20:22] [I] Average on 10 runs - GPU latency: 0.040274 ms - Host latency: 0.040274 ms (enqueue 0.00272522 ms)
[09/08/2026-10:20:22] [I] Average on 10 runs - GPU latency: 0.0403076 ms - Host latency: 0.0403076 ms (enqueue 0.0026123 ms)
[09/08/2026-10:20:22] [I] Average on 10 runs - GPU latency: 0.0403198 ms - Host latency: 0.0403198 ms (enqueue 0.00263672 ms)
[09/08/2026-10:20:22] [I] Average on 10 runs - GPU latency: 0.0403076 ms - Host latency: 0.0403076 ms (enqueue 0.00269775 ms)
[09/08/2026-10:20:22] [I] Average on 10 runs - GPU latency: 0.0404114 ms - Host latency: 0.0404114 ms (enqueue 0.00262756 ms)
[09/08/2026-10:20:22] [I] Average on 10 runs - GPU latency: 0.0402924 ms - Host latency: 0.0402924 ms (enqueue 0.00262756 ms)
[09/08/2026-10:20:22] [I] Average on 10 runs - GPU latency: 0.0403046 ms - Host latency: 0.0403046 ms (enqueue 0.00262756 ms)
[09/08/2026-10:20:22] [I] Average on 10 runs - GPU latency: 0.0403168 ms - Host latency: 0.0403168 ms (enqueue 0.00263977 ms)
[09/08/2026-10:20:22] [I] Average on 10 runs - GPU latency: 0.0406158 ms - Host latency: 0.0406158 ms (enqueue 0.00262756 ms)
[09/08/2026-10:20:22] [I] Average on 10 runs - GPU latency: 0.0402771 ms - Host latency: 0.0402771 ms (enqueue 0.00262451 ms)
[09/08/2026-10:20:22] [I] Average on 10 runs - GPU latency: 0.0403076 ms - Host latency: 0.0403076 ms (enqueue 0.0026123 ms)
[09/08/2026-10:20:22] [I] Average on 10 runs - GPU latency: 0.0403107 ms - Host latency: 0.0403107 ms (enqueue 0.00270691 ms)
[09/08/2026-10:20:22] [I] Average on 10 runs - GPU latency: 0.0403259 ms - Host latency: 0.0403259 ms (enqueue 0.00269775 ms)
[09/08/2026-10:20:22] [I] Average on 10 runs - GPU latency: 0.0403748 ms - Host latency: 0.0403748 ms (enqueue 0.00271301 ms)
[09/08/2026-10:20:22] [I] Average on 10 runs - GPU latency: 0.0402863 ms - Host latency: 0.0402863 ms (enqueue 0.00262756 ms)
[09/08/2026-10:20:22] [I] Average on 10 runs - GPU latency: 0.0403015 ms - Host latency: 0.0403015 ms (enqueue 0.00330811 ms)
[09/08/2026-10:20:22] [I] Average on 10 runs - GPU latency: 0.0403015 ms - Host latency: 0.0403015 ms (enqueue 0.00265808 ms)
[09/08/2026-10:20:22] [I] Average on 10 runs - GPU latency: 0.040329 ms - Host latency: 0.040329 ms (enqueue 0.0026886 ms)
[09/08/2026-10:20:22] [I] Average on 10 runs - GPU latency: 0.0404205 ms - Host latency: 0.0404205 ms (enqueue 0.00267944 ms)
[09/08/2026-10:20:22] [I] Average on 10 runs - GPU latency: 0.0403168 ms - Host latency: 0.0403168 ms (enqueue 0.00267944 ms)
[09/08/2026-10:20:22] [I] Average on 10 runs - GPU latency: 0.0403137 ms - Host latency: 0.0403137 ms (enqueue 0.00263062 ms)
[09/08/2026-10:20:22] [I] Average on 10 runs - GPU latency: 0.0402924 ms - Host latency: 0.0402924 ms (enqueue 0.00265198 ms)
[09/08/2026-10:20:22] [I] Average on 10 runs - GPU latency: 0.0403107 ms - Host latency: 0.0403107 ms (enqueue 0.00258179 ms)
[09/08/2026-10:20:22] [I] Average on 10 runs - GPU latency: 0.0404053 ms - Host latency: 0.0404053 ms (enqueue 0.00271301 ms)
[09/08/2026-10:20:22] [I] Average on 10 runs - GPU latency: 0.0403046 ms - Host latency: 0.0403046 ms (enqueue 0.00274963 ms)
[09/08/2026-10:20:22] [I] Average on 10 runs - GPU latency: 0.0403107 ms - Host latency: 0.0403107 ms (enqueue 0.00262146 ms)
[09/08/2026-10:20:22] [I] Average on 10 runs - GPU latency: 0.0403137 ms - Host latency: 0.0403137 ms (enqueue 0.00265808 ms)
[09/08/2026-10:20:22] [I] Average on 10 runs - GPU latency: 0.0403076 ms - Host latency: 0.0403076 ms (enqueue 0.00264282 ms)
[09/08/2026-10:20:22] [I] Average on 10 runs - GPU latency: 0.0403931 ms - Host latency: 0.0403931 ms (enqueue 0.0026947 ms)
[09/08/2026-10:20:22] [I] Average on 10 runs - GPU latency: 0.0403076 ms - Host latency: 0.0403076 ms (enqueue 0.0026886 ms)
[09/08/2026-10:20:22] [I] Average on 10 runs - GPU latency: 0.0403015 ms - Host latency: 0.0403015 ms (enqueue 0.00269775 ms)
[09/08/2026-10:20:22] [I] Average on 10 runs - GPU latency: 0.0402954 ms - Host latency: 0.0402954 ms (enqueue 0.00266418 ms)
[09/08/2026-10:20:22] [I] Average on 10 runs - GPU latency: 0.0402954 ms - Host latency: 0.0402954 ms (enqueue 0.00330505 ms)
[09/08/2026-10:20:22] [I] Average on 10 runs - GPU latency: 0.0404236 ms - Host latency: 0.0404236 ms (enqueue 0.00265198 ms)
[09/08/2026-10:20:22] [I] Average on 10 runs - GPU latency: 0.0403046 ms - Host latency: 0.0403046 ms (enqueue 0.00266724 ms)
[09/08/2026-10:20:22] [I] Average on 10 runs - GPU latency: 0.0403107 ms - Host latency: 0.0403107 ms (enqueue 0.00272522 ms)
[09/08/2026-10:20:22] [I] Average on 10 runs - GPU latency: 0.0403198 ms - Host latency: 0.0403198 ms (enqueue 0.00253906 ms)
[09/08/2026-10:20:22] [I] Average on 10 runs - GPU latency: 0.0402802 ms - Host latency: 0.0402802 ms (enqueue 0.00264282 ms)
[09/08/2026-10:20:22] [I] Average on 10 runs - GPU latency: 0.0403931 ms - Host latency: 0.0403931 ms (enqueue 0.00264587 ms)
[09/08/2026-10:20:22] [I] Average on 10 runs - GPU latency: 0.0403076 ms - Host latency: 0.0403076 ms (enqueue 0.00262756 ms)
[09/08/2026-10:20:22] [I] Average on 10 runs - GPU latency: 0.0403137 ms - Host latency: 0.0403137 ms (enqueue 0.00269775 ms)
[09/08/2026-10:20:22] [I] Average on 10 runs - GPU latency: 0.0403351 ms - Host latency: 0.0403351 ms (enqueue 0.00270386 ms)
[09/08/2026-10:20:22] [I] Average on 10 runs - GPU latency: 0.0402679 ms - Host latency: 0.0402679 ms (enqueue 0.00274048 ms)
[09/08/2026-10:20:22] [I] Average on 10 runs - GPU latency: 0.0404053 ms - Host latency: 0.0404053 ms (enqueue 0.00266724 ms)
[09/08/2026-10:20:22] [I] Average on 10 runs - GPU latency: 0.0402985 ms - Host latency: 0.0402985 ms (enqueue 0.00263367 ms)
[09/08/2026-10:20:22] [I] Average on 10 runs - GPU latency: 0.0403137 ms - Host latency: 0.0403137 ms (enqueue 0.00267944 ms)
[09/08/2026-10:20:22] [I] Average on 10 runs - GPU latency: 0.0403107 ms - Host latency: 0.0403107 ms (enqueue 0.00263672 ms)
[09/08/2026-10:20:22] [I] Average on 10 runs - GPU latency: 0.0404144 ms - Host latency: 0.0404144 ms (enqueue 0.0026825 ms)
[09/08/2026-10:20:22] [I] Average on 10 runs - GPU latency: 0.0403229 ms - Host latency: 0.0403229 ms (enqueue 0.00270386 ms)
[09/08/2026-10:20:22] [I] Average on 10 runs - GPU latency: 0.0403198 ms - Host latency: 0.0403198 ms (enqueue 0.0032196 ms)
[09/08/2026-10:20:22] [I] Average on 10 runs - GPU latency: 0.0402924 ms - Host latency: 0.0402924 ms (enqueue 0.00263977 ms)
[09/08/2026-10:20:22] [I] Average on 10 runs - GPU latency: 0.0402893 ms - Host latency: 0.0402893 ms (enqueue 0.0026825 ms)
[09/08/2026-10:20:22] [I] Average on 10 runs - GPU latency: 0.0404297 ms - Host latency: 0.0404297 ms (enqueue 0.00254517 ms)
[09/08/2026-10:20:22] [I] Average on 10 runs - GPU latency: 0.0402985 ms - Host latency: 0.0402985 ms (enqueue 0.00269775 ms)
[09/08/2026-10:20:22] [I] Average on 10 runs - GPU latency: 0.0403137 ms - Host latency: 0.0403137 ms (enqueue 0.00258179 ms)
[09/08/2026-10:20:22] [I] Average on 10 runs - GPU latency: 0.0402985 ms - Host latency: 0.0402985 ms (enqueue 0.00264587 ms)
[09/08/2026-10:20:22] [I] Average on 10 runs - GPU latency: 0.0403076 ms - Host latency: 0.0403076 ms (enqueue 0.002771 ms)
[09/08/2026-10:20:22] [I] Average on 10 runs - GPU latency: 0.0403809 ms - Host latency: 0.0403809 ms (enqueue 0.00261841 ms)
[09/08/2026-10:20:22] [I] Average on 10 runs - GPU latency: 0.0402985 ms - Host latency: 0.0402985 ms (enqueue 0.00266113 ms)
[09/08/2026-10:20:22] [I] Average on 10 runs - GPU latency: 0.0403107 ms - Host latency: 0.0403107 ms (enqueue 0.00264282 ms)
[09/08/2026-10:20:22] [I] Average on 10 runs - GPU latency: 0.0403076 ms - Host latency: 0.0403076 ms (enqueue 0.00270691 ms)
[09/08/2026-10:20:22] [I] Average on 10 runs - GPU latency: 0.0403107 ms - Host latency: 0.0403107 ms (enqueue 0.00261841 ms)
[09/08/2026-10:20:22] [I] ... Omitting 65647 lines
[09/08/2026-10:20:22] [I] Average on 10 runs - GPU latency: 0.0402588 ms - Host latency: 0.0402588 ms (enqueue 0.00263672 ms)
[09/08/2026-10:20:22] [I] Average on 10 runs - GPU latency: 0.0403076 ms - Host latency: 0.0403076 ms (enqueue 0.00249023 ms)
[09/08/2026-10:20:22] [I] Average on 10 runs - GPU latency: 0.0402832 ms - Host latency: 0.0402832 ms (enqueue 0.00270996 ms)
[09/08/2026-10:20:22] [I] Average on 10 runs - GPU latency: 0.0404297 ms - Host latency: 0.0404297 ms (enqueue 0.00263672 ms)
[09/08/2026-10:20:22] [I] Average on 10 runs - GPU latency: 0.040332 ms - Host latency: 0.040332 ms (enqueue 0.00324707 ms)
[09/08/2026-10:20:22] [I] Average on 10 runs - GPU latency: 0.0402832 ms - Host latency: 0.0402832 ms (enqueue 0.00263672 ms)
[09/08/2026-10:20:22] [I] Average on 10 runs - GPU latency: 0.0402832 ms - Host latency: 0.0402832 ms (enqueue 0.00263672 ms)
[09/08/2026-10:20:22] [I] Average on 10 runs - GPU latency: 0.0403076 ms - Host latency: 0.0403076 ms (enqueue 0.00258789 ms)
[09/08/2026-10:20:22] [I] Average on 10 runs - GPU latency: 0.0404297 ms - Host latency: 0.0404297 ms (enqueue 0.00268555 ms)
[09/08/2026-10:20:22] [I] Average on 10 runs - GPU latency: 0.040332 ms - Host latency: 0.040332 ms (enqueue 0.00263672 ms)
[09/08/2026-10:20:22] [I] Average on 10 runs - GPU latency: 0.0405029 ms - Host latency: 0.0405029 ms (enqueue 0.00270996 ms)
[09/08/2026-10:20:22] [I] Average on 10 runs - GPU latency: 0.0403076 ms - Host latency: 0.0403076 ms (enqueue 0.00270996 ms)
[09/08/2026-10:20:22] [I] Average on 10 runs - GPU latency: 0.0403076 ms - Host latency: 0.0403076 ms (enqueue 0.00268555 ms)
[09/08/2026-10:20:22] [I] Average on 10 runs - GPU latency: 0.0404053 ms - Host latency: 0.0404053 ms (enqueue 0.0026123 ms)
[09/08/2026-10:20:22] [I] Average on 10 runs - GPU latency: 0.0403076 ms - Host latency: 0.0403076 ms (enqueue 0.00266113 ms)
[09/08/2026-10:20:22] [I] Average on 10 runs - GPU latency: 0.0403076 ms - Host latency: 0.0403076 ms (enqueue 0.00270996 ms)
[09/08/2026-10:20:22] [I] Average on 10 runs - GPU latency: 0.0402588 ms - Host latency: 0.0402588 ms (enqueue 0.00266113 ms)
[09/08/2026-10:20:22] [I] Average on 10 runs - GPU latency: 0.0403564 ms - Host latency: 0.0403564 ms (enqueue 0.00266113 ms)
[09/08/2026-10:20:22] [I] Average on 10 runs - GPU latency: 0.0403564 ms - Host latency: 0.0403564 ms (enqueue 0.00268555 ms)
[09/08/2026-10:20:22] [I] Average on 10 runs - GPU latency: 0.040332 ms - Host latency: 0.040332 ms (enqueue 0.00270996 ms)
[09/08/2026-10:20:22] [I] Average on 10 runs - GPU latency: 0.0402832 ms - Host latency: 0.0402832 ms (enqueue 0.00266113 ms)
[09/08/2026-10:20:22] [I] Average on 10 runs - GPU latency: 0.0403076 ms - Host latency: 0.0403076 ms (enqueue 0.0026123 ms)
[09/08/2026-10:20:22] [I] Average on 10 runs - GPU latency: 0.0404053 ms - Host latency: 0.0404053 ms (enqueue 0.00288086 ms)
[09/08/2026-10:20:22] [I] Average on 10 runs - GPU latency: 0.0402832 ms - Host latency: 0.0402832 ms (enqueue 0.00263672 ms)
[09/08/2026-10:20:22] [I] Average on 10 runs - GPU latency: 0.0403076 ms - Host latency: 0.0403076 ms (enqueue 0.00270996 ms)
[09/08/2026-10:20:22] [I] Average on 10 runs - GPU latency: 0.0402588 ms - Host latency: 0.0402588 ms (enqueue 0.0026123 ms)
[09/08/2026-10:20:22] [I] Average on 10 runs - GPU latency: 0.0403076 ms - Host latency: 0.0403076 ms (enqueue 0.00263672 ms)
[09/08/2026-10:20:22] [I] Average on 10 runs - GPU latency: 0.0404053 ms - Host latency: 0.0404053 ms (enqueue 0.0026123 ms)
[09/08/2026-10:20:22] [I] Average on 10 runs - GPU latency: 0.0403564 ms - Host latency: 0.0403564 ms (enqueue 0.00263672 ms)
[09/08/2026-10:20:22] [I] Average on 10 runs - GPU latency: 0.0402832 ms - Host latency: 0.0402832 ms (enqueue 0.00266113 ms)
[09/08/2026-10:20:22] [I] Average on 10 runs - GPU latency: 0.0403076 ms - Host latency: 0.0403076 ms (enqueue 0.0026123 ms)
[09/08/2026-10:20:22] [I] Average on 10 runs - GPU latency: 0.0403076 ms - Host latency: 0.0403076 ms (enqueue 0.0026123 ms)
[09/08/2026-10:20:22] [I] Average on 10 runs - GPU latency: 0.0404053 ms - Host latency: 0.0404053 ms (enqueue 0.00268555 ms)
[09/08/2026-10:20:22] [I] Average on 10 runs - GPU latency: 0.0402832 ms - Host latency: 0.0402832 ms (enqueue 0.0026123 ms)
[09/08/2026-10:20:22] [I] Average on 10 runs - GPU latency: 0.0403564 ms - Host latency: 0.0403564 ms (enqueue 0.00270996 ms)
[09/08/2026-10:20:22] [I] Average on 10 runs - GPU latency: 0.040332 ms - Host latency: 0.040332 ms (enqueue 0.00266113 ms)
[09/08/2026-10:20:22] [I] Average on 10 runs - GPU latency: 0.040332 ms - Host latency: 0.040332 ms (enqueue 0.00263672 ms)
[09/08/2026-10:20:22] [I] Average on 10 runs - GPU latency: 0.0404297 ms - Host latency: 0.0404297 ms (enqueue 0.00270996 ms)
[09/08/2026-10:20:22] [I] Average on 10 runs - GPU latency: 0.0402832 ms - Host latency: 0.0402832 ms (enqueue 0.0026123 ms)
[09/08/2026-10:20:22] [I] Average on 10 runs - GPU latency: 0.0402832 ms - Host latency: 0.0402832 ms (enqueue 0.00266113 ms)
[09/08/2026-10:20:22] [I] Average on 10 runs - GPU latency: 0.040332 ms - Host latency: 0.040332 ms (enqueue 0.00268555 ms)
[09/08/2026-10:20:22] [I] Average on 10 runs - GPU latency: 0.0402588 ms - Host latency: 0.0402588 ms (enqueue 0.0026123 ms)
[09/08/2026-10:20:22] [I] Average on 10 runs - GPU latency: 0.0404297 ms - Host latency: 0.0404297 ms (enqueue 0.00268555 ms)
[09/08/2026-10:20:22] [I] Average on 10 runs - GPU latency: 0.0403076 ms - Host latency: 0.0403076 ms (enqueue 0.00273437 ms)
[09/08/2026-10:20:22] [I] Average on 10 runs - GPU latency: 0.0403076 ms - Host latency: 0.0403076 ms (enqueue 0.0026123 ms)
[09/08/2026-10:20:22] [I] Average on 10 runs - GPU latency: 0.040332 ms - Host latency: 0.040332 ms (enqueue 0.00268555 ms)
[09/08/2026-10:20:22] [I] Average on 10 runs - GPU latency: 0.040332 ms - Host latency: 0.040332 ms (enqueue 0.0026123 ms)
[09/08/2026-10:20:22] [I] Average on 10 runs - GPU latency: 0.0404297 ms - Host latency: 0.0404297 ms (enqueue 0.00268555 ms)
[09/08/2026-10:20:22] [I] Average on 10 runs - GPU latency: 0.040332 ms - Host latency: 0.040332 ms (enqueue 0.00258789 ms)
[09/08/2026-10:20:22] [I] Average on 10 runs - GPU latency: 0.0403076 ms - Host latency: 0.0403076 ms (enqueue 0.00273437 ms)
[09/08/2026-10:20:22] [I] Average on 10 runs - GPU latency: 0.0402832 ms - Host latency: 0.0402832 ms (enqueue 0.00253906 ms)
[09/08/2026-10:20:22] [I] Average on 10 runs - GPU latency: 0.0403076 ms - Host latency: 0.0403076 ms (enqueue 0.00266113 ms)
[09/08/2026-10:20:22] [I] Average on 10 runs - GPU latency: 0.0404297 ms - Host latency: 0.0404297 ms (enqueue 0.0026123 ms)
[09/08/2026-10:20:22] [I] Average on 10 runs - GPU latency: 0.0403076 ms - Host latency: 0.0403076 ms (enqueue 0.00253906 ms)
[09/08/2026-10:20:22] [I] Average on 10 runs - GPU latency: 0.040332 ms - Host latency: 0.040332 ms (enqueue 0.00266113 ms)
[09/08/2026-10:20:22] [I] Average on 10 runs - GPU latency: 0.040332 ms - Host latency: 0.040332 ms (enqueue 0.00263672 ms)
[09/08/2026-10:20:22] [I] Average on 10 runs - GPU latency: 0.0405029 ms - Host latency: 0.0405029 ms (enqueue 0.00268555 ms)
[09/08/2026-10:20:22] [I] Average on 10 runs - GPU latency: 0.0403076 ms - Host latency: 0.0403076 ms (enqueue 0.00256348 ms)
[09/08/2026-10:20:22] [I] Average on 10 runs - GPU latency: 0.040332 ms - Host latency: 0.040332 ms (enqueue 0.00273437 ms)
[09/08/2026-10:20:22] [I] Average on 10 runs - GPU latency: 0.0403076 ms - Host latency: 0.0403076 ms (enqueue 0.00266113 ms)
[09/08/2026-10:20:22] [I] Average on 10 runs - GPU latency: 0.040332 ms - Host latency: 0.040332 ms (enqueue 0.00258789 ms)
[09/08/2026-10:20:22] [I] Average on 10 runs - GPU latency: 0.0403564 ms - Host latency: 0.0403564 ms (enqueue 0.00300293 ms)
[09/08/2026-10:20:22] [I] Average on 10 runs - GPU latency: 0.0403076 ms - Host latency: 0.0403076 ms (enqueue 0.00266113 ms)
[09/08/2026-10:20:22] [I] Average on 10 runs - GPU latency: 0.040332 ms - Host latency: 0.040332 ms (enqueue 0.00263672 ms)
[09/08/2026-10:20:22] [I] Average on 10 runs - GPU latency: 0.0403076 ms - Host latency: 0.0403076 ms (enqueue 0.00275879 ms)
[09/08/2026-10:20:22] [I] Average on 10 runs - GPU latency: 0.0403076 ms - Host latency: 0.0403076 ms (enqueue 0.00251465 ms)
[09/08/2026-10:20:22] [I] Average on 10 runs - GPU latency: 0.0404053 ms - Host latency: 0.0404053 ms (enqueue 0.0026123 ms)
[09/08/2026-10:20:22] [I] Average on 10 runs - GPU latency: 0.0402832 ms - Host latency: 0.0402832 ms (enqueue 0.0026123 ms)
[09/08/2026-10:20:22] [I] Average on 10 runs - GPU latency: 0.0403076 ms - Host latency: 0.0403076 ms (enqueue 0.00263672 ms)
[09/08/2026-10:20:22] [I] Average on 10 runs - GPU latency: 0.0402588 ms - Host latency: 0.0402588 ms (enqueue 0.00258789 ms)
[09/08/2026-10:20:22] [I] Average on 10 runs - GPU latency: 0.0402832 ms - Host latency: 0.0402832 ms (enqueue 0.0026123 ms)
[09/08/2026-10:20:22] [I] Average on 10 runs - GPU latency: 0.0403564 ms - Host latency: 0.0403564 ms (enqueue 0.00292969 ms)
[09/08/2026-10:20:22] [I] Average on 10 runs - GPU latency: 0.040332 ms - Host latency: 0.040332 ms (enqueue 0.00268555 ms)
[09/08/2026-10:20:22] [I] Average on 10 runs - GPU latency: 0.040332 ms - Host latency: 0.040332 ms (enqueue 0.00266113 ms)
[09/08/2026-10:20:22] [I] Average on 10 runs - GPU latency: 0.0402832 ms - Host latency: 0.0402832 ms (enqueue 0.00263672 ms)
[09/08/2026-10:20:22] [I] Average on 10 runs - GPU latency: 0.0403076 ms - Host latency: 0.0403076 ms (enqueue 0.00273437 ms)
[09/08/2026-10:20:22] [I] Average on 10 runs - GPU latency: 0.0404053 ms - Host latency: 0.0404053 ms (enqueue 0.00270996 ms)
[09/08/2026-10:20:22] [I] Average on 10 runs - GPU latency: 0.0402832 ms - Host latency: 0.0402832 ms (enqueue 0.00253906 ms)
[09/08/2026-10:20:22] [I] Average on 10 runs - GPU latency: 0.040332 ms - Host latency: 0.040332 ms (enqueue 0.00256348 ms)
[09/08/2026-10:20:22] [I] Average on 10 runs - GPU latency: 0.0403076 ms - Host latency: 0.0403076 ms (enqueue 0.00258789 ms)
[09/08/2026-10:20:22] [I] Average on 10 runs - GPU latency: 0.0403076 ms - Host latency: 0.0403076 ms (enqueue 0.0026123 ms)
[09/08/2026-10:20:22] [I] Average on 10 runs - GPU latency: 0.0404297 ms - Host latency: 0.0404297 ms (enqueue 0.00258789 ms)
[09/08/2026-10:20:22] [I] Average on 10 runs - GPU latency: 0.0403076 ms - Host latency: 0.0403076 ms (enqueue 0.00256348 ms)
[09/08/2026-10:20:22] [I] Average on 10 runs - GPU latency: 0.040332 ms - Host latency: 0.040332 ms (enqueue 0.00263672 ms)
[09/08/2026-10:20:22] [I] Average on 10 runs - GPU latency: 0.040332 ms - Host latency: 0.040332 ms (enqueue 0.00263672 ms)
[09/08/2026-10:20:22] [I] Average on 10 runs - GPU latency: 0.0403076 ms - Host latency: 0.0403076 ms (enqueue 0.00270996 ms)
[09/08/2026-10:20:22] [I] Average on 10 runs - GPU latency: 0.0404541 ms - Host latency: 0.0404541 ms (enqueue 0.00273437 ms)
[09/08/2026-10:20:22] [I] Average on 10 runs - GPU latency: 0.040332 ms - Host latency: 0.040332 ms (enqueue 0.00270996 ms)
[09/08/2026-10:20:22] [I] Average on 10 runs - GPU latency: 0.0402832 ms - Host latency: 0.0402832 ms (enqueue 0.00258789 ms)
[09/08/2026-10:20:22] [I] Average on 10 runs - GPU latency: 0.0403076 ms - Host latency: 0.0403076 ms (enqueue 0.00275879 ms)
[09/08/2026-10:20:22] [I] Average on 10 runs - GPU latency: 0.040332 ms - Host latency: 0.040332 ms (enqueue 0.00268555 ms)
[09/08/2026-10:20:22] [I] Average on 10 runs - GPU latency: 0.0403809 ms - Host latency: 0.0403809 ms (enqueue 0.00273437 ms)
[09/08/2026-10:20:22] [I] Average on 10 runs - GPU latency: 0.0403076 ms - Host latency: 0.0403076 ms (enqueue 0.00266113 ms)
[09/08/2026-10:20:22] [I] Average on 10 runs - GPU latency: 0.0403076 ms - Host latency: 0.0403076 ms (enqueue 0.00263672 ms)
[09/08/2026-10:20:22] [I] Average on 10 runs - GPU latency: 0.040332 ms - Host latency: 0.040332 ms (enqueue 0.00256348 ms)
[09/08/2026-10:20:22] [I] Average on 10 runs - GPU latency: 0.0404053 ms - Host latency: 0.0404053 ms (enqueue 0.00275879 ms)
[09/08/2026-10:20:22] [I] Average on 10 runs - GPU latency: 0.0403564 ms - Host latency: 0.0403564 ms (enqueue 0.00253906 ms)
[09/08/2026-10:20:22] [I] Average on 10 runs - GPU latency: 0.0403076 ms - Host latency: 0.0403076 ms (enqueue 0.00268555 ms)
[09/08/2026-10:20:22] [I] Average on 10 runs - GPU latency: 0.040332 ms - Host latency: 0.040332 ms (enqueue 0.00258789 ms)
[09/08/2026-10:20:22] [I] Average on 10 runs - GPU latency: 0.0403076 ms - Host latency: 0.0403076 ms (enqueue 0.00270996 ms)
[09/08/2026-10:20:22] [I] Average on 10 runs - GPU latency: 0.0404297 ms - Host latency: 0.0404297 ms (enqueue 0.00256348 ms)
[09/08/2026-10:20:22] [I] Average on 10 runs - GPU latency: 0.0403076 ms - Host latency: 0.0403076 ms (enqueue 0.0026123 ms)
[09/08/2026-10:20:22] [I] Average on 10 runs - GPU latency: 0.0403076 ms - Host latency: 0.0403076 ms (enqueue 0.00266113 ms)
[09/08/2026-10:20:22] [I] Average on 10 runs - GPU latency: 0.040332 ms - Host latency: 0.040332 ms (enqueue 0.00263672 ms)
[09/08/2026-10:20:22] [I] Average on 10 runs - GPU latency: 0.040332 ms - Host latency: 0.040332 ms (enqueue 0.00270996 ms)
[09/08/2026-10:20:22] [I] Average on 10 runs - GPU latency: 0.0404053 ms - Host latency: 0.0404053 ms (enqueue 0.00268555 ms)
[09/08/2026-10:20:22] [I] Average on 10 runs - GPU latency: 0.0402832 ms - Host latency: 0.0402832 ms (enqueue 0.00266113 ms)
[09/08/2026-10:20:22] [I] Average on 10 runs - GPU latency: 0.0403076 ms - Host latency: 0.0403076 ms (enqueue 0.00263672 ms)
[09/08/2026-10:20:22] [I] Average on 10 runs - GPU latency: 0.0403076 ms - Host latency: 0.0403076 ms (enqueue 0.0026123 ms)
[09/08/2026-10:20:22] [I] Average on 10 runs - GPU latency: 0.0402832 ms - Host latency: 0.0402832 ms (enqueue 0.00270996 ms)
[09/08/2026-10:20:22] [I] Average on 10 runs - GPU latency: 0.0404297 ms - Host latency: 0.0404297 ms (enqueue 0.00263672 ms)
[09/08/2026-10:20:22] [I] Average on 10 runs - GPU latency: 0.0403076 ms - Host latency: 0.0403076 ms (enqueue 0.00263672 ms)
[09/08/2026-10:20:22] [I] Average on 10 runs - GPU latency: 0.0402588 ms - Host latency: 0.0402588 ms (enqueue 0.00275879 ms)
[09/08/2026-10:20:22] [I] Average on 10 runs - GPU latency: 0.0403076 ms - Host latency: 0.0403076 ms (enqueue 0.00256348 ms)
[09/08/2026-10:20:22] [I] Average on 10 runs - GPU latency: 0.0403076 ms - Host latency: 0.0403076 ms (enqueue 0.00266113 ms)
[09/08/2026-10:20:22] [I] Average on 10 runs - GPU latency: 0.0404541 ms - Host latency: 0.0404541 ms (enqueue 0.00273437 ms)
[09/08/2026-10:20:22] [I] Average on 10 runs - GPU latency: 0.040332 ms - Host latency: 0.040332 ms (enqueue 0.00266113 ms)
[09/08/2026-10:20:22] [I] Average on 10 runs - GPU latency: 0.040332 ms - Host latency: 0.040332 ms (enqueue 0.00266113 ms)
[09/08/2026-10:20:22] [I] Average on 10 runs - GPU latency: 0.0402832 ms - Host latency: 0.0402832 ms (enqueue 0.00266113 ms)
[09/08/2026-10:20:22] [I] Average on 10 runs - GPU latency: 0.0402588 ms - Host latency: 0.0402588 ms (enqueue 0.00256348 ms)
[09/08/2026-10:20:22] [I] Average on 10 runs - GPU latency: 0.0403809 ms - Host latency: 0.0403809 ms (enqueue 0.00285645 ms)
[09/08/2026-10:20:22] [I] Average on 10 runs - GPU latency: 0.0404297 ms - Host latency: 0.0404297 ms (enqueue 0.00275879 ms)
[09/08/2026-10:20:22] [I] Average on 10 runs - GPU latency: 0.0403564 ms - Host latency: 0.0403564 ms (enqueue 0.00263672 ms)
[09/08/2026-10:20:22] [I] Average on 10 runs - GPU latency: 0.0403076 ms - Host latency: 0.0403076 ms (enqueue 0.0026123 ms)
[09/08/2026-10:20:22] [I] Average on 10 runs - GPU latency: 0.040332 ms - Host latency: 0.040332 ms (enqueue 0.0026123 ms)
[09/08/2026-10:20:22] [I] Average on 10 runs - GPU latency: 0.0404053 ms - Host latency: 0.0404053 ms (enqueue 0.0026123 ms)
[09/08/2026-10:20:22] [I] Average on 10 runs - GPU latency: 0.0403076 ms - Host latency: 0.0403076 ms (enqueue 0.00258789 ms)
[09/08/2026-10:20:22] [I] Average on 10 runs - GPU latency: 0.0403076 ms - Host latency: 0.0403076 ms (enqueue 0.00270996 ms)
[09/08/2026-10:20:22] [I] Average on 10 runs - GPU latency: 0.040332 ms - Host latency: 0.040332 ms (enqueue 0.00268555 ms)
[09/08/2026-10:20:22] [I] Average on 10 runs - GPU latency: 0.0402832 ms - Host latency: 0.0402832 ms (enqueue 0.00263672 ms)
[09/08/2026-10:20:22] [I] Average on 10 runs - GPU latency: 0.0404541 ms - Host latency: 0.0404541 ms (enqueue 0.00263672 ms)
[09/08/2026-10:20:22] [I] Average on 10 runs - GPU latency: 0.0402588 ms - Host latency: 0.0402588 ms (enqueue 0.00268555 ms)
[09/08/2026-10:20:22] [I] Average on 10 runs - GPU latency: 0.0403076 ms - Host latency: 0.0403076 ms (enqueue 0.00270996 ms)
[09/08/2026-10:20:22] [I] Average on 10 runs - GPU latency: 0.0403076 ms - Host latency: 0.0403076 ms (enqueue 0.00263672 ms)
[09/08/2026-10:20:22] [I] Average on 10 runs - GPU latency: 0.0404053 ms - Host latency: 0.0404053 ms (enqueue 0.00327148 ms)
[09/08/2026-10:20:22] [I] Average on 10 runs - GPU latency: 0.0403076 ms - Host latency: 0.0403076 ms (enqueue 0.00256348 ms)
[09/08/2026-10:20:22] [I] Average on 10 runs - GPU latency: 0.040332 ms - Host latency: 0.040332 ms (enqueue 0.00263672 ms)
[09/08/2026-10:20:22] [I] Average on 10 runs - GPU latency: 0.0403076 ms - Host latency: 0.0403076 ms (enqueue 0.0026123 ms)
[09/08/2026-10:20:22] [I] Average on 10 runs - GPU latency: 0.0403076 ms - Host latency: 0.0403076 ms (enqueue 0.00256348 ms)
[09/08/2026-10:20:22] [I] Average on 10 runs - GPU latency: 0.0404297 ms - Host latency: 0.0404297 ms (enqueue 0.00266113 ms)
[09/08/2026-10:20:22] [I] Average on 10 runs - GPU latency: 0.0402832 ms - Host latency: 0.0402832 ms (enqueue 0.0026123 ms)
[09/08/2026-10:20:22] [I] Average on 10 runs - GPU latency: 0.0402832 ms - Host latency: 0.0402832 ms (enqueue 0.00268555 ms)
[09/08/2026-10:20:22] [I] Average on 10 runs - GPU latency: 0.0403076 ms - Host latency: 0.0403076 ms (enqueue 0.00263672 ms)
[09/08/2026-10:20:22] [I] Average on 10 runs - GPU latency: 0.0402832 ms - Host latency: 0.0402832 ms (enqueue 0.00258789 ms)
[09/08/2026-10:20:22] [I] Average on 10 runs - GPU latency: 0.0403809 ms - Host latency: 0.0403809 ms (enqueue 0.0027832 ms)
[09/08/2026-10:20:22] [I] Average on 10 runs - GPU latency: 0.0402588 ms - Host latency: 0.0402588 ms (enqueue 0.00275879 ms)
[09/08/2026-10:20:22] [I] Average on 10 runs - GPU latency: 0.0403076 ms - Host latency: 0.0403076 ms (enqueue 0.0026123 ms)
[09/08/2026-10:20:22] [I] Average on 10 runs - GPU latency: 0.0403564 ms - Host latency: 0.0403564 ms (enqueue 0.00266113 ms)
[09/08/2026-10:20:22] [I] Average on 10 runs - GPU latency: 0.0403076 ms - Host latency: 0.0403076 ms (enqueue 0.00263672 ms)
[09/08/2026-10:20:22] [I] Average on 10 runs - GPU latency: 0.0404053 ms - Host latency: 0.0404053 ms (enqueue 0.0026123 ms)
[09/08/2026-10:20:22] [I] Average on 10 runs - GPU latency: 0.0402832 ms - Host latency: 0.0402832 ms (enqueue 0.00270996 ms)
[09/08/2026-10:20:22] [I] Average on 10 runs - GPU latency: 0.0403076 ms - Host latency: 0.0403076 ms (enqueue 0.00334473 ms)
[09/08/2026-10:20:22] [I] Average on 10 runs - GPU latency: 0.0403076 ms - Host latency: 0.0403076 ms (enqueue 0.00263672 ms)
[09/08/2026-10:20:22] [I] Average on 10 runs - GPU latency: 0.0402832 ms - Host latency: 0.0402832 ms (enqueue 0.00270996 ms)
[09/08/2026-10:20:22] [I] Average on 10 runs - GPU latency: 0.0404297 ms - Host latency: 0.0404297 ms (enqueue 0.00275879 ms)
[09/08/2026-10:20:22] [I] Average on 10 runs - GPU latency: 0.0403076 ms - Host latency: 0.0403076 ms (enqueue 0.00263672 ms)
[09/08/2026-10:20:22] [I] Average on 10 runs - GPU latency: 0.0403076 ms - Host latency: 0.0403076 ms (enqueue 0.00266113 ms)
[09/08/2026-10:20:22] [I] Average on 10 runs - GPU latency: 0.0402588 ms - Host latency: 0.0402588 ms (enqueue 0.00263672 ms)
[09/08/2026-10:20:22] [I] Average on 10 runs - GPU latency: 0.0403076 ms - Host latency: 0.0403076 ms (enqueue 0.00258789 ms)
[09/08/2026-10:20:22] [I] Average on 10 runs - GPU latency: 0.0403809 ms - Host latency: 0.0403809 ms (enqueue 0.00263672 ms)
[09/08/2026-10:20:22] [I] Average on 10 runs - GPU latency: 0.040332 ms - Host latency: 0.040332 ms (enqueue 0.00256348 ms)
[09/08/2026-10:20:22] [I] Average on 10 runs - GPU latency: 0.0403076 ms - Host latency: 0.0403076 ms (enqueue 0.00268555 ms)
[09/08/2026-10:20:22] [I] Average on 10 runs - GPU latency: 0.0402832 ms - Host latency: 0.0402832 ms (enqueue 0.00273437 ms)
[09/08/2026-10:20:22] [I] Average on 10 runs - GPU latency: 0.040332 ms - Host latency: 0.040332 ms (enqueue 0.0026123 ms)
[09/08/2026-10:20:22] [I] Average on 10 runs - GPU latency: 0.0404297 ms - Host latency: 0.0404297 ms (enqueue 0.00263672 ms)
[09/08/2026-10:20:22] [I] Average on 10 runs - GPU latency: 0.0403076 ms - Host latency: 0.0403076 ms (enqueue 0.00268555 ms)
[09/08/2026-10:20:22] [I] Average on 10 runs - GPU latency: 0.0402588 ms - Host latency: 0.0402588 ms (enqueue 0.00258789 ms)
[09/08/2026-10:20:22] [I] Average on 10 runs - GPU latency: 0.0403076 ms - Host latency: 0.0403076 ms (enqueue 0.00268555 ms)
[09/08/2026-10:20:22] [I] Average on 10 runs - GPU latency: 0.040332 ms - Host latency: 0.040332 ms (enqueue 0.0034668 ms)
[09/08/2026-10:20:22] [I] Average on 10 runs - GPU latency: 0.0403809 ms - Host latency: 0.0403809 ms (enqueue 0.00266113 ms)
[09/08/2026-10:20:22] [I] Average on 10 runs - GPU latency: 0.0403076 ms - Host latency: 0.0403076 ms (enqueue 0.00266113 ms)
[09/08/2026-10:20:22] [I] Average on 10 runs - GPU latency: 0.0403076 ms - Host latency: 0.0403076 ms (enqueue 0.0026123 ms)
[09/08/2026-10:20:22] [I] Average on 10 runs - GPU latency: 0.040332 ms - Host latency: 0.040332 ms (enqueue 0.00263672 ms)
[09/08/2026-10:20:22] [I] Average on 10 runs - GPU latency: 0.040332 ms - Host latency: 0.040332 ms (enqueue 0.00268555 ms)
[09/08/2026-10:20:22] [I] Average on 10 runs - GPU latency: 0.0403809 ms - Host latency: 0.0403809 ms (enqueue 0.00266113 ms)
[09/08/2026-10:20:22] [I] Average on 10 runs - GPU latency: 0.0402832 ms - Host latency: 0.0402832 ms (enqueue 0.00268555 ms)
[09/08/2026-10:20:22] [I] Average on 10 runs - GPU latency: 0.0403076 ms - Host latency: 0.0403076 ms (enqueue 0.00268555 ms)
[09/08/2026-10:20:22] [I] Average on 10 runs - GPU latency: 0.040332 ms - Host latency: 0.040332 ms (enqueue 0.00263672 ms)
[09/08/2026-10:20:22] [I] Average on 10 runs - GPU latency: 0.0403809 ms - Host latency: 0.0403809 ms (enqueue 0.00283203 ms)
[09/08/2026-10:20:22] [I] Average on 10 runs - GPU latency: 0.0403076 ms - Host latency: 0.0403076 ms (enqueue 0.00268555 ms)
[09/08/2026-10:20:22] [I] Average on 10 runs - GPU latency: 0.0402588 ms - Host latency: 0.0402588 ms (enqueue 0.00253906 ms)
[09/08/2026-10:20:22] [I] Average on 10 runs - GPU latency: 0.040332 ms - Host latency: 0.040332 ms (enqueue 0.00258789 ms)
[09/08/2026-10:20:22] [I] Average on 10 runs - GPU latency: 0.0403076 ms - Host latency: 0.0403076 ms (enqueue 0.00266113 ms)
[09/08/2026-10:20:22] [I] Average on 10 runs - GPU latency: 0.0403564 ms - Host latency: 0.0403564 ms (enqueue 0.00270996 ms)
[09/08/2026-10:20:22] [I] Average on 10 runs - GPU latency: 0.0403076 ms - Host latency: 0.0403076 ms (enqueue 0.00268555 ms)
[09/08/2026-10:20:22] [I] Average on 10 runs - GPU latency: 0.040332 ms - Host latency: 0.040332 ms (enqueue 0.00258789 ms)
[09/08/2026-10:20:22] [I] Average on 10 runs - GPU latency: 0.0403076 ms - Host latency: 0.0403076 ms (enqueue 0.00263672 ms)
[09/08/2026-10:20:22] [I] Average on 10 runs - GPU latency: 0.0403076 ms - Host latency: 0.0403076 ms (enqueue 0.0026123 ms)
[09/08/2026-10:20:22] [I] Average on 10 runs - GPU latency: 0.0403809 ms - Host latency: 0.0403809 ms (enqueue 0.00266113 ms)
[09/08/2026-10:20:22] [I] Average on 10 runs - GPU latency: 0.0403076 ms - Host latency: 0.0403076 ms (enqueue 0.00263672 ms)
[09/08/2026-10:20:22] [I] Average on 10 runs - GPU latency: 0.040332 ms - Host latency: 0.040332 ms (enqueue 0.00263672 ms)
[09/08/2026-10:20:22] [I] Average on 10 runs - GPU latency: 0.040332 ms - Host latency: 0.040332 ms (enqueue 0.00266113 ms)
[09/08/2026-10:20:22] [I] Average on 10 runs - GPU latency: 0.0403076 ms - Host latency: 0.0403076 ms (enqueue 0.00266113 ms)
[09/08/2026-10:20:22] [I] Average on 10 runs - GPU latency: 0.0404541 ms - Host latency: 0.0404541 ms (enqueue 0.00263672 ms)
[09/08/2026-10:20:22] [I] Average on 10 runs - GPU latency: 0.0402588 ms - Host latency: 0.0402588 ms (enqueue 0.00263672 ms)
[09/08/2026-10:20:22] [I] Average on 10 runs - GPU latency: 0.0402588 ms - Host latency: 0.0402588 ms (enqueue 0.00251465 ms)
[09/08/2026-10:20:22] [I] Average on 10 runs - GPU latency: 0.0402832 ms - Host latency: 0.0402832 ms (enqueue 0.00266113 ms)
[09/08/2026-10:20:22] [I] Average on 10 runs - GPU latency: 0.040332 ms - Host latency: 0.040332 ms (enqueue 0.00263672 ms)
[09/08/2026-10:20:22] [I] Average on 10 runs - GPU latency: 0.0403809 ms - Host latency: 0.0403809 ms (enqueue 0.00273437 ms)
[09/08/2026-10:20:22] [I] Average on 10 runs - GPU latency: 0.040332 ms - Host latency: 0.040332 ms (enqueue 0.00263672 ms)
[09/08/2026-10:20:22] [I]
[09/08/2026-10:20:22] [I] === Performance summary ===
[09/08/2026-10:20:22] [I] Throughput: 23215 qps
[09/08/2026-10:20:22] [I] Latency: min = 0.0395508 ms, max = 0.0682373 ms, mean = 0.0403384 ms, median = 0.0402832 ms, percentile(90%) = 0.0404663 ms, percentile(95%) = 0.0405273 ms, percentile(99%) = 0.0413513 ms
[09/08/2026-10:20:22] [I] Enqueue Time: min = 0.00195312 ms, max = 0.0372314 ms, mean = 0.00266414 ms, median = 0.00268555 ms, percentile(90%) = 0.00292969 ms, percentile(95%) = 0.00292969 ms, percentile(99%) = 0.00317383 ms
[09/08/2026-10:20:22] [I] H2D Latency: min = 0 ms, max = 0 ms, mean = 0 ms, median = 0 ms, percentile(90%) = 0 ms, percentile(95%) = 0 ms, percentile(99%) = 0 ms
[09/08/2026-10:20:22] [I] GPU Compute Time: min = 0.0395508 ms, max = 0.0682373 ms, mean = 0.0403384 ms, median = 0.0402832 ms, percentile(90%) = 0.0404663 ms, percentile(95%) = 0.0405273 ms, percentile(99%) = 0.0413513 ms
[09/08/2026-10:20:22] [I] D2H Latency: min = 0 ms, max = 0 ms, mean = 0 ms, median = 0 ms, percentile(90%) = 0 ms, percentile(95%) = 0 ms, percentile(99%) = 0 ms
[09/08/2026-10:20:22] [I] Total Host Walltime: 3.00009 s
[09/08/2026-10:20:22] [I] Total GPU Compute Time: 2.80945 s
[09/08/2026-10:20:22] [I] Explanations of the performance metrics are printed in the verbose logs.
[09/08/2026-10:20:22] [I]
[09/08/2026-10:20:22] [I] Capturing CUDA graph for the current execution context
[09/08/2026-10:20:22] [I] Successfully captured CUDA graph for the current execution context. When profiling with Nsight Systems, add "--cuda-graph-trace=node" to the nsys command to see per-kernel execution times.
&&&& PASSED TensorRT.trtexec [TensorRT v110000] [b114] # trtexec --loadEngine=./model-trained-reference.trt --exportProfile=./model-trained-reference-exportProfile.json
