[TensorRT-Cookbook] Version: 2.0.0
[09/09/2026-10:17:08] [TRT] [W] Using default stream in enqueueV3() may lead to performance issues due to additional calls to cudaStreamSynchronize() by TensorRT to ensure correct synchronization. Please use non-default stream instead.
============================== Start [case_simple,(),{}]

================ Public members of <tensorrt.tensorrt.IUnsqueezeLayer object at 0x7c79b40e3030> (instance)
 0 Callback members: []
 0 Callable methods: []
 0 Non-callable attributions: []
Input ->DataType.FLOAT, (3, 4, 5), (3, 4, 5), tensor
Output->DataType.FLOAT, (3, 1, 1, 4, 5), (3, 1, 1, 4, 5), (Unnamed Layer* 1) [Unsqueeze]_output
tensor
[[[1. 1. 1. 1. 1.]
  [1. 1. 1. 1. 1.]
  [1. 1. 1. 1. 1.]
  [1. 1. 1. 1. 1.]]

 [[1. 1. 1. 1. 1.]
  [1. 1. 1. 1. 1.]
  [1. 1. 1. 1. 1.]
  [1. 1. 1. 1. 1.]]

 [[1. 1. 1. 1. 1.]
  [1. 1. 1. 1. 1.]
  [1. 1. 1. 1. 1.]
  [1. 1. 1. 1. 1.]]]
(Unnamed Layer* 1) [Unsqueeze]_output
[[[[[1. 1. 1. 1. 1.]
    [1. 1. 1. 1. 1.]
    [1. 1. 1. 1. 1.]
    [1. 1. 1. 1. 1.]]]]



 [[[[1. 1. 1. 1. 1.]
    [1. 1. 1. 1. 1.]
    [1. 1. 1. 1. 1.]
    [1. 1. 1. 1. 1.]]]]



 [[[[1. 1. 1. 1. 1.]
    [1. 1. 1. 1. 1.]
    [1. 1. 1. 1. 1.]
    [1. 1. 1. 1. 1.]]]]]
============================== End   [case_simple]
Finish
