[TensorRT-Cookbook] Version: 2.0.0
============================== Start [case_build,(),{}]
    $ trtexec --onnx=/work/trt-samples-for-hackathon-cn-wili/cookbook/00-Data/model/model-trained.onnx --saveEngine=/work/trt-samples-for-hackathon-cn-wili/cookbook/07-Tool/trex/11-ProcessEnginePipeline/pipeline_out/model-trained.engine --profilingVerbosity=detailed --exportLayerInfo=/work/trt-samples-for-hackathon-cn-wili/cookbook/07-Tool/trex/11-ProcessEnginePipeline/pipeline_out/model-trained.graph.json --skipInference --minShapes=x:4x1x28x28 --optShapes=x:4x1x28x28 --maxShapes=x:4x1x28x28
============================== End   [case_build]
============================== Start [case_profile,(),{}]
    $ trtexec --loadEngine=/work/trt-samples-for-hackathon-cn-wili/cookbook/07-Tool/trex/11-ProcessEnginePipeline/pipeline_out/model-trained.engine --exportProfile=/work/trt-samples-for-hackathon-cn-wili/cookbook/07-Tool/trex/11-ProcessEnginePipeline/pipeline_out/model-trained.profile.json --exportTimes=/work/trt-samples-for-hackathon-cn-wili/cookbook/07-Tool/trex/11-ProcessEnginePipeline/pipeline_out/model-trained.timing.json --dumpProfile --separateProfileRun --shapes=x:4x1x28x28 --iterations=50 --warmUp=200
============================== End   [case_profile]
============================== Start [case_metadata,(),{}]
    wrote model-trained.build.metadata.json, model-trained.profile.metadata.json
============================== End   [case_metadata]
============================== Start [case_draw,(),{}]
    wrote model-trained.svg
============================== End   [case_draw]
============================== Start [case_explore,(),{}]
Model:
	Inputs: x: [4, 1, 28, 28]x(Linear) Row major linear format
	Outputs: z: [4]x(Linear) Row major linear format
		y: [4, 10]x(Linear) Row major linear format
	Average time: 0.092 ms
	Layers: 13
	Weights: 0.0 MB
	Activations: 2.6 MB
Device Properties:
	Available Devices:
	Device 0: "NVIDIA B200" UUID
	Device 1: "NVIDIA B200" UUID
	Device 2: "NVIDIA B200" UUID
	Device 3: "NVIDIA B200" UUID
	Selected Device: NVIDIA B200
	Selected Device ID: 0
	Selected Device UUID: GPU-a9af0c6b-ef34-a524-bd5f-4fe118627057
	Compute Capability: 10.0
	SMs: 148.0
	Device Global Memory: 182619 MiB
	Shared Memory per SM: 228 KiB
	Memory Bus Width: 7680.0
	Application Compute Clock Rate: 1.965 GHz
	Application Memory Clock Rate: 3.996 GHz
Builder Configuration:
	Format: ONNX
	Model: /work/trt-samples-for-hackathon-cn-wili/cookbook/00-Data/model/model-trained.onnx
	Output:
	Memory Pools: workspace
	avgTiming: 8
	Precision: Strongly Typed
	Layer Device Types:
	Decomposable Attentions:
	Refit: Disabled
	Strip weights: Disabled
	Version Compatible: Disabled
	ONNX Plugin InstanceNorm: Disabled
	ONNX kENABLE_UINT8_AND_ASYMMETRIC_QUANTIZATION_DLA flag: Disabled
	ONNX kREPORT_CAPABILITY_DLA flag: Disabled
	ONNX kADJUST_FOR_DLA flag: Disabled
	ONNX kENABLE_PLUGIN_OVERRIDE flag: Disabled
	TensorRT runtime: full
	Lean DLL Path:
	Tempfile Controls: { in_memory
	Exclude Lean Runtime: Disabled
	Sparsity: Disabled
	Safe mode: Disabled
	Build DLA standalone loadable: Disabled
	Allow GPU fallback for DLA: Disabled
	DirectIO mode: Disabled
	Skip inference: Enabled
	Save engine: /work/trt-samples-for-hackathon-cn-wili/cookbook/07-Tool/trex/11-ProcessEnginePipeline/pipeline_out/model-trained.engine
	Load engine:
	Profiling verbosity: 2
	Tactic sources: Using default tactic sources
	timingCacheMode: local
	timingCacheFile:
	Enable Compilation Cache: Enabled
	Enable Monitor Memory: Disabled
	CPU Only Mode: Disabled
	errorOnTimingCacheMiss: Disabled
	Preview Features: Use default preview flags.
	MaxAuxStreams: -1
	BuilderOptimizationLevel: -1
	MaxTactics: -1
	Weight Streaming: Disabled
	Runtime Platform: Same As Build
	Debug Tensors:
	Distributive Independence: Disabled
	Mark Unfused Tensors As Debug Tensors: Disabled
	Input(s)s format: CHW
	Output(s)s format: CHW
	Input build shape (profile 0): x=4x1x28x28+4x1x28x28+4x1x28x28
Performance Summary:
	Throughput: 24402.8
	Latency: [0.0368652, 0.222656, 0.0384022, 0.0383911, 0.0385742, 0.0385742, 0.0385742]
	Enqueue Time: [0.0012207, 0.0195312, 0.00168113, 0.00170898, 0.00183105, 0.00195312, 0.00195312]
	H2D Latency: [0.0, 0.0, 0.0, 0.0, 0.0, 0.0, 0.0]
	GPU Compute Time: [0.0368652, 0.222656, 0.0384022, 0.0383911, 0.0385742, 0.0385742, 0.0385742]
	D2H Latency: [0.0, 0.0, 0.0, 0.0, 0.0, 0.0, 0.0]
	Total Host Walltime: 3.00007
	Total GPU Compute Time: 2.81142

=== Precision Statistics ===

Input Activations:
-----------------
Precision  Size         Percentage
--------------------------------
UINT8      1004.50 KB   54.79%
FP32       824.98 KB    44.99%
UINT64     4.02 KB      0.22%
INT32      16 B         0.00%
--------------------------------
Total      1.79 MB      100.00%

Output Activations:
------------------
Precision  Size         Percentage
--------------------------------
FP32       812.59 KB    99.99%
INT64      32 B         0.00%
INT32      16 B         0.00%
--------------------------------
Total      812.64 KB    100.00%

Weights:
-------
None
============================== End   [case_explore]
Finish
