[TensorRT-Cookbook] Version: 2.0.0
[09/09/2026-10:09:52] [TRT] [W] Using default stream in enqueueV3() may lead to performance issues due to additional calls to cudaStreamSynchronize() by TensorRT to ensure correct synchronization. Please use non-default stream instead.
[09/09/2026-10:09:56] [TRT] [W] Using default stream in enqueueV3() may lead to performance issues due to additional calls to cudaStreamSynchronize() by TensorRT to ensure correct synchronization. Please use non-default stream instead.
[09/09/2026-10:09:59] [TRT] [W] Using default stream in enqueueV3() may lead to performance issues due to additional calls to cudaStreamSynchronize() by TensorRT to ensure correct synchronization. Please use non-default stream instead.
[09/09/2026-10:10:03] [TRT] [W] Using default stream in enqueueV3() may lead to performance issues due to additional calls to cudaStreamSynchronize() by TensorRT to ensure correct synchronization. Please use non-default stream instead.
[09/09/2026-10:10:09] [TRT] [W] Using default stream in enqueueV3() may lead to performance issues due to additional calls to cudaStreamSynchronize() by TensorRT to ensure correct synchronization. Please use non-default stream instead.
============================== Start [case_simple,(),{}]

================ Public members of <tensorrt.tensorrt.IConvolutionLayer object at 0x7930380fdb30> (instance)
 0 Callback members: []
 0 Callable methods: []
11 Non-callable attributions: ['bias', 'dilation_nd', 'kernel', 'kernel_size_nd', 'num_groups', 'num_output_maps', 'padding_mode', 'padding_nd', 'post_padding', 'pre_padding', 'stride_nd']
Input ->DataType.FLOAT, (1, 1, 6, 9), (1, 1, 6, 9), tensor
Output->DataType.FLOAT, (1, 1, 4, 7), (1, 1, 4, 7), (Unnamed Layer* 0) [Convolution]_output
tensor
[[[[1. 2. 3. 1. 2. 3. 1. 2. 3.]
   [4. 5. 6. 4. 5. 6. 4. 5. 6.]
   [7. 8. 9. 7. 8. 9. 7. 8. 9.]
   [1. 2. 3. 1. 2. 3. 1. 2. 3.]
   [4. 5. 6. 4. 5. 6. 4. 5. 6.]
   [7. 8. 9. 7. 8. 9. 7. 8. 9.]]]]
(Unnamed Layer* 0) [Convolution]_output
[[[[12345.677 23156.488 31264.596 12345.677 23156.488 31264.596
    12345.677]
   [45678.91  56489.72  64597.83  45678.91  56489.72  64597.83
    45678.91 ]
   [78912.336 89723.15  97831.26  78912.336 89723.15  97831.26
    78912.336]
   [12345.677 23156.488 31264.596 12345.677 23156.488 31264.596
    12345.677]]]]
============================== End   [case_simple]
============================== Start [case_stride_dilation_pad,(),{}]
Input ->DataType.FLOAT, (1, 1, 6, 9), (1, 1, 6, 9), tensor
Output->DataType.FLOAT, (1, 1, 3, 5), (1, 1, 3, 5), (Unnamed Layer* 0) [Convolution]_output
tensor
[[[[1. 2. 3. 1. 2. 3. 1. 2. 3.]
   [4. 5. 6. 4. 5. 6. 4. 5. 6.]
   [7. 8. 9. 7. 8. 9. 7. 8. 9.]
   [1. 2. 3. 1. 2. 3. 1. 2. 3.]
   [4. 5. 6. 4. 5. 6. 4. 5. 6.]
   [7. 8. 9. 7. 8. 9. 7. 8. 9.]]]]
(Unnamed Layer* 0) [Convolution]_output
[[[[4.6011539e+00 4.6513077e+01 6.5432007e+01 5.4621155e+01
    4.6013000e+01]
   [4.6013071e+03 4.6513277e+04 6.5432195e+04 5.4621383e+04
    4.6013078e+04]
   [1.3078998e+03 1.3279800e+04 3.2198699e+04 2.1387898e+04
    1.3079000e+04]]]]
============================== End   [case_stride_dilation_pad]
============================== Start [case_group,(),{}]
Input ->DataType.FLOAT, (1, 2, 6, 9), (1, 2, 6, 9), tensor
Output->DataType.FLOAT, (1, 2, 4, 7), (1, 2, 4, 7), (Unnamed Layer* 0) [Convolution]_output
tensor
[[[[1. 2. 3. 1. 2. 3. 1. 2. 3.]
   [4. 5. 6. 4. 5. 6. 4. 5. 6.]
   [7. 8. 9. 7. 8. 9. 7. 8. 9.]
   [1. 2. 3. 1. 2. 3. 1. 2. 3.]
   [4. 5. 6. 4. 5. 6. 4. 5. 6.]
   [7. 8. 9. 7. 8. 9. 7. 8. 9.]]

  [[1. 2. 3. 1. 2. 3. 1. 2. 3.]
   [4. 5. 6. 4. 5. 6. 4. 5. 6.]
   [7. 8. 9. 7. 8. 9. 7. 8. 9.]
   [1. 2. 3. 1. 2. 3. 1. 2. 3.]
   [4. 5. 6. 4. 5. 6. 4. 5. 6.]
   [7. 8. 9. 7. 8. 9. 7. 8. 9.]]]]
(Unnamed Layer* 0) [Convolution]_output
[[[[ 12345.679  23156.49   31264.598  12345.679  23156.49   31264.598
     12345.679]
   [ 45678.914  56489.723  64597.832  45678.914  56489.723  64597.832
     45678.914]
   [ 78912.34   89723.16   97831.27   78912.34   89723.16   97831.27
     78912.34 ]
   [ 12345.679  23156.49   31264.598  12345.679  23156.49   31264.598
     12345.679]]

  [[-12345.679 -23156.49  -31264.598 -12345.679 -23156.49  -31264.598
    -12345.679]
   [-45678.914 -56489.723 -64597.832 -45678.914 -56489.723 -64597.832
    -45678.914]
   [-78912.34  -89723.16  -97831.27  -78912.34  -89723.16  -97831.27
    -78912.34 ]
   [-12345.679 -23156.49  -31264.598 -12345.679 -23156.49  -31264.598
    -12345.679]]]]
============================== End   [case_group]
============================== Start [case_3d,(),{}]
Input ->DataType.FLOAT, (1, 1, 2, 6, 9), (1, 1, 2, 6, 9), tensor
Output->DataType.FLOAT, (1, 1, 1, 4, 7), (1, 1, 1, 4, 7), (Unnamed Layer* 0) [Convolution]_output
tensor
[[[[[1. 2. 3. 1. 2. 3. 1. 2. 3.]
    [4. 5. 6. 4. 5. 6. 4. 5. 6.]
    [7. 8. 9. 7. 8. 9. 7. 8. 9.]
    [1. 2. 3. 1. 2. 3. 1. 2. 3.]
    [4. 5. 6. 4. 5. 6. 4. 5. 6.]
    [7. 8. 9. 7. 8. 9. 7. 8. 9.]]

   [[1. 2. 3. 1. 2. 3. 1. 2. 3.]
    [4. 5. 6. 4. 5. 6. 4. 5. 6.]
    [7. 8. 9. 7. 8. 9. 7. 8. 9.]
    [1. 2. 3. 1. 2. 3. 1. 2. 3.]
    [4. 5. 6. 4. 5. 6. 4. 5. 6.]
    [7. 8. 9. 7. 8. 9. 7. 8. 9.]]]]]
(Unnamed Layer* 0) [Convolution]_output
[[[[[0. 0. 0. 0. 0. 0. 0.]
    [0. 0. 0. 0. 0. 0. 0.]
    [0. 0. 0. 0. 0. 0. 0.]
    [0. 0. 0. 0. 0. 0. 0.]]]]]
============================== End   [case_3d]
============================== Start [case_int8qdq,(),{}]
Input ->DataType.FLOAT, (1, 1, 6, 9), (1, 1, 6, 9), tensor
Output->DataType.FLOAT, (1, 1, 4, 7), (1, 1, 4, 7), (Unnamed Layer* 7) [Convolution]_output
tensor
[[[[1. 2. 3. 1. 2. 3. 1. 2. 3.]
   [4. 5. 6. 4. 5. 6. 4. 5. 6.]
   [7. 8. 9. 7. 8. 9. 7. 8. 9.]
   [1. 2. 3. 1. 2. 3. 1. 2. 3.]
   [4. 5. 6. 4. 5. 6. 4. 5. 6.]
   [7. 8. 9. 7. 8. 9. 7. 8. 9.]]]]
(Unnamed Layer* 7) [Convolution]_output
[[[[ 726.  791.  772.  726.  791.  772.  726.]
   [1821. 1886. 1867. 1821. 1886. 1867. 1821.]
   [2817. 2882. 2863. 2817. 2882. 2863. 2817.]
   [ 726.  791.  772.  726.  791.  772.  726.]]]]
============================== End   [case_int8qdq]
Members of tensorrt.tensorrt.PaddingMode:
 0 -> EXPLICIT_ROUND_DOWN
 1 -> EXPLICIT_ROUND_UP
 2 -> SAME_UPPER
 3 -> SAME_LOWER
Finish
