[TensorRT-Cookbook] Version: 2.0.0
[09/09/2026-10:13:41] [TRT] [W] Using default stream in enqueueV3() may lead to performance issues due to additional calls to cudaStreamSynchronize() by TensorRT to ensure correct synchronization. Please use non-default stream instead.
[09/09/2026-10:13:41] [TRT] [W] Using default stream in enqueueV3() may lead to performance issues due to additional calls to cudaStreamSynchronize() by TensorRT to ensure correct synchronization. Please use non-default stream instead.
============================== Start [case_simple,(),{}]

================ Public members of <tensorrt.tensorrt.INMSLayer object at 0x76ce390fae30> (instance)
 0 Callback members: []
 0 Callable methods: []
 3 Non-callable attributions: ['bounding_box_format', 'indices_type', 'topk_box_limit']
Input ->DataType.FLOAT, (5, 3, 4), (5, 3, 4), tensor
Input ->DataType.FLOAT, (5, 3, 10), (5, 3, 10), tensor1
Output->DataType.INT64, (-1, 3), (-1, 3), (Unnamed Layer* 1) [NMS]_output
Output->DataType.INT32, (), (), (Unnamed Layer* 1) [NMS]_output (1)
tensor
[[[0.88617986 0.10703606 0.48595488 0.5271271 ]
  [0.59286183 0.20574385 0.12010616 0.19567293]
  [0.93358684 0.0959563  0.01812175 0.63756716]]

 [[0.9468315  0.75635093 0.3507315  0.8614477 ]
  [0.60380507 0.06619752 0.60984015 0.89656687]
  [0.374604   0.9030516  0.46644095 0.02609141]]

 [[0.86433196 0.46645585 0.4765056  0.17871843]
  [0.9848892  0.9965283  0.7652115  0.12125508]
  [0.66237134 0.29332858 0.20185603 0.6770807 ]]

 [[0.25349063 0.49609995 0.78146744 0.93605804]
  [0.00608406 0.09978951 0.5599963  0.40091836]
  [0.10633525 0.39595154 0.8513281  0.8152537 ]]

 [[0.13024737 0.38406223 0.2585539  0.28657937]
  [0.7618269  0.92173386 0.6471767  0.21321969]
  [0.21969216 0.718348   0.33541045 0.7104305 ]]]
tensor1
[[[0.59964323 0.38382623 0.8132367  0.9343853  0.04479843 0.94691944
   0.20870578 0.21119137 0.74588865 0.42922872]
  [0.54147136 0.18511346 0.12714902 0.97321516 0.23393354 0.7127144
   0.96264243 0.6908367  0.37447724 0.79697126]
  [0.4026112  0.039303   0.2586815  0.4675844  0.18378657 0.9043017
   0.58596706 0.7813249  0.63949656 0.68252754]]

 [[0.77763295 0.5346784  0.29374322 0.04584041 0.06144645 0.68874556
   0.78759676 0.6422984  0.7532635  0.14535515]
  [0.13856427 0.45410964 0.8476284  0.738796   0.95943516 0.51500493
   0.24968362 0.8382188  0.09366053 0.01827842]
  [0.32707575 0.04030832 0.99170876 0.5940422  0.35761803 0.7555416
   0.36157876 0.8293027  0.37931985 0.8981345 ]]

 [[0.82301784 0.6310578  0.99911183 0.8583615  0.99789166 0.32724398
   0.64397526 0.672058   0.6239466  0.9314746 ]
  [0.5113397  0.02050294 0.72832453 0.12003374 0.9571312  0.96923125
   0.40747675 0.65491164 0.93572766 0.71473473]
  [0.11619737 0.36808562 0.9358205  0.9463041  0.4439607  0.5180064
   0.516586   0.15190409 0.14866738 0.7454065 ]]

 [[0.5163774  0.24884361 0.38813442 0.6453438  0.05604181 0.9670243
   0.56306046 0.44161347 0.97036564 0.89759856]
  [0.35104156 0.40472484 0.6235571  0.6941725  0.64345515 0.27706927
   0.6056036  0.7847905  0.6464989  0.37471837]
  [0.18902309 0.7557526  0.16967686 0.9757406  0.2410956  0.81656927
   0.8991949  0.54970336 0.518421   0.5654678 ]]

 [[0.2758876  0.7670439  0.7882757  0.19814797 0.08803867 0.11304723
   0.72998303 0.7316414  0.66684777 0.8730531 ]
  [0.00822272 0.6677096  0.33458275 0.79416853 0.18122324 0.27691257
   0.9737571  0.60772777 0.8409816  0.46253368]
  [0.6555296  0.12394783 0.9313799  0.16368696 0.55430394 0.8308515
   0.3280401  0.2662362  0.48547965 0.95991766]]]
(Unnamed Layer* 1) [NMS]_output
[[0 3 1]
 [0 6 1]
 [0 5 0]
 [0 2 0]
 [0 9 1]
 [0 7 2]
 [0 8 0]
 [0 7 1]
 [0 9 2]
 [0 0 0]
 [0 6 2]
 [0 3 2]
 [0 1 0]
 [0 4 1]
 [0 4 2]
 [1 2 2]
 [1 4 1]
 [1 9 2]
 [1 2 1]
 [1 7 1]
 [1 7 2]
 [1 6 0]
 [1 0 0]
 [1 5 2]
 [1 8 0]
 [1 3 1]
 [1 5 0]
 [1 3 2]
 [1 1 0]
 [1 8 2]
 [1 6 2]
 [1 4 2]
 [1 0 2]
 [1 9 0]
 [1 1 2]
 [2 2 0]
 [2 4 0]
 [2 5 1]
 [2 4 1]
 [2 3 2]
 [2 8 1]
 [2 9 0]
 [2 0 0]
 [2 2 1]
 [2 9 1]
 [2 7 0]
 [2 7 1]
 [2 6 0]
 [2 1 0]
 [2 8 0]
 [2 5 2]
 [2 0 1]
 [2 6 1]
 [2 3 1]
 [2 1 1]
 [3 3 2]
 [3 8 0]
 [3 5 0]
 [3 6 2]
 [3 9 0]
 [3 7 1]
 [3 1 2]
 [3 4 1]
 [3 2 1]
 [3 0 0]
 [4 6 1]
 [4 9 2]
 [4 2 2]
 [4 8 1]
 [4 5 2]
 [4 3 1]
 [4 1 0]
 [4 7 0]
 [4 6 0]
 [4 1 1]
 [4 8 0]
 [4 0 2]
 [4 7 1]
 [4 4 2]
 [4 9 1]
 [4 2 1]
 [4 5 1]
 [4 3 0]
 [4 4 1]
 [4 0 1]]
(Unnamed Layer* 1) [NMS]_output (1)
85
============================== End   [case_simple]
============================== Start [case_deprecated,(),{}]
Input ->DataType.FLOAT, (5, 3, 4), (5, 3, 4), tensor
Input ->DataType.FLOAT, (5, 3, 10), (5, 3, 10), tensor1
Output->DataType.INT64, (-1, 3), (-1, 3), (Unnamed Layer* 1) [NMS]_output
Output->DataType.INT32, (), (), (Unnamed Layer* 1) [NMS]_output (1)
tensor
[[[0.93273586 0.11337826 0.33063814 0.73813754]
  [0.7302208  0.42368844 0.45644453 0.6592639 ]
  [0.2545156  0.10468093 0.9517684  0.3507703 ]]

 [[0.10710527 0.26304632 0.12319696 0.92863923]
  [0.3796363  0.92929536 0.9753339  0.8205049 ]
  [0.28720346 0.7079616  0.17312025 0.05346934]]

 [[0.0897595  0.46462828 0.85274845 0.3581628 ]
  [0.27818367 0.35535845 0.26743245 0.38754898]
  [0.87520075 0.09786832 0.27428856 0.18547392]]

 [[0.06153373 0.7807755  0.90154135 0.10626785]
  [0.34071726 0.1233134  0.8124396  0.1894707 ]
  [0.8206513  0.18219814 0.08442791 0.4545281 ]]

 [[0.45278293 0.5922934  0.02929148 0.57204384]
  [0.29600698 0.0655021  0.96996295 0.12414031]
  [0.03470001 0.11957011 0.62610763 0.4909643 ]]]
tensor1
[[[0.9299258  0.38242698 0.342989   0.8975038  0.7773432  0.2984939
   0.3312335  0.17686845 0.40509972 0.33858338]
  [0.5462083  0.6277782  0.54375476 0.63530207 0.48086482 0.583344
   0.26913738 0.39979386 0.9947662  0.7441607 ]
  [0.98467964 0.6705474  0.08097541 0.78412545 0.6735513  0.00859881
   0.52868855 0.80535424 0.25968495 0.53507555]]

 [[0.35958403 0.4141986  0.98550755 0.6013421  0.3972374  0.12989916
   0.06017108 0.3179635  0.06496514 0.12776998]
  [0.8218134  0.4436092  0.8821753  0.49186534 0.09229925 0.2246336
   0.56623244 0.579194   0.91806877 0.45765215]
  [0.24973577 0.52053297 0.7363612  0.90128386 0.5271642  0.37282813
   0.7052885  0.01445723 0.32594624 0.8535845 ]]

 [[0.902146   0.37948295 0.6869531  0.06598204 0.81108904 0.5459047
   0.17107895 0.7167591  0.40512025 0.23118103]
  [0.30441406 0.98743314 0.5839396  0.3666669  0.7885476  0.69306666
   0.04833663 0.19316123 0.60967773 0.91249496]
  [0.92960477 0.5034285  0.67305785 0.1321302  0.29187357 0.4295511
   0.75879306 0.74519426 0.14456499 0.01846339]]

 [[0.59577215 0.5231207  0.46112394 0.7419214  0.11630983 0.96590275
   0.38136443 0.8590997  0.4560537  0.316972  ]
  [0.7531685  0.16310257 0.1234228  0.12390278 0.49396884 0.4263206
   0.28888246 0.35651973 0.02817042 0.80761594]
  [0.61831206 0.38957208 0.7410022  0.2908152  0.61406887 0.52603936
   0.6096927  0.48984045 0.14795801 0.07623366]]

 [[0.1396207  0.27178743 0.97155666 0.9853762  0.16537856 0.73547703
   0.48676786 0.07282662 0.22857426 0.93038666]
  [0.09070971 0.9936979  0.15251161 0.9205662  0.07694513 0.47653207
   0.73216873 0.23212285 0.00702088 0.68827605]
  [0.8488645  0.07547306 0.3926128  0.5072097  0.00489838 0.17793424
   0.64466584 0.96190804 0.32325828 0.32982114]]]
(Unnamed Layer* 1) [NMS]_output
[[0 8 1]
 [0 0 2]
 [0 0 0]
 [0 3 0]
 [0 7 2]
 [0 3 2]
 [0 4 0]
 [0 9 1]
 [0 4 2]
 [0 1 2]
 [0 5 1]
 [0 2 1]
 [0 6 2]
 [0 1 0]
 [0 6 0]
 [0 7 0]
 [1 2 0]
 [1 8 1]
 [1 3 2]
 [1 9 2]
 [1 0 1]
 [1 2 2]
 [1 6 2]
 [1 3 0]
 [1 7 1]
 [1 4 2]
 [1 1 2]
 [1 1 0]
 [1 4 0]
 [1 5 2]
 [1 5 0]
 [1 9 0]
 [1 6 0]
 [2 1 1]
 [2 0 2]
 [2 9 1]
 [2 0 0]
 [2 4 0]
 [2 6 2]
 [2 7 2]
 [2 7 0]
 [2 5 1]
 [2 2 0]
 [2 2 2]
 [2 8 1]
 [2 1 2]
 [2 5 2]
 [2 3 1]
 [2 4 2]
 [2 6 0]
 [2 8 2]
 [2 3 2]
 [2 9 2]
 [3 5 0]
 [3 7 0]
 [3 9 1]
 [3 0 1]
 [3 3 0]
 [3 2 2]
 [3 0 2]
 [3 4 2]
 [3 6 2]
 [3 0 0]
 [3 5 2]
 [3 1 0]
 [3 4 1]
 [3 7 2]
 [3 2 0]
 [3 8 0]
 [3 5 1]
 [3 1 2]
 [3 6 0]
 [3 7 1]
 [3 9 0]
 [3 3 2]
 [3 6 1]
 [3 1 1]
 [3 8 2]
 [3 3 1]
 [3 2 1]
 [3 4 0]
 [3 9 2]
 [3 8 1]
 [4 1 1]
 [4 3 0]
 [4 2 0]
 [4 7 2]
 [4 9 0]
 [4 3 1]
 [4 0 2]
 [4 5 0]
 [4 6 1]
 [4 9 1]
 [4 6 0]
 [4 5 1]
 [4 2 2]
 [4 8 2]
 [4 1 0]
 [4 8 0]
 [4 4 0]
 [4 0 0]
 [4 4 1]
 [4 7 0]]
(Unnamed Layer* 1) [NMS]_output (1)
103
============================== End   [case_deprecated]
Members of tensorrt.tensorrt.BoundingBoxFormat:
 0 -> CORNER_PAIRS
 1 -> CENTER_SIZES
Finish
