[TensorRT-Cookbook] Version: 2.0.0
[09/09/2026-10:10:25] [TRT] [W] Using default stream in enqueueV3() may lead to performance issues due to additional calls to cudaStreamSynchronize() by TensorRT to ensure correct synchronization. Please use non-default stream instead.
[09/09/2026-10:10:30] [TRT] [W] Using default stream in enqueueV3() may lead to performance issues due to additional calls to cudaStreamSynchronize() by TensorRT to ensure correct synchronization. Please use non-default stream instead.
[09/09/2026-10:10:34] [TRT] [W] Using default stream in enqueueV3() may lead to performance issues due to additional calls to cudaStreamSynchronize() by TensorRT to ensure correct synchronization. Please use non-default stream instead.
[09/09/2026-10:10:38] [TRT] [W] Using default stream in enqueueV3() may lead to performance issues due to additional calls to cudaStreamSynchronize() by TensorRT to ensure correct synchronization. Please use non-default stream instead.
[09/09/2026-10:10:42] [TRT] [W] Using default stream in enqueueV3() may lead to performance issues due to additional calls to cudaStreamSynchronize() by TensorRT to ensure correct synchronization. Please use non-default stream instead.
============================== Start [case_simple,(),{}]

================ Public members of <tensorrt.tensorrt.IDeconvolutionLayer object at 0x7958fd72e470> (instance)
 0 Callback members: []
 0 Callable methods: []
11 Non-callable attributions: ['bias', 'dilation_nd', 'kernel', 'kernel_size_nd', 'num_groups', 'num_output_maps', 'padding_mode', 'padding_nd', 'post_padding', 'pre_padding', 'stride_nd']
Input ->DataType.FLOAT, (1, 1, 3, 3), (1, 1, 3, 3), tensor
Output->DataType.FLOAT, (1, 1, 5, 5), (1, 1, 5, 5), (Unnamed Layer* 0) [Deconvolution]_output
tensor
[[[[1. 2. 3.]
   [4. 5. 6.]
   [7. 8. 9.]]]]
(Unnamed Layer* 0) [Deconvolution]_output
[[[[1.0000000e+04 2.1000000e+04 3.2100000e+04 3.2000000e+03
    3.0000000e+02]
   [4.0010000e+04 5.4021000e+04 6.5432102e+04 6.5032002e+03
    6.0029999e+02]
   [7.0040008e+04 8.7054023e+04 9.8765430e+04 9.8065029e+03
    9.0060028e+02]
   [7.0040001e+01 8.7054001e+01 9.8765388e+01 9.8064995e+00
    9.0060002e-01]
   [7.0000000e-02 8.6999997e-02 9.8699994e-02 9.8000001e-03
    8.9999998e-04]]]]
============================== End   [case_simple]
============================== Start [case_stride_dilation_pad,(),{}]
Input ->DataType.FLOAT, (1, 1, 3, 3), (1, 1, 3, 3), tensor
Output->DataType.FLOAT, (1, 1, 6, 6), (1, 1, 6, 6), (Unnamed Layer* 0) [Deconvolution]_output
tensor
[[[[1. 2. 3.]
   [4. 5. 6.]
   [7. 8. 9.]]]]
(Unnamed Layer* 0) [Deconvolution]_output
[[[[0.0000000e+00 0.0000000e+00 0.0000000e+00 0.0000000e+00
    0.0000000e+00 0.0000000e+00]
   [0.0000000e+00 5.4021000e+04 0.0000000e+00 6.5432098e+04
    0.0000000e+00 6.5031997e+03]
   [0.0000000e+00 0.0000000e+00 0.0000000e+00 0.0000000e+00
    0.0000000e+00 0.0000000e+00]
   [0.0000000e+00 8.7054016e+04 0.0000000e+00 9.8765422e+04
    0.0000000e+00 9.8065020e+03]
   [0.0000000e+00 0.0000000e+00 0.0000000e+00 0.0000000e+00
    0.0000000e+00 0.0000000e+00]
   [0.0000000e+00 8.7054008e+01 0.0000000e+00 9.8765236e+01
    0.0000000e+00 9.8063068e+00]]]]
============================== End   [case_stride_dilation_pad]
============================== Start [case_group,(),{}]
Input ->DataType.FLOAT, (1, 2, 3, 3), (1, 2, 3, 3), tensor
Output->DataType.FLOAT, (1, 2, 5, 5), (1, 2, 5, 5), (Unnamed Layer* 0) [Deconvolution]_output
tensor
[[[[1. 2. 3.]
   [4. 5. 6.]
   [7. 8. 9.]]

  [[1. 2. 3.]
   [4. 5. 6.]
   [7. 8. 9.]]]]
(Unnamed Layer* 0) [Deconvolution]_output
[[[[ 1.0000000e+04  2.1000000e+04  3.2100000e+04  3.2000000e+03
     3.0000000e+02]
   [ 4.0010000e+04  5.4021000e+04  6.5432102e+04  6.5032002e+03
     6.0029999e+02]
   [ 7.0040008e+04  8.7054023e+04  9.8765430e+04  9.8065029e+03
     9.0060028e+02]
   [ 7.0040001e+01  8.7054001e+01  9.8765388e+01  9.8064995e+00
     9.0060002e-01]
   [ 7.0000000e-02  8.6999997e-02  9.8699994e-02  9.8000001e-03
     8.9999998e-04]]

  [[-1.0000000e+04 -2.1000000e+04 -3.2100000e+04 -3.2000000e+03
    -3.0000000e+02]
   [-4.0010000e+04 -5.4021000e+04 -6.5432102e+04 -6.5032002e+03
    -6.0029999e+02]
   [-7.0040008e+04 -8.7054023e+04 -9.8765430e+04 -9.8065029e+03
    -9.0060028e+02]
   [-7.0040001e+01 -8.7054001e+01 -9.8765388e+01 -9.8064995e+00
    -9.0060002e-01]
   [-7.0000000e-02 -8.6999997e-02 -9.8699994e-02 -9.8000001e-03
    -8.9999998e-04]]]]
============================== End   [case_group]
============================== Start [case_3d,(),{}]
Input ->DataType.FLOAT, (1, 1, 2, 3, 3), (1, 1, 2, 3, 3), tensor
Output->DataType.FLOAT, (1, 1, 1, 5, 5), (1, 1, 1, 5, 5), (Unnamed Layer* 0) [Deconvolution]_output
tensor
[[[[[1. 2. 3.]
    [4. 5. 6.]
    [7. 8. 9.]]

   [[1. 2. 3.]
    [4. 5. 6.]
    [7. 8. 9.]]]]]
(Unnamed Layer* 0) [Deconvolution]_output
[[[[[0. 0. 0. 0. 0.]
    [0. 0. 0. 0. 0.]
    [0. 0. 0. 0. 0.]
    [0. 0. 0. 0. 0.]
    [0. 0. 0. 0. 0.]]]]]
============================== End   [case_3d]
============================== Start [case_int8qdq,(),{}]
Input ->DataType.FLOAT, (1, 1, 3, 3), (1, 1, 3, 3), tensor
Output->DataType.FLOAT, (1, 1, 5, 5), (1, 1, 5, 5), (Unnamed Layer* 7) [Deconvolution]_output
tensor
[[[[1. 2. 3.]
   [4. 5. 6.]
   [7. 8. 9.]]]]
(Unnamed Layer* 7) [Deconvolution]_output
[[[[ 127.  381.  735.  581.  300.]
   [ 518. 1164. 1829. 1265.  600.]
   [ 929. 1959. 2924. 1949.  900.]
   [  70.   87.   98.    9.    0.]
   [   0.    0.    0.    0.    0.]]]]
============================== End   [case_int8qdq]
Members of tensorrt.tensorrt.PaddingMode:
 0 -> EXPLICIT_ROUND_DOWN
 1 -> EXPLICIT_ROUND_UP
 2 -> SAME_UPPER
 3 -> SAME_LOWER
Finish
