[I] RUNNING | Command: /usr/local/bin/polygraphy surgeon weight-reconstruct model-trained-WS.onnx -o model-trained-WR.onnx
[I] Loading model: /work/trt-samples-for-hackathon-cn-wili/cookbook/07-Tool/Polygraphy/Surgeon/model-trained-WS.onnx
[I] Original Model:
    Name: main_graph | ONNX Opset: 18

    ---- 1 Graph Input(s) ----
    {x [dtype=float32, shape=('nBS', 1, 28, 28)]}

    ---- 2 Graph Output(s) ----
    {y [dtype=float32, shape=('nBS', 10)],
     z [dtype=int64, shape=('nBS',)]}

    ---- 9 Initializer(s) ----

    ---- 12 Node(s) ----

[I] Beginning weight reconstruction...
[I] Calling Sparsity Pruner to prune selected weights
[W] (relu_2) produced by node_relu_2 type: Relu is unsupported!
[W] Skipping tensor: conv1.weight since it was marked to skip pruning
[W] Skipping tensor: conv2.weight since it was marked to skip pruning
[W] Skipping tensor: gemm1.weight since it was marked to skip pruning
[W] Skipping tensor: gemm2.weight since it was marked to skip pruning
[I] Found: 0 weight tensor(s) eligible for pruning.
[I] Pruning 0 tensors.
[I] Finished pruning 0 tensors.
[I] Finished reconstructing 8 weights
[I] Saving ONNX model to: model-trained-WR.onnx
[I] New Model:
    Name: main_graph | ONNX Opset: 18

    ---- 1 Graph Input(s) ----
    {x [dtype=float32, shape=('nBS', 1, 28, 28)]}

    ---- 2 Graph Output(s) ----
    {y [dtype=float32, shape=('nBS', 10)],
     z [dtype=int64, shape=('nBS',)]}

    ---- 9 Initializer(s) ----

    ---- 12 Node(s) ----

[I] PASSED | Runtime: 0.244s | Command: /usr/local/bin/polygraphy surgeon weight-reconstruct model-trained-WS.onnx -o model-trained-WR.onnx
-rw-r--r-- 1 wili dip 13110597 Sep  8 10:06 model-trained-WR.onnx
-rw-r--r-- 1 wili dip    12037 Sep  8 10:06 model-trained-WS.onnx
[I] Loading model: /work/trt-samples-for-hackathon-cn-wili/cookbook/07-Tool/Polygraphy/Surgeon/model-trained-WS.onnx
[E] Failed to load weights.
    Note: Error was: cannot reshape array of size 0 into shape (32,1,5,5)
[E] Failed to load weights.
    Note: Error was: cannot reshape array of size 0 into shape (32,)
[E] Failed to load weights.
    Note: Error was: cannot reshape array of size 0 into shape (64,32,5,5)
[E] Failed to load weights.
    Note: Error was: cannot reshape array of size 0 into shape (64,)
[E] Failed to load weights.
    Note: Error was: cannot reshape array of size 0 into shape (1024,3136)
[E] Failed to load weights.
    Note: Error was: cannot reshape array of size 0 into shape (1024,)
[E] Failed to load weights.
    Note: Error was: cannot reshape array of size 0 into shape (10,1024)
[E] Failed to load weights.
    Note: Error was: cannot reshape array of size 0 into shape (10,)
[I] ==== ONNX Model ====
    Name: main_graph | ONNX Opset: 18

    ---- 1 Graph Input(s) ----
    {x [dtype=float32, shape=('nBS', 1, 28, 28)]}

    ---- 2 Graph Output(s) ----
    {y [dtype=float32, shape=('nBS', 10)],
     z [dtype=int64, shape=('nBS',)]}

    ---- 9 Initializer(s) ----
    Initializer | conv1.weight [dtype=float32, shape=[32, 1, 5, 5]] | Values:
        <error: failed to load weights>

    Initializer | conv1.bias [dtype=float32, shape=[32]] | Values:
        <error: failed to load weights>

    Initializer | conv2.weight [dtype=float32, shape=[64, 32, 5, 5]] | Values:
        <error: failed to load weights>

    Initializer | conv2.bias [dtype=float32, shape=[64]] | Values:
        <error: failed to load weights>

    Initializer | gemm1.weight [dtype=float32, shape=[1024, 3136]] | Values:
        <error: failed to load weights>

    Initializer | gemm1.bias [dtype=float32, shape=[1024]] | Values:
        <error: failed to load weights>

    Initializer | gemm2.weight [dtype=float32, shape=[10, 1024]] | Values:
        <error: failed to load weights>

    Initializer | gemm2.bias [dtype=float32, shape=[10]] | Values:
        <error: failed to load weights>

    Initializer | val_5 [dtype=int64, shape=[2]] | Values:
        [  -1 3136]

    ---- 12 Node(s) ----
[I] Loading model: /work/trt-samples-for-hackathon-cn-wili/cookbook/07-Tool/Polygraphy/Surgeon/model-trained-WR.onnx
[I] ==== ONNX Model ====
    Name: main_graph | ONNX Opset: 18

    ---- 1 Graph Input(s) ----
    {x [dtype=float32, shape=('nBS', 1, 28, 28)]}

    ---- 2 Graph Output(s) ----
    {y [dtype=float32, shape=('nBS', 10)],
     z [dtype=int64, shape=('nBS',)]}

    ---- 9 Initializer(s) ----
    Initializer | conv1.weight [dtype=float32, shape=[32, 1, 5, 5]] | Values:
        [[[[ 1.23753262e+00 -1.60598564e+00  5.79626322e-01  8.57952058e-01
             8.84109855e-01]
           [-5.02706945e-01  2.25692838e-01 -4.57661122e-01  1.06473815e+00
            -4.10215169e-01]
           [ 5.67001402e-01  9.77003127e-02  1.37066031e+00 -1.18684717e-01
             6.59027278e-01]
           [-6.27839744e-01 -1.55828983e-01 -6.17828369e-01  4.85220969e-01
             9.06110778e-02]
           [-1.07554913e+00  4.38524246e-01  7.12439656e-01 -8.38453352e-01
            -1.05776012e-01]]]


         [[[-3.20822537e-01  5.37599981e-01  1.22161937e+00 -4.60781842e-01
            -1.02610385e+00]
           [-5.44563718e-02 -7.30216563e-01 -1.76284788e-03  1.07773280e+00
             5.26231676e-02]
           [-1.12061763e+00  3.09311652e+00 -8.68243694e-01 -5.47945380e-01
             5.54828823e-01]
           [-3.14855278e-01  9.11989093e-01 -5.24776995e-01 -7.45789632e-02
            -3.43951322e-02]
           [ 2.60913777e+00 -8.99331212e-01  1.09946311e+00  5.88339448e-01
            -1.58842039e+00]]]


         [[[ 4.36791498e-03 -3.75851452e-01  1.92832005e+00 -7.40233302e-01
             1.96857750e-01]
           [ 2.42164463e-01 -6.08788013e-01  1.71064198e-01 -1.09328282e+00
            -1.05936766e+00]
           [-1.52835667e+00 -5.22534370e-01  1.51662171e+00 -1.61344469e-01
             1.93045235e+00]
           [ 1.12805104e+00 -3.86876792e-01 -2.03290343e+00  1.35928139e-01
             2.99547285e-01]
           [-3.00452709e-01 -1.67265391e+00 -2.81212628e-01  8.05047095e-01
             2.51228601e-01]]]


         [[[-1.10210657e+00 -3.14861238e-01  3.71590197e-01  9.23963964e-01
             2.50081658e-01]
           [-4.94443625e-01 -4.49798316e-01  1.08363247e+00 -9.68114555e-01
             8.62289846e-01]
           [ 1.41268206e+00 -9.97766078e-01 -1.13436627e+00 -2.72332847e-01
            -5.20634651e-01]
           [ 3.41417879e-01 -1.21029770e+00  2.22902775e-01 -1.10000348e+00
            -1.90939355e+00]
           [ 2.22952664e-01 -7.15662301e-01  1.66119230e+00 -8.28218609e-02
            -2.18195885e-01]]]


         [[[ 5.90325557e-02 -9.94451702e-01 -4.29186940e-01 -5.65404534e-01
             1.15606666e+00]
           [-2.58274484e+00 -1.57185769e+00  7.12158307e-02  5.48302770e-01
             1.29659915e+00]
           [-3.22550386e-01 -1.17678538e-01  1.28815222e+00 -5.00472307e-01
            -2.83841282e-01]
           [ 1.15109706e+00  2.05938816e+00  9.41297650e-01 -9.42316651e-01
            -8.78140450e-01]
           [ 2.75373459e-01  2.17825556e+00 -6.43831849e-01  4.21021253e-01
             1.09838426e+00]]]


         [[[-7.23094404e-01 -8.92805636e-01  1.33227658e+00  2.39139533e+00
            -1.11027741e+00]
           [-1.56772959e+00  2.56131709e-01 -2.44160146e-02 -5.52774370e-01
             5.81216455e-01]
           [-4.00468826e-01  9.70932320e-02  3.61413926e-01  1.02848828e+00
             1.73576510e+00]
           [-5.17067373e-01  8.09929192e-01 -8.71072054e-01 -1.44798243e+00
            -1.81749713e+00]
           [ 3.94919276e-01 -8.90325129e-01 -4.16671038e-01 -8.74620900e-02
             1.25960723e-01]]]


         [[[-2.92256713e-01 -1.57277048e-01  2.51154947e+00  2.71997720e-01
            -1.29106009e+00]
           [-7.30555058e-01 -4.23644155e-01  9.02695358e-01  3.15383762e-01
            -9.17649031e-01]
           [-5.98497391e-01 -7.22250581e-01 -1.23532794e-01  1.29286170e+00
            -1.90861392e+00]
           [-8.69596660e-01 -6.53356135e-01 -8.08158994e-01  7.33780265e-01
             1.25326169e+00]
           [-6.66858077e-01 -1.99550182e-01  1.30091715e+00 -5.05055487e-01
             2.07429433e+00]]]


         [[[-1.27401233e-01 -5.49813844e-02  1.61836123e+00 -9.79961216e-01
             7.59278119e-01]
           [-1.30041969e+00  4.20813769e-01 -4.41471845e-01  1.01539016e+00
             1.71737090e-01]
           [ 1.96514678e+00 -1.93468666e+00  1.07635176e+00 -2.66349584e-01
             4.30073619e-01]
           [-2.32515645e+00  4.24057782e-01  7.85639405e-01 -1.45904446e+00
             1.60639465e+00]
           [-3.16904306e+00 -2.79574208e-02  6.54370710e-02  1.11936319e+00
             6.47952676e-01]]]


         [[[ 1.49735153e-01  9.10389245e-01  1.44786274e+00 -4.75402266e-01
            -3.43740702e-01]
           [-3.51817191e-01 -6.43912375e-01  1.95289242e+00 -1.84648722e-01
            -1.78856209e-01]
           [ 6.04456246e-01 -1.31874904e-01  1.41932976e+00  2.32019210e+00
             1.50673285e-01]
           [ 3.95691037e-01 -5.58389068e-01 -2.65485853e-01  1.09873211e+00
            -4.36976701e-01]
           [ 5.27799428e-01  1.53481615e+00 -7.45549083e-01 -5.50511517e-02
            -1.03841460e+00]]]


         [[[ 9.57297206e-01  1.04640543e+00  7.83054352e-01 -4.73048359e-01
             9.54917148e-02]
           [ 3.31753701e-01  1.92328453e+00  1.02256346e+00 -2.10318059e-01
             6.00867510e-01]
           [ 3.85285825e-01  4.56047356e-02 -1.74565896e-01  3.54327559e-01
            -1.98560786e+00]
           [-4.15771663e-01 -1.94504011e+00  1.53514874e+00  1.75552809e+00
             7.13836670e-01]
           [-1.57857025e+00  7.53230155e-01 -4.36042219e-01  6.53790712e-01
             2.22698832e+00]]]


         [[[ 1.98853362e+00 -1.47568762e+00 -1.41828954e+00  5.49743533e-01
            -3.79999280e-01]
           [-2.25104165e+00  2.52052259e+00 -3.11773777e-01  9.02389705e-01
             1.24347019e+00]
           [ 2.43259594e-02  1.63838637e+00 -5.60263395e-01 -6.46383047e-01
             1.49917734e+00]
           [-2.14450693e+00 -5.27233243e-01 -6.39298707e-02 -9.54273045e-01
             2.81932950e+00]
           [ 6.79216683e-01 -1.21386923e-01 -1.38915277e+00 -1.50858057e+00
             1.22651704e-01]]]


         [[[ 7.29197741e-01 -5.47417462e-01 -6.61032081e-01 -4.38216180e-01
             1.28103769e+00]
           [ 1.26359713e+00  2.43994996e-01 -8.53819609e-01  3.18887174e-01
            -1.77714050e-01]
           [ 9.36605573e-01 -3.62456977e-01  8.04304600e-01 -9.80497152e-02
             9.01602685e-01]
           [-7.75094107e-02  1.01031035e-01  1.83466762e-01  4.11584340e-02
            -6.60343766e-01]
           [ 1.50029469e+00  2.25298494e-01 -1.37782729e+00  9.60952282e-01
            -1.81454444e+00]]]


         [[[ 1.25772738e+00  1.44859254e+00 -1.13708414e-01 -1.48558474e+00
             1.17927766e+00]
           [-2.09168848e-02 -2.04032469e+00  8.12461257e-01 -1.68444932e+00
            -1.44197553e-01]
           [ 1.29203546e+00  1.06669068e-01  5.97650290e-01  4.25168931e-01
            -3.63056868e-01]
           [ 1.59802899e-01 -3.84754747e-01 -6.40849054e-01  1.23248684e+00
             2.26711774e+00]
           [-6.03331149e-01  2.19282007e+00 -1.07556748e+00 -7.24032223e-02
             1.98274612e-01]]]


         [[[-1.12154357e-01  5.69448285e-02 -6.98889017e-01 -2.62008578e-01
             7.77106509e-02]
           [-2.28864834e-01 -5.50782204e-01 -7.90928543e-01 -5.57663679e-01
             5.63917994e-01]
           [-5.60782075e-01 -7.78856397e-01 -4.57525820e-01  1.44112319e-01
             5.29944450e-02]
           [-4.25719708e-01  1.15861571e+00  3.11211199e-01 -1.14196217e+00
             9.33551416e-02]
           [-1.27433777e+00 -7.81575501e-01  3.66111875e-01 -5.70368730e-02
            -1.40281248e+00]]]


         [[[-3.69169982e-03 -8.37692380e-01 -3.19085622e+00 -3.48934382e-01
             1.13016009e+00]
           [-8.69416893e-01  2.40898654e-01 -5.96419930e-01  1.75469220e-01
             1.71443686e-01]
           [ 1.19603217e+00 -4.03247952e-01  1.57134318e+00 -8.23587850e-02
            -8.22910488e-01]
           [ 1.01944137e+00  9.01086256e-02 -7.42997408e-01  1.11873001e-01
             1.43351364e+00]
           [ 1.21806455e+00 -1.79283059e+00  1.99638247e+00  1.53790271e+00
             6.93249881e-01]]]


         [[[ 4.75890547e-01  1.47525108e+00 -8.84613693e-02  9.85862195e-01
             4.52935219e-01]
           [-3.50983977e-01 -3.81797440e-02  5.84063888e-01 -6.02535367e-01
            -3.10771942e-01]
           [ 1.09312868e+00 -4.96842533e-01 -1.23061650e-01 -3.08878601e-01
            -9.36319292e-01]
           [-1.31595981e+00 -1.32899538e-01  3.79492015e-01 -1.25662243e+00
             1.55487224e-01]
           [-5.07280648e-01 -9.04531479e-01 -8.09988618e-01 -1.02102309e-01
             4.53937799e-01]]]


         [[[-1.05047774e+00 -1.08255744e+00  5.20900965e-01  1.12287819e+00
            -9.70438004e-01]
           [-3.82986128e-01  7.82978892e-01 -3.31099838e-01 -2.70689821e+00
            -1.05789733e+00]
           [ 5.82052350e-01 -7.30138719e-01  3.96794230e-01  5.49006522e-01
            -1.16190052e+00]
           [ 6.57647967e-01  1.60366488e+00  1.34500659e+00 -7.95702577e-01
             1.03184283e+00]
           [ 1.38508093e+00 -1.67184934e-01 -6.51450455e-01  7.12820768e-01
             3.34060282e-01]]]


         [[[ 7.18928576e-01 -1.10504639e+00  9.32748318e-01  7.79113412e-01
            -5.82243443e-01]
           [-6.82690918e-01 -3.16924334e-01  1.08916593e+00  7.90247321e-01
             4.06635314e-01]
           [ 1.37707007e+00 -5.79333961e-01 -3.15508461e+00 -1.60588181e+00
            -2.26974607e-01]
           [-7.27843046e-01 -3.04376513e-01  5.26683748e-01  2.79497296e-01
            -1.07511306e+00]
           [ 1.09609354e+00 -7.30963349e-01  6.89872980e-01 -7.61382282e-01
            -1.33202326e+00]]]


         [[[ 7.83965051e-01  4.44366366e-01 -1.96467474e-01 -8.92485380e-01
             1.07752216e+00]
           [-1.82079613e+00 -7.53196776e-01 -1.25945604e+00 -7.86671817e-01
            -6.96077585e-01]
           [ 3.41812879e-01  1.19641221e+00  3.31779271e-01  1.73553300e+00
            -3.14389497e-01]
           [ 2.13802528e+00  1.42046940e+00  1.53719258e+00 -1.45674396e+00
             1.43491924e+00]
           [-9.39416587e-01  3.32049280e-02 -4.58857000e-01  1.15473151e+00
             9.87744257e-02]]]


         [[[-1.80831122e+00 -6.36613965e-01  2.13619947e+00  9.89963889e-01
             1.34027302e+00]
           [ 2.72209674e-01 -2.92268455e-01  8.52959931e-01  1.03552401e+00
             4.14272308e-01]
           [ 1.13274395e+00  1.26443684e+00  1.82643318e+00  6.85973525e-01
             1.08166218e+00]
           [ 8.96812081e-01  8.69039536e-01 -1.57054877e+00 -1.28766942e+00
            -1.29540458e-01]
           [-2.66953874e+00 -7.21116483e-01  1.61241794e+00  2.08164424e-01
            -7.36285508e-01]]]


         [[[ 7.89600134e-01  5.22773445e-01 -1.46173012e+00 -6.31411895e-02
             7.18099475e-01]
           [-6.52143300e-01 -1.26463309e-01 -3.83877337e-01 -1.23904073e+00
            -4.04522151e-01]
           [-5.92330158e-01  5.63815236e-01  1.61228895e+00 -2.27960125e-01
            -4.47700769e-01]
           [-7.41253734e-01 -1.11922228e+00 -6.00666463e-01  1.05100298e+00
            -1.53613532e+00]
           [ 7.67915249e-02 -9.02478635e-01  1.20853865e+00 -1.29852705e-02
             3.60677660e-01]]]


         [[[ 6.19333863e-01  4.12179232e-01  1.47399724e-01  4.95065331e-01
             1.02330995e+00]
           [-9.68923450e-01 -1.29255152e+00  6.40129805e-01  7.62520134e-02
             5.81092417e-01]
           [-6.10877872e-01  1.55815845e-02  3.88199538e-01 -1.70899212e+00
             1.25300050e-01]
           [-1.12692273e+00  5.33858478e-01  1.40982878e+00 -1.14761901e+00
            -1.42288995e+00]
           [ 1.46492767e+00 -2.65175253e-01 -6.54073060e-01  4.27446991e-01
            -1.30067337e+00]]]


         [[[ 5.56080103e-01  5.63250124e-01  1.23337018e+00  2.97452092e-01
            -1.81865275e+00]
           [ 4.80955467e-03  5.54923952e-01 -1.24918950e+00  2.27338523e-02
            -1.29394019e+00]
           [ 6.60852253e-01  1.90904176e+00 -7.76975095e-01 -3.41940880e-01
            -7.82502413e-01]
           [-1.53705239e+00  5.14722196e-04  3.84193480e-01 -1.08740842e+00
             1.26180983e+00]
           [-1.00135654e-01 -1.44117385e-01  2.53212154e-01  1.46361911e+00
            -1.24590373e+00]]]


         [[[-8.75232220e-01  2.01454258e+00 -1.31331205e+00  3.78562242e-01
             2.23180965e-01]
           [-1.32042885e+00 -1.05871178e-01 -2.46697038e-01 -7.17635155e-01
            -1.28392732e+00]
           [-1.77428424e-01 -2.70434594e+00  1.12193801e-01 -8.24871287e-02
            -1.06561828e+00]
           [-8.42713356e-01  6.95936561e-01 -9.27977800e-01 -9.33933496e-01
            -5.42263925e-01]
           [-1.06109917e+00 -1.39321673e+00 -3.56097817e-01 -1.31727052e+00
            -6.52470827e-01]]]


         [[[ 1.22507155e-01 -7.73446441e-01  2.44113311e-01  1.87403011e+00
             1.95547867e+00]
           [-1.10009503e+00  2.05979049e-01 -1.23661190e-01 -2.00672030e+00
            -6.81807339e-01]
           [ 4.91577715e-01  1.26423585e+00  8.10932159e-01 -5.76328672e-02
             1.97319150e-01]
           [-3.86387080e-01  3.21636379e-01  2.99373418e-01  1.14324832e+00
            -9.91654932e-01]
           [ 4.26837742e-01  5.18855453e-01  1.42599186e-02 -1.01025093e+00
            -4.49816197e-01]]]


         [[[ 3.06828284e+00  8.40981126e-01 -2.34696254e-01 -9.70799446e-01
            -1.97438197e-03]
           [ 7.11750031e-01  1.95669723e+00 -1.51258647e+00 -6.77971840e-01
            -4.45889145e-01]
           [-1.74161172e+00 -5.46159029e-01 -4.23934907e-01  7.40340650e-01
            -6.08387232e-01]
           [-1.03006184e+00 -4.59501371e-02  7.03664958e-01 -1.67057490e+00
            -4.37577248e-01]
           [-4.73206816e-03  4.10475284e-01  1.29518521e+00 -9.34141159e-01
             1.73341811e-01]]]


         [[[ 1.02786338e+00 -7.51138777e-02  2.58423567e-01  9.55511212e-01
            -1.69839990e+00]
           [ 2.72311473e+00  3.20488185e-01  8.57114792e-01  6.23560011e-01
             8.08039963e-01]
           [ 7.46180296e-01  1.47819877e+00  1.75953889e+00 -6.15415573e-01
            -9.08462524e-01]
           [-5.74745126e-02 -2.00195384e+00 -1.83663142e+00 -1.98795199e+00
             1.46190548e+00]
           [ 2.30154634e+00 -7.43246853e-01 -1.48507059e+00 -5.37612498e-01
             2.78690364e-03]]]


         [[[ 1.80818903e+00  1.81929898e+00  3.33766818e-01  1.68013647e-02
            -1.30076253e+00]
           [-1.39733219e+00 -5.07590890e-01 -5.08097708e-01 -1.94107130e-01
             3.84539142e-02]
           [-1.84994578e-01  1.67048443e-02 -7.58449376e-01 -5.07398307e-01
             1.89463377e-01]
           [-1.26899660e+00 -7.97928691e-01  1.83677256e-01 -1.94061732e+00
            -2.79216856e-01]
           [ 1.63948357e-01  7.96051979e-01 -5.19799888e-01 -7.40321040e-01
             1.67938447e+00]]]


         [[[-9.71884608e-01  9.53459322e-01 -1.45642027e-01  8.45043480e-01
            -1.27501345e+00]
           [-1.30231217e-01 -2.69912686e-02  2.38722205e-01 -1.04100496e-01
             1.07571423e+00]
           [ 1.55565703e+00 -5.87309599e-01  9.82833207e-01 -7.20451713e-01
            -5.91394365e-01]
           [-1.85107517e+00 -1.83230114e+00 -6.06201231e-01 -7.41391480e-01
            -5.30157804e-01]
           [-1.83533654e-01  4.01044518e-01  4.32343721e-01 -1.74847674e+00
             6.08729184e-01]]]


         [[[ 8.09250236e-01 -5.53602636e-01  1.12672973e+00 -3.94212380e-02
            -2.92123873e-02]
           [ 1.43484271e+00  6.81109279e-02 -6.20726272e-02  9.95763958e-01
            -5.82373552e-02]
           [-1.73021346e-01  1.79819918e+00  8.17452818e-02 -6.12725206e-02
            -1.10854280e+00]
           [ 4.27792937e-01 -7.38308549e-01  7.17318535e-01  2.64489710e-01
            -2.63965696e-01]
           [-1.18267357e+00 -1.19001770e+00  1.18829638e-01  6.93406761e-01
            -1.31485927e+00]]]


         [[[-5.54740429e-01  7.55416691e-01 -5.25968552e-01 -1.54328644e+00
             5.59570193e-01]
           [ 1.89033374e-01 -1.04358268e+00  2.04950094e+00 -1.86459351e+00
             4.93795499e-02]
           [-1.02045082e-01 -5.81083536e-01  1.55661702e+00 -1.11802638e+00
            -3.82613242e-01]
           [-9.88237679e-01  1.03045666e+00  1.15789819e+00 -2.22576976e+00
            -1.44331133e+00]
           [ 1.36514091e+00 -4.92346197e-01 -5.39798662e-02  4.17589992e-01
             4.80468839e-01]]]


         [[[-4.84104753e-01 -7.09161580e-01 -8.15430820e-01  2.83108264e-01
             7.19285786e-01]
           [-7.32287705e-01 -8.92625928e-01 -1.38851941e-01 -4.27872986e-01
             3.40915136e-02]
           [-6.04903281e-01 -1.62276876e+00  3.96078378e-02  2.83945948e-01
            -1.03361118e+00]
           [ 5.24538100e-01 -1.11115241e+00  3.48774672e-01  1.27231732e-01
             9.19847965e-01]
           [ 1.42060351e+00 -3.28829475e-02 -2.18962288e+00  1.10573091e-01
            -1.97984421e+00]]]]

    Initializer | conv1.bias [dtype=float32, shape=[32]] | Values:
        [-0.2323214  -0.6394497   0.02252822  0.11485269  1.1769279  -0.8764193
          0.84346575 -1.4321934  -0.8259536  -0.07218196 -0.13962094  0.6520877
         -0.18297859 -0.02081082  0.44340503  0.06448613  0.9886116  -1.1687607
          1.3964099   0.28348988  0.03811274 -1.1166956   0.14867996 -0.999266
         -0.22592355  0.07455096 -1.0732989   0.1502515  -0.1308626   0.93591046
         -0.33609852  0.9115918 ]

    Initializer | conv2.weight [dtype=float32, shape=[64, 32, 5, 5]] | Values:
        [[[[-4.76822197e-01 -3.78853738e-01  6.29358470e-01 -1.11165595e+00
            -2.28903747e+00]
           [ 2.16174102e+00  1.16532433e+00 -6.63721025e-01 -9.21622932e-01
             1.03531396e+00]
           [-8.35304141e-01  4.22273099e-01 -1.89676806e-01 -2.86699414e-01
            -5.35338998e-01]
           [ 3.00513785e-02 -7.65337825e-01 -2.26705015e-01 -2.89160926e-02
            -3.55179727e-01]
           [-5.31209446e-02 -4.91366804e-01 -1.35558915e+00 -1.60013378e+00
             6.22954488e-01]]

          [[-2.40811038e+00 -9.75607872e-01 -8.84270430e-01 -5.84576190e-01
            -1.48254800e+00]
           [ 6.28782809e-02  4.60861981e-01 -1.52399111e+00 -1.25340068e+00
            -4.28663284e-01]
           [-1.09929514e+00 -5.81483245e-01  1.44784498e+00  4.93730873e-01
            -6.81391299e-01]
           [-7.08770931e-01 -2.45168462e-01  4.31243479e-01  1.78415787e+00
             3.58237982e-01]
           [-8.16322982e-01  8.61993492e-01  3.61679584e-01  9.54971552e-01
            -7.87033021e-01]]

          [[-3.60828936e-02  8.19848776e-01 -8.97965372e-01 -1.14502966e+00
            -5.34178078e-01]
           [-8.42561007e-01  1.06209412e-01  2.46205673e-01 -6.98189676e-01
            -2.16430828e-01]
           [-1.15688801e+00  1.40425414e-01  5.23476660e-01  2.37547588e+00
             6.92519426e-01]
           [ 4.01409827e-02  6.70732200e-01  4.44502980e-01  1.18001260e-01
             3.66965532e-01]
           [ 8.34417760e-01 -1.12812555e+00 -2.51512555e-03  1.43226278e+00
            -2.15328842e-01]]

          ...

          [[ 2.68637806e-01  6.74418211e-01 -1.75165963e+00  7.60932863e-01
            -1.67495120e+00]
           [ 2.48630736e-02 -1.00033939e+00  1.85751200e+00 -1.85809970e-01
            -1.00725211e-01]
           [ 7.15535223e-01  6.66867673e-01 -1.15827429e+00  6.99066341e-01
             2.69969553e-01]
           [ 2.51426578e-01 -1.38959217e+00 -9.49321449e-01  6.61548913e-01
             4.89108592e-01]
           [-1.03566563e+00  1.46554017e+00  2.37919044e+00  5.70584834e-01
            -6.68520391e-01]]

          [[-2.70111918e-01 -9.26601350e-01 -2.06825328e+00 -2.24239349e-01
            -5.30084431e-01]
           [-6.63251460e-01  9.96158361e-01  3.04478496e-01 -5.02590656e-01
             6.42180443e-02]
           [-6.00526392e-01  6.74507916e-01 -3.90092611e-01  1.16384590e+00
             1.50845408e+00]
           [ 8.02167475e-01 -1.00903265e-01  4.13663030e-01  3.80169421e-01
            -1.17302179e+00]
           [-1.17634857e+00  6.18256390e-01  9.84902978e-01 -4.40892249e-01
             1.43779829e-01]]

          [[-5.96398354e-01 -1.17704377e-01 -1.81032932e+00  1.95556745e-01
             1.76941490e+00]
           [-1.04917312e+00 -9.42029133e-02  5.10844886e-01 -7.02666819e-01
             2.33236313e+00]
           [-4.44958448e-01 -1.74935937e-01  6.09241307e-01  3.52560878e-01
             1.28374767e+00]
           [ 3.27806687e+00 -9.79561985e-01 -2.02195980e-02  1.22492656e-01
             6.09383404e-01]
           [ 7.75010288e-02 -1.18662274e+00 -7.07383871e-01  1.12521335e-01
             8.99843574e-01]]]


         [[[ 1.88504115e-01  5.97371817e-01  1.26497436e+00 -5.95101668e-03
             9.52241778e-01]
           [-7.53435791e-01  6.05608225e-01  1.46072137e+00  8.39781284e-01
             2.37493157e+00]
           [ 8.22015822e-01  8.93165916e-02  8.93737257e-01 -5.74666500e-01
             4.76921588e-01]
           [ 1.89266527e+00 -1.92641306e+00 -4.31902021e-01 -2.68632174e-01
             2.43076921e+00]
           [-2.47399166e-01  5.19227147e-01 -9.37786877e-01  5.16049683e-01
            -1.17079377e+00]]

          [[ 2.74729818e-01  7.48499215e-01 -3.77995372e-02 -1.62085652e+00
             8.33444834e-01]
           [ 9.29701403e-02 -4.08845127e-01 -1.43572903e+00  1.25982416e+00
             2.68467844e-01]
           [-8.88878107e-03  9.55005884e-01  1.58864141e+00  1.04617679e+00
             1.10189211e+00]
           [ 9.84649479e-01  8.40623140e-01 -3.50006402e-01 -4.34431672e-01
            -1.06808031e+00]
           [-8.33752215e-01 -7.63073027e-01  3.09240907e-01  6.55015171e-01
            -3.25827301e-01]]

          [[ 1.74173081e+00 -1.00574657e-01 -2.31409597e+00  9.36738610e-01
             9.28818166e-01]
           [-1.19353391e-01  1.93829134e-01 -6.53076172e-01  3.76519561e-01
            -2.35245132e+00]
           [ 6.84815943e-01 -8.00017297e-01 -1.89151391e-01  6.63995624e-01
            -4.52470303e-01]
           [ 1.90978542e-01 -1.24093853e-01  2.54374117e-01  9.85968113e-01
            -4.11274761e-01]
           [ 1.17714787e+00  9.40348446e-01 -9.13809240e-01  1.61764279e-01
            -1.65832222e+00]]

          ...

          [[ 3.95685911e-01 -1.15524280e+00  8.44365835e-01  1.01073718e+00
             4.51456696e-01]
           [ 3.85545284e-01  7.02896595e-01 -9.68742669e-01 -3.12676728e-01
             1.38546515e+00]
           [-2.06105709e-01 -2.24686980e-01  2.34059885e-01  3.50748748e-01
            -1.97804406e-01]
           [-2.25711972e-01  1.58454406e+00 -1.31800568e+00 -2.25047886e-01
            -1.34525383e+00]
           [-1.88384783e+00  1.17134738e+00  4.73169655e-01  6.31749570e-01
            -2.10685395e-02]]

          [[ 4.45268869e-01  5.14837444e-01 -6.91910088e-01  7.24382222e-01
             3.12209755e-01]
           [ 1.10622942e+00  8.31827104e-01  7.80778348e-01 -3.81925881e-01
            -1.99040756e-01]
           [ 1.54191017e+00 -9.42626297e-01 -5.16919017e-01 -1.10490024e+00
             9.65215385e-01]
           [ 6.36441112e-01 -8.24911833e-01 -1.07787931e+00  1.02981246e+00
            -6.97078347e-01]
           [-4.96190190e-01 -2.28000194e-01  2.41384715e-01  5.95087349e-01
             1.92496991e+00]]

          [[ 2.81210601e-01  4.67744976e-01  4.91214454e-01  1.78795502e-01
             9.02029157e-01]
           [-1.87761933e-01 -1.16809523e+00 -1.60669136e+00  6.29969537e-01
             1.47133517e+00]
           [ 3.84473681e-01 -3.62531811e-01  2.04045606e+00  1.05311298e+00
            -2.54657775e-01]
           [-1.22667038e+00 -1.50473988e+00  4.97951686e-01  5.06624460e-01
            -1.34269667e+00]
           [ 5.89643836e-01 -1.25255013e+00  1.41258681e+00  1.35907546e-01
            -2.55490273e-01]]]


         [[[-5.13529658e-01  7.10911036e-01 -1.01833606e+00  9.56504941e-01
             1.42122239e-01]
           [-4.57385004e-01  7.86597013e-01  1.00418174e+00 -1.71415830e+00
             1.84769626e-03]
           [ 2.28387043e-01  8.56405258e-01 -1.27445197e+00  1.12162662e+00
            -1.95851529e+00]
           [-1.29718471e+00 -1.85265124e+00  1.30853248e+00 -5.78400135e-01
             4.90064323e-01]
           [ 2.55660802e-01 -8.10359716e-01 -1.20996130e+00 -7.14251637e-01
            -1.27214289e+00]]

          [[-2.52459228e-01  2.90822685e-01 -1.31602943e+00 -1.39786065e+00
             6.33753240e-01]
           [-4.62222725e-01  6.56069696e-01 -8.79805163e-03 -1.15663826e+00
             1.03019094e+00]
           [-4.57522333e-01 -1.91254932e-02  8.44359159e-01 -1.42208743e+00
            -2.10486040e-01]
           [ 6.17168248e-01 -8.92581999e-01 -6.82363212e-01 -2.33410046e-01
             1.48404086e+00]
           [ 2.34378672e+00  1.57484221e+00  6.83561563e-01 -7.51765072e-01
             1.01667631e+00]]

          [[ 3.69727701e-01  1.04070038e-01 -4.67200428e-01  5.33446819e-02
            -1.72254741e+00]
           [-1.91061032e+00 -1.20066476e+00 -1.09023166e+00  1.65627253e+00
            -2.43245900e-01]
           [ 7.13390231e-01 -2.62835938e-02  9.27871227e-01  8.27811584e-02
            -2.16133952e+00]
           [-7.14368284e-01  4.50294644e-01  1.24062610e+00  1.59814441e+00
             1.50901866e+00]
           [ 3.61308336e-01  1.94952130e+00 -2.12567002e-02  6.98118031e-01
            -2.40925327e-01]]

          ...

          [[ 7.17528522e-01 -9.94089603e-01 -5.37167668e-01 -1.06137776e+00
             1.23977983e+00]
           [-1.54794037e+00 -3.80772859e-01  6.94127440e-01 -9.56958115e-01
            -8.36852074e-01]
           [ 4.83834922e-01 -2.03197527e+00  8.01366866e-01 -6.21551573e-01
            -3.26856524e-01]
           [ 1.17791522e+00  1.67339528e+00  3.05888861e-01 -1.09592927e+00
             7.26055503e-01]
           [-1.23392656e-01 -1.85744548e+00  6.27316833e-01 -6.02311313e-01
            -3.67807418e-01]]

          [[ 1.80367634e-01  5.26127875e-01 -1.58895040e+00  1.15981781e+00
            -5.29781103e-01]
           [ 1.22496760e+00 -7.39115357e-01  1.08747685e+00  3.77713948e-01
            -1.55126572e+00]
           [-1.45231819e+00 -8.21535349e-01 -5.03708959e-01 -6.10542715e-01
             3.56287450e-01]
           [-8.35430920e-01 -9.40058380e-02  8.71826187e-02 -1.48113501e+00
             8.26524794e-01]
           [-7.40609109e-01  1.52369475e+00  5.41022658e-01 -1.83692291e-01
            -9.97505665e-01]]

          [[-1.56124842e+00  1.37518144e+00  7.96563804e-01 -4.63018417e-01
            -9.23073530e-01]
           [ 3.44589576e-02 -7.71680892e-01  1.21473885e+00 -2.10994139e-01
             1.56014419e+00]
           [-1.84842259e-01  8.03703189e-01 -5.63404262e-01 -8.38781893e-01
            -8.84607494e-01]
           [ 7.99631894e-01 -2.96066880e-01 -1.57653725e+00 -5.14162719e-01
             1.07451439e+00]
           [-2.30107570e+00  5.61555445e-01  1.15466285e+00  3.88148218e-01
             1.83575976e+00]]]


         ...


         [[[ 2.21113157e+00 -6.84044421e-01  6.91756546e-01 -2.56670380e+00
             4.15581703e-01]
           [ 4.62286264e-01 -1.18489766e+00 -4.30292683e-03  4.21835840e-01
            -1.42848834e-01]
           [ 1.66120970e+00 -9.55989480e-01  3.14162821e-01 -1.29892433e+00
            -4.93346043e-02]
           [ 1.30933285e+00 -4.28931899e-02 -2.78967712e-02 -2.43949711e-01
             1.47472128e-01]
           [ 1.50007474e+00 -2.51757234e-01  1.93651402e+00  1.42085716e-01
             1.45026132e-01]]

          [[ 1.23139568e-01  5.50964534e-01 -2.54202580e+00  6.04803145e-01
             1.47185457e+00]
           [ 5.22544920e-01  6.23610854e-01  2.81707525e-01  4.84580010e-01
            -2.21715450e-01]
           [ 8.85161519e-01  3.91651154e-01  1.04398227e+00  8.80047977e-01
             6.14984274e-01]
           [-1.71101582e+00 -1.62707067e+00 -4.01093274e-01  2.11832666e+00
            -5.67213356e-01]
           [ 6.39454603e-01 -5.44385195e-01 -1.10179961e+00  8.96565557e-01
            -4.56866682e-01]]

          [[-1.62939322e+00 -1.30192649e+00  1.94163585e+00 -1.43336511e+00
             7.58067071e-01]
           [ 7.32644498e-01 -5.65899909e-01 -8.66656423e-01  2.11708188e-01
            -2.80394912e-01]
           [ 7.22868741e-01  8.22887540e-01  3.00177169e+00 -3.06827098e-01
             1.19962835e+00]
           [ 3.06433678e-01  7.29243398e-01 -1.61245048e-01 -7.18881130e-01
             4.92903106e-02]
           [ 1.69911003e+00  5.07928967e-01 -4.08419937e-01 -1.55128017e-01
             9.23432291e-01]]

          ...

          [[-5.27829587e-01  7.41022378e-02  1.37181222e+00  4.81109828e-01
            -6.20129108e-01]
           [ 6.49240911e-01  2.01308995e-01 -6.58811152e-01 -2.96410900e-02
             7.80429065e-01]
           [ 2.89426923e-01 -1.03229117e+00  8.65915358e-01  3.33853483e-01
            -1.94303024e+00]
           [ 2.37658545e-01  5.01544476e-01  2.11190106e-03 -8.35751355e-01
             2.00410083e-01]
           [ 9.18630302e-01 -9.33423117e-02 -7.71913171e-01  1.48658991e+00
             1.40523701e-03]]

          [[-4.74718779e-01  1.65304124e-01 -1.66999793e+00 -5.13017833e-01
             1.52361262e+00]
           [ 3.58222127e-01  5.48732817e-01 -6.19921505e-01  2.07132363e+00
            -1.52734268e+00]
           [-4.33915943e-01 -1.15980673e+00  1.69077528e+00 -1.20589507e+00
            -4.69089091e-01]
           [ 1.80951726e+00 -3.29378814e-01  3.59854192e-01  7.58654237e-01
            -1.18230975e+00]
           [ 4.04126346e-02 -5.73623538e-01 -1.46691608e+00  8.26055944e-01
             1.29793704e+00]]

          [[-1.14486530e-01  1.01619828e+00 -1.05150783e+00  5.59369147e-01
            -8.35630655e-01]
           [ 3.53056788e-02 -1.31301010e+00 -1.81026924e+00 -1.38985053e-01
            -7.70652413e-01]
           [ 1.96429741e+00  1.88762978e-01 -6.92831397e-01 -3.47666800e-01
            -2.33161330e+00]
           [-2.34395218e+00 -9.96144950e-01  7.12217748e-01 -7.29902387e-02
             4.62443680e-01]
           [-5.41748166e-01 -6.27455354e-01 -6.36456490e-01 -1.90087318e-01
             1.44885671e+00]]]


         [[[ 6.58663571e-01  7.12628245e-01 -4.56113368e-02  8.62600505e-01
            -6.89845741e-01]
           [ 1.66357100e-01 -4.83228534e-01 -6.11230075e-01  1.93025116e-02
            -9.96184170e-01]
           [-1.29965806e+00  7.07298696e-01  6.89537376e-02  6.88146532e-01
            -1.87630153e+00]
           [-9.98073816e-01  6.08526804e-02 -8.10418129e-01 -5.97258210e-01
            -5.87829232e-01]
           [-2.28706613e-01  1.53368130e-01 -1.13689370e-01 -6.69176936e-01
             6.15826488e-01]]

          [[ 2.22937524e-01  3.82397845e-02 -8.18402112e-01 -5.57869017e-01
            -1.99234557e+00]
           [ 2.23598003e+00  9.36609030e-01  1.07037282e+00 -1.59050867e-01
            -1.78821778e+00]
           [-8.75728488e-01  2.13569328e-01  2.07545131e-01 -1.24768090e+00
             1.04055333e+00]
           [-8.37341487e-01  6.30012989e-01  1.11170352e+00  2.12361574e-01
            -6.61494583e-02]
           [ 1.32136464e+00 -2.84215331e-01  6.93497837e-01  5.94876587e-01
             2.76232436e-02]]

          [[ 2.18411255e+00  1.73312187e+00 -4.71243203e-01  1.09201238e-01
            -1.04104924e+00]
           [-4.52119708e-01 -6.73137426e-01  1.34139538e+00 -1.09073818e+00
            -9.67297018e-01]
           [ 1.55148685e+00 -6.43049836e-01  6.99653402e-02  9.44708586e-02
            -1.34614217e+00]
           [-9.28264916e-01  1.40229142e+00 -9.64918077e-01  1.31033587e+00
             1.23020744e+00]
           [ 5.12227654e-01 -1.46118748e+00  2.39225373e-01 -6.26374424e-01
             9.41727221e-01]]

          ...

          [[-5.16627610e-01 -1.02943182e+00  8.56280923e-01 -1.49475729e+00
            -2.44084850e-01]
           [-8.30423474e-01  1.44760478e+00  9.64804888e-01  3.61633152e-01
             1.52291095e+00]
           [-1.06823671e+00 -8.87738287e-01 -1.27462649e+00  8.27059269e-01
             9.53510821e-01]
           [ 2.63983399e-01  1.61672533e-01 -2.51821667e-01  2.66175956e-01
            -3.21843117e-01]
           [-5.79721808e-01  5.30648589e-01  3.09302211e-01 -6.61823571e-01
            -3.91654968e-01]]

          [[-1.73443988e-01  1.26024294e+00 -5.98494053e-01  2.67354995e-01
             3.65300775e-01]
           [-3.27962279e-01  2.68863887e-01  4.56541508e-01 -1.27071813e-01
             6.37921572e-01]
           [-3.46312195e-01 -6.73930585e-01 -6.62801683e-01 -8.26036632e-01
            -8.15854728e-01]
           [-1.16058397e+00 -1.45021069e+00 -3.12745512e-01  1.64447224e+00
             1.08646238e+00]
           [-7.73650646e-01 -3.45277309e-01  6.53062940e-01 -1.07766998e+00
             1.70622289e+00]]

          [[-2.69609064e-01  5.25270849e-02  7.98336744e-01  5.12399040e-02
             1.07170010e+00]
           [-1.63717651e+00  2.05591872e-01 -9.00543928e-01  1.06650627e+00
             4.88108397e-01]
           [ 1.76088616e-01  1.56338227e+00 -1.91432834e+00 -1.98765218e+00
             7.61172116e-01]
           [-6.39465034e-01  4.26481605e-01 -1.58608270e+00  5.89486063e-01
            -1.11577690e+00]
           [-7.71647155e-01  3.06363165e-01  3.57860237e-01 -1.38860416e+00
             7.77418733e-01]]]


         [[[-5.24539709e-01 -2.12212873e+00  8.14551413e-02 -1.07125258e+00
            -5.37171006e-01]
           [ 1.75068450e+00  1.02146184e+00 -4.61887687e-01  9.30419147e-01
            -3.48351121e-01]
           [-7.70873010e-01 -5.48476517e-01 -2.02671155e-01 -2.90619731e-01
            -9.29512560e-01]
           [ 4.45280105e-01 -4.29407418e-01  4.24323648e-01 -4.66768712e-01
            -1.55304241e+00]
           [ 1.45572269e+00 -3.10858995e-01 -4.01657134e-01  5.42479038e-01
             1.51046240e+00]]

          [[ 4.74606454e-01 -1.03527439e+00  1.56069130e-01  1.03698623e+00
            -1.71696091e+00]
           [-9.41741288e-01 -1.72059631e+00  7.00692356e-01  1.55847323e+00
             7.66323507e-01]
           [-9.41389084e-01  1.45000651e-01 -8.33915651e-01  2.99354494e-01
            -1.14333022e+00]
           [ 1.38771081e+00  4.32296216e-01  5.85724831e-01 -4.44786668e-01
            -3.00867975e-01]
           [ 1.20324028e+00  6.08292781e-02 -1.41969550e+00 -7.03339100e-01
            -4.83669579e-01]]

          [[ 1.07509148e+00  2.72543907e-01  1.94777787e+00  1.22643709e+00
            -4.56587613e-01]
           [-4.04233277e-01 -2.28502035e+00  9.47857574e-02  5.98136008e-01
             1.69091070e+00]
           [-5.19257128e-01  7.28796124e-01  9.48917031e-01  1.43972611e+00
             1.03061020e+00]
           [-3.83309394e-01 -1.90863594e-01  6.99129403e-02 -2.76464969e-01
             1.67736322e-01]
           [-2.92004086e-03  2.47764990e-01 -1.40347108e-01  5.00236332e-01
             5.73292315e-01]]

          ...

          [[-9.95039880e-01 -8.61291766e-01  1.30544746e+00  1.77316248e-01
            -1.59230125e+00]
           [-6.44413233e-01  5.73121190e-01 -8.49647999e-01  1.31724465e+00
             2.76350915e-01]
           [-2.04327479e-01 -7.49453783e-01  1.16019404e+00  1.88797629e+00
             1.30530775e-01]
           [ 1.29841074e-01 -3.71837229e-01 -4.18779373e-01 -8.93573016e-02
             8.39273810e-01]
           [-4.43734974e-02 -1.50591716e-01 -6.26262903e-01 -9.76192713e-01
            -2.14436159e-01]]

          [[-4.00858253e-01  2.59702533e-01 -2.89041460e-01 -2.71958172e-01
            -4.13135499e-01]
           [ 1.50085199e+00 -4.97910082e-02  8.51328671e-01 -9.30003464e-01
            -1.13901806e+00]
           [ 2.71365922e-02  2.21304059e-01  4.83829856e-01  8.09237242e-01
             2.04266950e-01]
           [-3.31478208e-01 -2.18054700e+00  2.99079537e+00 -6.14158928e-01
             1.72271222e-01]
           [ 3.97488773e-01 -3.88210379e-02 -4.70301300e-01 -3.87584940e-02
            -1.88803756e+00]]

          [[ 4.37963784e-01 -1.55727541e+00  5.95716178e-01 -2.28507191e-01
             1.39609718e+00]
           [-5.68299353e-01 -1.32408023e+00 -1.21336532e+00  2.00184441e+00
            -1.33786297e+00]
           [ 1.10902631e+00 -7.33220577e-01  5.46147346e-01 -1.86486572e-01
             7.22247183e-01]
           [ 1.11163247e+00  2.11939901e-01  5.59778869e-01  1.10063779e+00
            -7.53615052e-02]
           [ 8.92047286e-01  1.09967244e+00 -1.08448297e-01  2.74864435e-01
             3.38353157e-01]]]]

    Initializer | conv2.bias [dtype=float32, shape=[64]] | Values:
        [ 0.61798143  0.7682506   1.0609021   0.40734303 -0.01922428  0.20048246
         -0.621826   -1.0301791   1.1098967  -1.5102568   0.8404493  -0.19961856
          0.78653926 -0.3428046   0.5366005   0.19840962 -1.3626606  -0.63252383
          1.1478089  -0.5944867  -1.723856   -0.08689892 -0.08339313 -0.3479542
          0.04494522  0.28574437  0.41548482 -0.24550752 -0.00442196  0.7051528
          0.3289521   0.07211999 -0.6961354   1.4474037  -1.722442    1.8882669
          1.4244512   2.9177198   0.78525513 -1.126131    1.5351051   1.1620071
          0.8383796   0.46828744  1.1417066   0.4690807  -0.87801844 -0.894224
         -1.5222358   3.2678168   1.4098164   1.0234123   1.2980353  -0.3140244
          0.1044419   0.17765272 -0.9900169   0.01262438  1.8901334   0.3297477
         -1.3365388   0.60061353 -1.2482704   0.763708  ]

    Initializer | gemm1.weight [dtype=float32, shape=[1024, 3136]] | Values:
        [[ 1.7240828   1.9664662   0.94094247 ... -0.22054505 -0.542401
           0.7150155 ]
         [ 0.25543007  0.21389458  0.6568267  ... -1.1712275  -1.4810014
           1.2530472 ]
         [ 3.0009599  -0.5692378  -1.3088785  ...  1.9197273  -0.93323296
          -0.72367483]
         ...
         [ 0.33498043 -0.3533632   1.2842361  ... -0.78327864 -1.9836159
          -0.15395164]
         [ 1.5397227  -1.3149997   1.5467546  ... -0.466306    0.74867725
          -0.10873839]
         [ 0.04146431 -1.1905197   1.6359833  ...  0.81727505 -0.28606102
          -1.6725627 ]]

    Initializer | gemm1.bias [dtype=float32, shape=[1024]] | Values:
        [ 0.50142187  0.22588243  0.1520928  ...  0.33364248 -0.14499083
         -1.5560118 ]

    Initializer | gemm2.weight [dtype=float32, shape=[10, 1024]] | Values:
        [[ 0.48476782 -0.43813488 -0.8423798  ... -1.1127018  -1.0644846
           1.6945959 ]
         [-1.4084424  -0.77632713 -1.1299341  ...  0.5475788   0.8970891
          -0.11574838]
         [ 0.22307323  0.20547645 -0.29560515 ...  0.06614408 -0.97962356
           0.5554415 ]
         ...
         [ 1.2653084   0.3224324   0.86042565 ...  0.08106072  1.9322515
          -0.26974156]
         [-0.34389642  0.73678076 -1.3895676  ... -0.46742445 -0.5895147
           0.38107616]
         [-2.544112    0.0778018   1.6289381  ... -0.4334212  -0.12231956
           0.2270809 ]]

    Initializer | gemm2.bias [dtype=float32, shape=[10]] | Values:
        [ 0.60692745  0.22779717 -0.795891    1.235262   -0.08254281 -2.092439
          0.0811875  -1.9908359  -0.7374385   0.24712563]

    Initializer | val_5 [dtype=int64, shape=[2]] | Values:
        [  -1 3136]

    ---- 12 Node(s) ----
