[TensorRT-Cookbook] Version: 2.0.0
[09/09/2026-10:16:46] [TRT] [W] Using default stream in enqueueV3() may lead to performance issues due to additional calls to cudaStreamSynchronize() by TensorRT to ensure correct synchronization. Please use non-default stream instead.
[09/09/2026-10:16:46] [TRT] [W] Using default stream in enqueueV3() may lead to performance issues due to additional calls to cudaStreamSynchronize() by TensorRT to ensure correct synchronization. Please use non-default stream instead.
[09/09/2026-10:16:47] [TRT] [W] Using default stream in enqueueV3() may lead to performance issues due to additional calls to cudaStreamSynchronize() by TensorRT to ensure correct synchronization. Please use non-default stream instead.
[09/09/2026-10:16:47] [TRT] [W] Using default stream in enqueueV3() may lead to performance issues due to additional calls to cudaStreamSynchronize() by TensorRT to ensure correct synchronization. Please use non-default stream instead.
============================== Start [case_simple,(),{}]

================ Public members of <tensorrt.tensorrt.ITopKLayer object at 0x7116700e6eb0> (instance)
 0 Callback members: []
 0 Callable methods: []
 4 Non-callable attributions: ['axes', 'indices_type', 'k', 'op']
Input ->DataType.FLOAT, (3, 4, 5), (3, 4, 5), tensor
Output->DataType.FLOAT, (3, 2, 5), (3, 2, 5), (Unnamed Layer* 0) [TopK]_output
Output->DataType.INT64, (3, 2, 5), (3, 2, 5), (Unnamed Layer* 0) [TopK]_output (1)
tensor
[[[27.  5.  0. 31. 19.]
  [21. 43. 26. 12. 52.]
  [30. 45.  3. 10. 47.]
  [13. 14. 24. 38. 58.]]

 [[17. 59.  2. 20.  9.]
  [54. 40. 18. 28. 37.]
  [ 7.  8. 56. 34. 55.]
  [25. 32. 35. 49. 36.]]

 [[46. 39. 11. 53.  6.]
  [22. 57.  4. 51. 23.]
  [50. 48.  1. 29. 33.]
  [41. 42. 44. 16. 15.]]]
(Unnamed Layer* 0) [TopK]_output
[[[30. 45. 26. 38. 58.]
  [27. 43. 24. 31. 52.]]

 [[54. 59. 56. 49. 55.]
  [25. 40. 35. 34. 37.]]

 [[50. 57. 44. 53. 33.]
  [46. 48. 11. 51. 23.]]]
(Unnamed Layer* 0) [TopK]_output (1)
[[[2 2 1 3 3]
  [0 1 3 0 1]]

 [[1 0 2 3 2]
  [3 1 3 2 1]]

 [[2 1 3 0 2]
  [0 2 0 1 1]]]
============================== End   [case_simple]
============================== Start [case_deprecated,(),{}]
Input ->DataType.FLOAT, (3, 4, 5), (3, 4, 5), tensor
Output->DataType.FLOAT, (3, 2, 5), (3, 2, 5), (Unnamed Layer* 0) [TopK]_output
Output->DataType.INT64, (3, 2, 5), (3, 2, 5), (Unnamed Layer* 0) [TopK]_output (1)
tensor
[[[ 9. 28. 29. 51. 27.]
  [ 5. 21. 22. 17.  6.]
  [34. 11. 18. 10. 39.]
  [ 1. 16. 38. 24. 36.]]

 [[20. 59. 23. 26. 49.]
  [40. 52. 58. 54. 44.]
  [47. 13. 37.  0.  8.]
  [57. 42.  7.  4. 14.]]

 [[33. 53. 25. 32. 45.]
  [48.  3. 43. 12. 19.]
  [56. 50. 31. 41. 30.]
  [ 2. 35. 55. 46. 15.]]]
(Unnamed Layer* 0) [TopK]_output
[[[34. 28. 38. 51. 39.]
  [ 9. 21. 29. 24. 36.]]

 [[57. 59. 58. 54. 49.]
  [47. 52. 37. 26. 44.]]

 [[56. 53. 55. 46. 45.]
  [48. 50. 43. 41. 30.]]]
(Unnamed Layer* 0) [TopK]_output (1)
[[[2 0 3 0 2]
  [0 1 0 3 3]]

 [[3 0 1 1 0]
  [2 1 2 0 1]]

 [[2 0 3 3 0]
  [1 2 1 2 2]]]
============================== End   [case_deprecated]
============================== Start [case_shape_input,(),{}]
Input ->DataType.FLOAT, (3, 4, 5), (3, 4, 5), tensor
Input ->DataType.INT32, (), (), tensor1
Output->DataType.FLOAT, (3, -1, 5), (3, 2, 5), (Unnamed Layer* 0) [TopK]_output
Output->DataType.INT32, (3, -1, 5), (3, 2, 5), (Unnamed Layer* 0) [TopK]_output (1)
tensor
[[[ 5.  4. 21. 19. 35.]
  [30. 46. 32. 56. 16.]
  [37. 27. 53. 24. 45.]
  [ 8. 18. 50. 47. 41.]]

 [[14. 23. 15. 40. 26.]
  [20. 43. 11. 42. 52.]
  [ 6. 39. 17. 13. 36.]
  [10.  1. 55. 59. 22.]]

 [[ 3. 57.  0. 25.  9.]
  [38. 12. 29. 34. 51.]
  [44. 58. 48. 28. 33.]
  [ 2. 54. 31. 49.  7.]]]
tensor1
[2]
(Unnamed Layer* 0) [TopK]_output
[[[37. 46. 53. 56. 45.]
  [30. 27. 50. 47. 41.]]

 [[20. 43. 55. 59. 52.]
  [14. 39. 17. 42. 36.]]

 [[44. 58. 48. 49. 51.]
  [38. 57. 31. 34. 33.]]]
(Unnamed Layer* 0) [TopK]_output (1)
[[[2 1 2 1 2]
  [1 2 3 3 3]]

 [[1 1 3 3 1]
  [0 2 2 1 2]]

 [[2 2 2 3 1]
  [1 0 3 1 2]]]
============================== End   [case_shape_input]
============================== Start [case_dds,(),{}]
Input ->DataType.FLOAT, (3, 4, 5), (3, 4, 5), tensor
Input ->DataType.INT32, (-1,), (2,), tensor1
Output->DataType.FLOAT, (3, -1, 5), (3, -1, 5), (Unnamed Layer* 1) [TopK]_output
Output->DataType.INT32, (3, -1, 5), (3, -1, 5), (Unnamed Layer* 1) [TopK]_output (1)
tensor
[[[42. 11. 53. 54. 26.]
  [41. 39. 21.  8.  7.]
  [12. 55. 34. 22. 28.]
  [37. 36. 43. 38.  9.]]

 [[24. 17. 14.  0. 45.]
  [18. 48.  5. 58. 59.]
  [40. 47. 15.  2. 30.]
  [31. 27. 44.  1. 23.]]

 [[10. 33. 29. 46. 25.]
  [20. 16. 50. 32.  6.]
  [19. 56.  4. 49. 51.]
  [13. 35. 52. 57.  3.]]]
tensor1
[ 3 -1]
(Unnamed Layer* 1) [TopK]_output
[[[42. 55. 53. 54. 28.]
  [41. 39. 43. 38. 26.]]

 [[40. 48. 44. 58. 59.]
  [31. 47. 15.  2. 45.]]

 [[20. 56. 52. 57. 51.]
  [19. 35. 50. 49. 25.]]]
(Unnamed Layer* 1) [TopK]_output (1)
[[[0 2 0 0 2]
  [1 1 3 3 0]]

 [[2 1 3 1 1]
  [3 2 2 2 0]]

 [[1 2 3 3 2]
  [2 3 1 2 0]]]
============================== End   [case_dds]
Members of tensorrt.tensorrt.TopKOperation:
 0 -> MAX
 1 -> MIN
Members of tensorrt.tensorrt.ReduceOperation:
 0 -> SUM
 1 -> PROD
 2 -> MAX
 3 -> MIN
 4 -> AVG
 5 -> NONE
Finish
