[TensorRT-Cookbook] Version: 1.0.0
============================== Start [case_the_replay_api_is_gone,(),{}]
    TacticReplayData(): TacticReplayData -- constructs fine, it is just a dict
    TacticRecorder: AttributeError: module 'tensorrt' has no attribute 'IAlgorithmSelector'
      warned first: TacticRecorder is deprecated and will be removed in Polygraphy 0.55.0.
    TacticReplayer: AttributeError: module 'tensorrt' has no attribute 'IAlgorithmSelector'
      warned first: TacticReplayer is deprecated and will be removed in Polygraphy 0.55.0.
    trt.IAlgorithmSelector present in TensorRT 11.0.0.114: False
    IBuilderConfig.algorithm_selector: False
============================== End   [case_the_replay_api_is_gone]
============================== Start [case_save_timing_cache_does_not_load_it,(),{}]
    warm-up (CUDA init, discarded):  5.57 s
    no cache at all               :  4.40 s
    save_timing_cache=, run 1     :  4.48 s  (wrote 55786 B)
    save_timing_cache=, run 2     :  4.52 s  <- the file is there and full, and nothing got faster
    speed-up from run 1 to run 2  : 0.99x
============================== End   [case_save_timing_cache_does_not_load_it]
============================== Start [case_loading_it_properly,(),{}]
    no cache                      :  4.54 s
    cache loaded onto the config  :  3.65 s
    speed-up                      : 1.24x  -- against 1.00x for the kwarg alone
============================== End   [case_loading_it_properly]
============================== Start [case_proving_the_cache_was_used,(),{}]
    flag set, no cache loaded  : built
    flag set, cache loaded     : built
    the same flag would have caught the kwarg-only setup on day one
============================== End   [case_proving_the_cache_was_used]
============================== Start [case_what_the_cache_actually_holds,(),{}]
    entries in timing.cache: 5
      tactic 0x4b9ef35ad8721, measured 0.006035 ms
      tactic 0x38045e9a41a05, measured 0.002451 ms
      tactic 0x42db7610aa3d6, measured 0.019766 ms
    one entry per autotuned layer -- this is where the tactic choice now lives
============================== End   [case_what_the_cache_actually_holds]

Finish
