[TensorRT-Cookbook] Version: 1.0.0
[09/08/2026-09:05:02] [TRT] [W] ModelImporter.cpp:1047: Make sure output z has Int64 binding.
[0G[2K[----------] Building engine 0/6
[1A[0G[2K[----------] Building engine 0/6
[2K [----------] Cloning network graph 0/30
[2A[0G[2K[----------] Building engine 0/6
[2K [----------] Cloning network graph 0/30
[2A[0G[2K[----------] Building engine 0/6
[2K [----------] Cloning network graph 1/30
[2A[0G[2K[----------] Building engine 0/6
[2K [----------] Cloning network graph 2/30
[2A[0G[2K[----------] Building engine 0/6
[2K [=---------] Cloning network graph 3/30
[2A[0G[2K[----------] Building engine 0/6
[2K [=---------] Cloning network graph 4/30
[2A[0G[2K[----------] Building engine 0/6
[2K [=---------] Cloning network graph 5/30
[2A[0G[2K[----------] Building engine 0/6
[2K [==--------] Cloning network graph 6/30
[2A[0G[2K[----------] Building engine 0/6
[2K [==--------] Cloning network graph 7/30
[2A[0G[2K[----------] Building engine 0/6
[2K [==--------] Cloning network graph 8/30
[2A[0G[2K[----------] Building engine 0/6
[2K [===-------] Cloning network graph 9/30
[2A[0G[2K[----------] Building engine 0/6
[2K [===-------] Cloning network graph 10/30
[2A[0G[2K[----------] Building engine 0/6
[2K [===-------] Cloning network graph 11/30
[2A[0G[2K[----------] Building engine 0/6
[2K [====------] Cloning network graph 12/30
[2A[0G[2K[----------] Building engine 0/6
[2K [====------] Cloning network graph 13/30
[2A[0G[2K[----------] Building engine 0/6
[2K [====------] Cloning network graph 14/30
[2A[0G[2K[----------] Building engine 0/6
[2K [=====-----] Cloning network graph 15/30
[2A[0G[2K[----------] Building engine 0/6
[2K [=====-----] Cloning network graph 16/30
[2A[0G[2K[----------] Building engine 0/6
[2K [=====-----] Cloning network graph 17/30
[2A[0G[2K[----------] Building engine 0/6
[2K [======----] Cloning network graph 18/30
[2A[0G[2K[----------] Building engine 0/6
[2K [======----] Cloning network graph 19/30
[2A[0G[2K[----------] Building engine 0/6
[2K [======----] Cloning network graph 20/30
[2A[0G[2K[----------] Building engine 0/6
[2K [=======---] Cloning network graph 21/30
[2A[0G[2K[----------] Building engine 0/6
[2K [=======---] Cloning network graph 22/30
[2A[0G[2K[----------] Building engine 0/6
[2K [=======---] Cloning network graph 23/30
[2A[0G[2K[----------] Building engine 0/6
[2K [========--] Cloning network graph 24/30
[2A[0G[2K[----------] Building engine 0/6
[2K [========--] Cloning network graph 25/30
[2A[0G[2K[----------] Building engine 0/6
[2K [========--] Cloning network graph 26/30
[2A[0G[2K[----------] Building engine 0/6
[2K [=========-] Cloning network graph 27/30
[2A[0G[2K[----------] Building engine 0/6
[2K [=========-] Cloning network graph 28/30
[2A[0G[2K[----------] Building engine 0/6
[2K [=========-] Cloning network graph 29/30
[2A[0G[2K[----------] Building engine 0/6
[2K
[2A[0G[2K[----------] Building engine 0/6
[1A[0G[2K[=---------] Building engine 1/6
[1A[0G[2K[=---------] Building engine 1/6
[2K [----------] Preparing graph for optimization 0/4
[2A[0G[2K[=---------] Building engine 1/6
[2K [----------] Preparing graph for optimization 0/4
[2A[0G[2K[=---------] Building engine 1/6
[2K [==--------] Preparing graph for optimization 1/4
[2A[0G[2K[=---------] Building engine 1/6
[2K [=====-----] Preparing graph for optimization 2/4
[2A[0G[2K[=---------] Building engine 1/6
[2K [=======---] Preparing graph for optimization 3/4
[2A[0G[2K[=---------] Building engine 1/6
[2K
[2A[0G[2K[===-------] Building engine 2/6
[1A[0G[2K[=====-----] Building engine 3/6
[1A[0G[2K[=====-----] Building engine 3/6
[2K [----------] Building engine from subgraph 0/1
[2A[0G[2K[=====-----] Building engine 3/6
[2K [----------] Building engine from subgraph 0/1
[2K  [----------] Optimizing graph 0/30
[3A[0G[2K[=====-----] Building engine 3/6
[2K [----------] Building engine from subgraph 0/1
[2K  [----------] Optimizing graph 0/30
[3A[0G[2K[=====-----] Building engine 3/6
[2K [----------] Building engine from subgraph 0/1
[2K  [----------] Optimizing graph 1/30
[3A[0G[2K[=====-----] Building engine 3/6
[2K [----------] Building engine from subgraph 0/1
[2K  [----------] Optimizing graph 2/30
[3A[0G[2K[=====-----] Building engine 3/6
[2K [----------] Building engine from subgraph 0/1
[2K  [=---------] Optimizing graph 3/30
[3A[0G[2K[=====-----] Building engine 3/6
[2K [----------] Building engine from subgraph 0/1
[2K  [=---------] Optimizing graph 4/30
[3A[0G[2K[=====-----] Building engine 3/6
[2K [----------] Building engine from subgraph 0/1
[2K  [=---------] Optimizing graph 5/30
[3A[0G[2K[=====-----] Building engine 3/6
[2K [----------] Building engine from subgraph 0/1
[2K  [==--------] Optimizing graph 6/30
[3A[0G[2K[=====-----] Building engine 3/6
[2K [----------] Building engine from subgraph 0/1
[2K  [==--------] Optimizing graph 7/30
[3A[0G[2K[=====-----] Building engine 3/6
[2K [----------] Building engine from subgraph 0/1
[2K  [==--------] Optimizing graph 8/30
[3A[0G[2K[=====-----] Building engine 3/6
[2K [----------] Building engine from subgraph 0/1
[2K  [===-------] Optimizing graph 9/30
[3A[0G[2K[=====-----] Building engine 3/6
[2K [----------] Building engine from subgraph 0/1
[2K  [===-------] Optimizing graph 10/30
[3A[0G[2K[=====-----] Building engine 3/6
[2K [----------] Building engine from subgraph 0/1
[2K  [===-------] Optimizing graph 11/30
[3A[0G[2K[=====-----] Building engine 3/6
[2K [----------] Building engine from subgraph 0/1
[2K  [====------] Optimizing graph 12/30
[3A[0G[2K[=====-----] Building engine 3/6
[2K [----------] Building engine from subgraph 0/1
[2K  [====------] Optimizing graph 13/30
[3A[0G[2K[=====-----] Building engine 3/6
[2K [----------] Building engine from subgraph 0/1
[2K  [====------] Optimizing graph 14/30
[3A[0G[2K[=====-----] Building engine 3/6
[2K [----------] Building engine from subgraph 0/1
[2K  [=====-----] Optimizing graph 15/30
[3A[0G[2K[=====-----] Building engine 3/6
[2K [----------] Building engine from subgraph 0/1
[2K  [=====-----] Optimizing graph 16/30
[3A[0G[2K[=====-----] Building engine 3/6
[2K [----------] Building engine from subgraph 0/1
[2K  [=====-----] Optimizing graph 17/30
[3A[0G[2K[=====-----] Building engine 3/6
[2K [----------] Building engine from subgraph 0/1
[2K  [======----] Optimizing graph 18/30
[3A[0G[2K[=====-----] Building engine 3/6
[2K [----------] Building engine from subgraph 0/1
[2K  [======----] Optimizing graph 19/30
[3A[0G[2K[=====-----] Building engine 3/6
[2K [----------] Building engine from subgraph 0/1
[2K  [======----] Optimizing graph 20/30
[3A[0G[2K[=====-----] Building engine 3/6
[2K [----------] Building engine from subgraph 0/1
[2K  [=======---] Optimizing graph 21/30
[3A[0G[2K[=====-----] Building engine 3/6
[2K [----------] Building engine from subgraph 0/1
[2K  [=======---] Optimizing graph 22/30
[3A[0G[2K[=====-----] Building engine 3/6
[2K [----------] Building engine from subgraph 0/1
[2K  [=======---] Optimizing graph 23/30
[3A[0G[2K[=====-----] Building engine 3/6
[2K [----------] Building engine from subgraph 0/1
[2K  [========--] Optimizing graph 24/30
[3A[0G[2K[=====-----] Building engine 3/6
[2K [----------] Building engine from subgraph 0/1
[2K  [========--] Optimizing graph 25/30
[3A[0G[2K[=====-----] Building engine 3/6
[2K [----------] Building engine from subgraph 0/1
[2K  [========--] Optimizing graph 26/30
[3A[0G[2K[=====-----] Building engine 3/6
[2K [----------] Building engine from subgraph 0/1
[2K  [=========-] Optimizing graph 27/30
[3A[0G[2K[=====-----] Building engine 3/6
[2K [----------] Building engine from subgraph 0/1
[2K  [=========-] Optimizing graph 28/30
[3A[0G[2K[=====-----] Building engine 3/6
[2K [----------] Building engine from subgraph 0/1
[2K  [=========-] Optimizing graph 29/30
[3A[0G[2K[=====-----] Building engine 3/6
[2K [----------] Building engine from subgraph 0/1
[2K
[3A[0G[2K[=====-----] Building engine 3/6
[2K [----------] Building engine from subgraph 0/1
[2K  [----------] Computing profile costs 0/10
[3A[0G[2K[=====-----] Building engine 3/6
[2K [----------] Building engine from subgraph 0/1
[2K  [----------] Computing profile costs 0/10
[2K   [----------] Timing tactics 0/3
[4A[0G[2K[=====-----] Building engine 3/6
[2K [----------] Building engine from subgraph 0/1
[2K  [----------] Computing profile costs 0/10
[2K   [----------] Timing tactics 0/3
[2K    [----------] Timing graph nodes 0/4
[5A[0G[2K[=====-----] Building engine 3/6
[2K [----------] Building engine from subgraph 0/1
[2K  [----------] Computing profile costs 0/10
[2K   [----------] Timing tactics 0/3
[2K    [----------] Timing graph nodes 0/4
[5A[0G[2K[=====-----] Building engine 3/6
[2K [----------] Building engine from subgraph 0/1
[2K  [----------] Computing profile costs 0/10
[2K   [----------] Timing tactics 0/3
[2K    [----------] Timing graph nodes 0/4
[2K     [----------] Evaluating tactic times 0/1
[6A[0G[2K[=====-----] Building engine 3/6
[2K [----------] Building engine from subgraph 0/1
[2K  [----------] Computing profile costs 0/10
[2K   [----------] Timing tactics 0/3
[2K    [----------] Timing graph nodes 0/4
[2K     [----------] Evaluating tactic times 0/1
[6A[0G[2K[=====-----] Building engine 3/6
[2K [----------] Building engine from subgraph 0/1
[2K  [----------] Computing profile costs 0/10
[2K   [----------] Timing tactics 0/3
[2K    [----------] Timing graph nodes 0/4
[2K
[6A[0G[2K[=====-----] Building engine 3/6
[2K [----------] Building engine from subgraph 0/1
[2K  [----------] Computing profile costs 0/10
[2K   [----------] Timing tactics 0/3
[2K    [==--------] Timing graph nodes 1/4
[5A[0G[2K[=====-----] Building engine 3/6
[2K [----------] Building engine from subgraph 0/1
[2K  [----------] Computing profile costs 0/10
[2K   [----------] Timing tactics 0/3
[2K    [=====-----] Timing graph nodes 2/4
[5A[0G[2K[=====-----] Building engine 3/6
[2K [----------] Building engine from subgraph 0/1
[2K  [----------] Computing profile costs 0/10
[2K   [----------] Timing tactics 0/3
[2K    [=======---] Timing graph nodes 3/4
[5A[0G[2K[=====-----] Building engine 3/6
[2K [----------] Building engine from subgraph 0/1
[2K  [----------] Computing profile costs 0/10
[2K   [----------] Timing tactics 0/3
[2K
[5A[0G[2K[=====-----] Building engine 3/6
[2K [----------] Building engine from subgraph 0/1
[2K  [----------] Computing profile costs 0/10
[2K   [----------] Timing tactics 0/3
[4A[0G[2K[=====-----] Building engine 3/6
[2K [----------] Building engine from subgraph 0/1
[2K  [----------] Computing profile costs 0/10
[2K   [----------] Timing tactics 0/3
[2K    [----------] Timing tensor reformats 0/4
[5A[0G[2K[=====-----] Building engine 3/6
[2K [----------] Building engine from subgraph 0/1
[2K  [----------] Computing profile costs 0/10
[2K   [----------] Timing tactics 0/3
[2K    [----------] Timing tensor reformats 0/4
[2K     [----------] Computing reformatting costs 0/1
[6A[0G[2K[=====-----] Building engine 3/6
[2K [----------] Building engine from subgraph 0/1
[2K  [----------] Computing profile costs 0/10
[2K   [----------] Timing tactics 0/3
[2K    [----------] Timing tensor reformats 0/4
[2K     [----------] Computing reformatting costs 0/1
[6A[0G[2K[=====-----] Building engine 3/6
[2K [----------] Building engine from subgraph 0/1
[2K  [----------] Computing profile costs 0/10
[2K   [----------] Timing tactics 0/3
[2K    [----------] Timing tensor reformats 0/4
[2K
[6A[0G[2K[=====-----] Building engine 3/6
[2K [----------] Building engine from subgraph 0/1
[2K  [----------] Computing profile costs 0/10
[2K   [----------] Timing tactics 0/3
[2K    [----------] Timing tensor reformats 0/4
[5A[0G[2K[=====-----] Building engine 3/6
[2K [----------] Building engine from subgraph 0/1
[2K  [----------] Computing profile costs 0/10
[2K   [----------] Timing tactics 0/3
[2K    [==--------] Timing tensor reformats 1/4
[5A[0G[2K[=====-----] Building engine 3/6
[2K [----------] Building engine from subgraph 0/1
[2K  [----------] Computing profile costs 0/10
[2K   [----------] Timing tactics 0/3
[2K    [==--------] Timing tensor reformats 1/4
[2K     [----------] Computing reformatting costs 0/1
[6A[0G[2K[=====-----] Building engine 3/6
[2K [----------] Building engine from subgraph 0/1
[2K  [----------] Computing profile costs 0/10
[2K   [----------] Timing tactics 0/3
[2K    [==--------] Timing tensor reformats 1/4
[2K     [----------] Computing reformatting costs 0/1
[6A[0G[2K[=====-----] Building engine 3/6
[2K [----------] Building engine from subgraph 0/1
[2K  [----------] Computing profile costs 0/10
[2K   [----------] Timing tactics 0/3
[2K    [==--------] Timing tensor reformats 1/4
[2K
[6A[0G[2K[=====-----] Building engine 3/6
[2K [----------] Building engine from subgraph 0/1
[2K  [----------] Computing profile costs 0/10
[2K   [----------] Timing tactics 0/3
[2K    [=====-----] Timing tensor reformats 2/4
[5A[0G[2K[=====-----] Building engine 3/6
[2K [----------] Building engine from subgraph 0/1
[2K  [----------] Computing profile costs 0/10
[2K   [----------] Timing tactics 0/3
[2K    [=====-----] Timing tensor reformats 2/4
[2K     [----------] Computing reformatting costs 0/1
[6A[0G[2K[=====-----] Building engine 3/6
[2K [----------] Building engine from subgraph 0/1
[2K  [----------] Computing profile costs 0/10
[2K   [----------] Timing tactics 0/3
[2K    [=====-----] Timing tensor reformats 2/4
[2K     [----------] Computing reformatting costs 0/1
[6A[0G[2K[=====-----] Building engine 3/6
[2K [----------] Building engine from subgraph 0/1
[2K  [----------] Computing profile costs 0/10
[2K   [----------] Timing tactics 0/3
[2K    [=====-----] Timing tensor reformats 2/4
[2K
[6A[0G[2K[=====-----] Building engine 3/6
[2K [----------] Building engine from subgraph 0/1
[2K  [----------] Computing profile costs 0/10
[2K   [----------] Timing tactics 0/3
[2K    [=======---] Timing tensor reformats 3/4
[5A[0G[2K[=====-----] Building engine 3/6
[2K [----------] Building engine from subgraph 0/1
[2K  [----------] Computing profile costs 0/10
[2K   [----------] Timing tactics 0/3
[2K
[5A[0G[2K[=====-----] Building engine 3/6
[2K [----------] Building engine from subgraph 0/1
[2K  [----------] Computing profile costs 0/10
[2K   [===-------] Timing tactics 1/3
[4A[0G[2K[=====-----] Building engine 3/6
[2K [----------] Building engine from subgraph 0/1
[2K  [----------] Computing profile costs 0/10
[2K
[4A[0G[2K[=====-----] Building engine 3/6
[2K [----------] Building engine from subgraph 0/1
[2K  [----------] Computing profile costs 0/10
[3A[0G[2K[=====-----] Building engine 3/6
[2K [----------] Building engine from subgraph 0/1
[2K  [=---------] Computing profile costs 1/10
[3A[0G[2K[=====-----] Building engine 3/6
[2K [----------] Building engine from subgraph 0/1
[2K  [==--------] Computing profile costs 2/10
[3A[0G[2K[=====-----] Building engine 3/6
[2K [----------] Building engine from subgraph 0/1
[2K  [==--------] Computing profile costs 2/10
[2K   [----------] Determining refit engines 0/1
[4A[0G[2K[=====-----] Building engine 3/6
[2K [----------] Building engine from subgraph 0/1
[2K  [==--------] Computing profile costs 2/10
[2K   [----------] Determining refit engines 0/1
[4A[0G[2K[=====-----] Building engine 3/6
[2K [----------] Building engine from subgraph 0/1
[2K  [===-------] Computing profile costs 3/10
[2K   [----------] Determining refit engines 0/1
[4A[0G[2K[=====-----] Building engine 3/6
[2K [----------] Building engine from subgraph 0/1
[2K  [====------] Computing profile costs 4/10
[2K   [----------] Determining refit engines 0/1
[4A[0G[2K[=====-----] Building engine 3/6
[2K [----------] Building engine from subgraph 0/1
[2K  [====------] Computing profile costs 4/10
[2K
[4A[0G[2K[=====-----] Building engine 3/6
[2K [----------] Building engine from subgraph 0/1
[2K  [====------] Computing profile costs 4/10
[2K   [----------] Timing tactics 0/3
[4A[0G[2K[=====-----] Building engine 3/6
[2K [----------] Building engine from subgraph 0/1
[2K  [====------] Computing profile costs 4/10
[2K   [----------] Timing tactics 0/3
[2K    [----------] Timing graph nodes 0/4
[5A[0G[2K[=====-----] Building engine 3/6
[2K [----------] Building engine from subgraph 0/1
[2K  [====------] Computing profile costs 4/10
[2K   [----------] Timing tactics 0/3
[2K    [----------] Timing graph nodes 0/4
[5A[0G[2K[=====-----] Building engine 3/6
[2K [----------] Building engine from subgraph 0/1
[2K  [====------] Computing profile costs 4/10
[2K   [----------] Timing tactics 0/3
[2K    [----------] Timing graph nodes 0/4
[2K     [----------] Evaluating tactic times 0/1
[6A[0G[2K[=====-----] Building engine 3/6
[2K [----------] Building engine from subgraph 0/1
[2K  [====------] Computing profile costs 4/10
[2K   [----------] Timing tactics 0/3
[2K    [----------] Timing graph nodes 0/4
[2K     [----------] Evaluating tactic times 0/1
[6A[0G[2K[=====-----] Building engine 3/6
[2K [----------] Building engine from subgraph 0/1
[2K  [====------] Computing profile costs 4/10
[2K   [----------] Timing tactics 0/3
[2K    [----------] Timing graph nodes 0/4
[2K
[6A[0G[2K[=====-----] Building engine 3/6
[2K [----------] Building engine from subgraph 0/1
[2K  [====------] Computing profile costs 4/10
[2K   [----------] Timing tactics 0/3
[2K    [==--------] Timing graph nodes 1/4
[5A[0G[2K[=====-----] Building engine 3/6
[2K [----------] Building engine from subgraph 0/1
[2K  [====------] Computing profile costs 4/10
[2K   [----------] Timing tactics 0/3
[2K    [=====-----] Timing graph nodes 2/4
[5A[0G[2K[=====-----] Building engine 3/6
[2K [----------] Building engine from subgraph 0/1
[2K  [====------] Computing profile costs 4/10
[2K   [----------] Timing tactics 0/3
[2K    [=======---] Timing graph nodes 3/4
[5A[0G[2K[=====-----] Building engine 3/6
[2K [----------] Building engine from subgraph 0/1
[2K  [====------] Computing profile costs 4/10
[2K   [----------] Timing tactics 0/3
[2K
[5A[0G[2K[=====-----] Building engine 3/6
[2K [----------] Building engine from subgraph 0/1
[2K  [====------] Computing profile costs 4/10
[2K   [----------] Timing tactics 0/3
[4A[0G[2K[=====-----] Building engine 3/6
[2K [----------] Building engine from subgraph 0/1
[2K  [====------] Computing profile costs 4/10
[2K   [----------] Timing tactics 0/3
[2K    [----------] Timing tensor reformats 0/4
[5A[0G[2K[=====-----] Building engine 3/6
[2K [----------] Building engine from subgraph 0/1
[2K  [====------] Computing profile costs 4/10
[2K   [----------] Timing tactics 0/3
[2K    [----------] Timing tensor reformats 0/4
[2K     [----------] Computing reformatting costs 0/1
[6A[0G[2K[=====-----] Building engine 3/6
[2K [----------] Building engine from subgraph 0/1
[2K  [====------] Computing profile costs 4/10
[2K   [----------] Timing tactics 0/3
[2K    [----------] Timing tensor reformats 0/4
[2K     [----------] Computing reformatting costs 0/1
[6A[0G[2K[=====-----] Building engine 3/6
[2K [----------] Building engine from subgraph 0/1
[2K  [====------] Computing profile costs 4/10
[2K   [----------] Timing tactics 0/3
[2K    [----------] Timing tensor reformats 0/4
[2K
[6A[0G[2K[=====-----] Building engine 3/6
[2K [----------] Building engine from subgraph 0/1
[2K  [====------] Computing profile costs 4/10
[2K   [----------] Timing tactics 0/3
[2K    [----------] Timing tensor reformats 0/4
[5A[0G[2K[=====-----] Building engine 3/6
[2K [----------] Building engine from subgraph 0/1
[2K  [====------] Computing profile costs 4/10
[2K   [----------] Timing tactics 0/3
[2K    [==--------] Timing tensor reformats 1/4
[5A[0G[2K[=====-----] Building engine 3/6
[2K [----------] Building engine from subgraph 0/1
[2K  [====------] Computing profile costs 4/10
[2K   [----------] Timing tactics 0/3
[2K    [==--------] Timing tensor reformats 1/4
[2K     [----------] Computing reformatting costs 0/1
[6A[0G[2K[=====-----] Building engine 3/6
[2K [----------] Building engine from subgraph 0/1
[2K  [====------] Computing profile costs 4/10
[2K   [----------] Timing tactics 0/3
[2K    [==--------] Timing tensor reformats 1/4
[2K     [----------] Computing reformatting costs 0/1
[6A[0G[2K[=====-----] Building engine 3/6
[2K [----------] Building engine from subgraph 0/1
[2K  [====------] Computing profile costs 4/10
[2K   [----------] Timing tactics 0/3
[2K    [==--------] Timing tensor reformats 1/4
[2K
[6A[0G[2K[=====-----] Building engine 3/6
[2K [----------] Building engine from subgraph 0/1
[2K  [====------] Computing profile costs 4/10
[2K   [----------] Timing tactics 0/3
[2K    [=====-----] Timing tensor reformats 2/4
[5A[0G[2K[=====-----] Building engine 3/6
[2K [----------] Building engine from subgraph 0/1
[2K  [====------] Computing profile costs 4/10
[2K   [----------] Timing tactics 0/3
[2K    [=====-----] Timing tensor reformats 2/4
[2K     [----------] Computing reformatting costs 0/1
[6A[0G[2K[=====-----] Building engine 3/6
[2K [----------] Building engine from subgraph 0/1
[2K  [====------] Computing profile costs 4/10
[2K   [----------] Timing tactics 0/3
[2K    [=====-----] Timing tensor reformats 2/4
[2K     [----------] Computing reformatting costs 0/1
[6A[0G[2K[=====-----] Building engine 3/6
[2K [----------] Building engine from subgraph 0/1
[2K  [====------] Computing profile costs 4/10
[2K   [----------] Timing tactics 0/3
[2K    [=====-----] Timing tensor reformats 2/4
[2K
[6A[0G[2K[=====-----] Building engine 3/6
[2K [----------] Building engine from subgraph 0/1
[2K  [====------] Computing profile costs 4/10
[2K   [----------] Timing tactics 0/3
[2K    [=======---] Timing tensor reformats 3/4
[5A[0G[2K[=====-----] Building engine 3/6
[2K [----------] Building engine from subgraph 0/1
[2K  [====------] Computing profile costs 4/10
[2K   [----------] Timing tactics 0/3
[2K
[5A[0G[2K[=====-----] Building engine 3/6
[2K [----------] Building engine from subgraph 0/1
[2K  [====------] Computing profile costs 4/10
[2K   [===-------] Timing tactics 1/3
[4A[0G[2K[=====-----] Building engine 3/6
[2K [----------] Building engine from subgraph 0/1
[2K  [====------] Computing profile costs 4/10
[2K
[4A[0G[2K[=====-----] Building engine 3/6
[2K [----------] Building engine from subgraph 0/1
[2K  [=====-----] Computing profile costs 5/10
[3A[0G[2K[=====-----] Building engine 3/6
[2K [----------] Building engine from subgraph 0/1
[2K  [======----] Computing profile costs 6/10
[3A[0G[2K[=====-----] Building engine 3/6
[2K [----------] Building engine from subgraph 0/1
[2K  [=======---] Computing profile costs 7/10
[3A[0G[2K[=====-----] Building engine 3/6
[2K [----------] Building engine from subgraph 0/1
[2K  [=======---] Computing profile costs 7/10
[2K   [----------] Determining refit engines 0/1
[4A[0G[2K[=====-----] Building engine 3/6
[2K [----------] Building engine from subgraph 0/1
[2K  [=======---] Computing profile costs 7/10
[2K   [----------] Determining refit engines 0/1
[4A[0G[2K[=====-----] Building engine 3/6
[2K [----------] Building engine from subgraph 0/1
[2K  [========--] Computing profile costs 8/10
[2K   [----------] Determining refit engines 0/1
[4A[0G[2K[=====-----] Building engine 3/6
[2K [----------] Building engine from subgraph 0/1
[2K  [=========-] Computing profile costs 9/10
[2K   [----------] Determining refit engines 0/1
[4A[0G[2K[=====-----] Building engine 3/6
[2K [----------] Building engine from subgraph 0/1
[2K  [=========-] Computing profile costs 9/10
[2K
[4A[0G[2K[=====-----] Building engine 3/6
[2K [----------] Building engine from subgraph 0/1
[2K
[3A[0G[2K[=====-----] Building engine 3/6
[2K [----------] Building engine from subgraph 0/1
[2A[0G[2K[=====-----] Building engine 3/6
[2K
[2A[0G[2K[======----] Building engine 4/6
[1A[0G[2K
[1AFinish
