CUDA device count: 4
================================================================ Device 0
L2_cache_size                            = 132644864
clock_rate                               = 1965000
gcnArchName                              = NVIDIA B200
is_integrated                            = 0
is_multi_gpu_board                       = 0
major                                    = 10
max_threads_per_block                    = 1024
max_threads_per_multi_processor          = 2048
memory_bus_width                         = 7680
memory_clock_rate                        = 3996000
minor                                    = 0
multi_processor_count                    = 148
name                                     = NVIDIA B200
pci_bus_id                               = 67
pci_device_id                            = 0
pci_domain_id                            = 0
regs_per_multiprocessor                  = 65536
shared_memory_per_block                  = 49152
shared_memory_per_block_optin            = 232448
shared_memory_per_multiprocessor         = 233472
total_memory                             = 191490555904
uuid                                     = 5de52435-1295-4817-2a4e-60d7896052ea
warp_size                                = 32
================================================================ Device 1
L2_cache_size                            = 132644864
clock_rate                               = 1965000
gcnArchName                              = NVIDIA B200
is_integrated                            = 0
is_multi_gpu_board                       = 0
major                                    = 10
max_threads_per_block                    = 1024
max_threads_per_multi_processor          = 2048
memory_bus_width                         = 7680
memory_clock_rate                        = 3996000
minor                                    = 0
multi_processor_count                    = 148
name                                     = NVIDIA B200
pci_bus_id                               = 82
pci_device_id                            = 0
pci_domain_id                            = 0
regs_per_multiprocessor                  = 65536
shared_memory_per_block                  = 49152
shared_memory_per_block_optin            = 232448
shared_memory_per_multiprocessor         = 233472
total_memory                             = 191490555904
uuid                                     = 93d15173-b29e-5b03-4ee8-20a903e941a2
warp_size                                = 32
================================================================ Device 2
L2_cache_size                            = 132644864
clock_rate                               = 1965000
gcnArchName                              = NVIDIA B200
is_integrated                            = 0
is_multi_gpu_board                       = 0
major                                    = 10
max_threads_per_block                    = 1024
max_threads_per_multi_processor          = 2048
memory_bus_width                         = 7680
memory_clock_rate                        = 3996000
minor                                    = 0
multi_processor_count                    = 148
name                                     = NVIDIA B200
pci_bus_id                               = 157
pci_device_id                            = 0
pci_domain_id                            = 0
regs_per_multiprocessor                  = 65536
shared_memory_per_block                  = 49152
shared_memory_per_block_optin            = 232448
shared_memory_per_multiprocessor         = 233472
total_memory                             = 191490555904
uuid                                     = 38b75c54-9290-e02b-badb-a7a6fa02f661
warp_size                                = 32
================================================================ Device 3
L2_cache_size                            = 132644864
clock_rate                               = 1965000
gcnArchName                              = NVIDIA B200
is_integrated                            = 0
is_multi_gpu_board                       = 0
major                                    = 10
max_threads_per_block                    = 1024
max_threads_per_multi_processor          = 2048
memory_bus_width                         = 7680
memory_clock_rate                        = 3996000
minor                                    = 0
multi_processor_count                    = 148
name                                     = NVIDIA B200
pci_bus_id                               = 195
pci_device_id                            = 0
pci_domain_id                            = 0
regs_per_multiprocessor                  = 65536
shared_memory_per_block                  = 49152
shared_memory_per_block_optin            = 232448
shared_memory_per_multiprocessor         = 233472
total_memory                             = 191490555904
uuid                                     = 1d007d22-c114-af38-68c4-bfa325b27f35
warp_size                                = 32
Finish
