[TensorRT-Cookbook] Version: 2.0.0
[09/09/2026-10:08:41] [TRT] [W] Using default stream in enqueueV3() may lead to performance issues due to additional calls to cudaStreamSynchronize() by TensorRT to ensure correct synchronization. Please use non-default stream instead.
============================== Start [case_symexpr_classes,(),{}]
sym_expr = <tensorrt.tensorrt.ISymExpr object at 0x7dce50311c30>

================ Public members of <class 'tensorrt.tensorrt.ISymExprs'> (class)
 0 Callback members: []
 0 Callable methods: []
 1 Non-callable attributions: ['nbSymExprs']
trt.ISymExprs.nbSymExprs = <property object at 0x7dd09e3252b0>

================ Public members of <class 'tensorrt.tensorrt.IDimensionExpr'> (class)
 0 Callback members: []
 3 Callable methods: ['get_constant_value', 'is_constant', 'is_size_tensor']
 0 Non-callable attributions: []

================ Public members of <class 'tensorrt.tensorrt.DimsExprs'> (class)
 0 Callback members: []
 0 Callable methods: []
 0 Non-callable attributions: []
dim_exps[0] = None, dim_exps[1] = None
Members of tensorrt.tensorrt.DimensionOperation:
 0 -> SUM
 1 -> PROD
 2 -> MAX
 3 -> MIN
 4 -> SUB
 5 -> EQUAL
 6 -> LESS
 7 -> FLOOR_DIV
 8 -> CEIL_DIV
============================== End   [case_symexpr_classes]
============================== Start [case_dimension_operation,(),{}]
Input ->DataType.FLOAT, (-1, -1), (2, 4), inputT0
Output->DataType.FLOAT, (-1, -1), (2, -1), outputT0
Output->DataType.INT32, (), (), outputT1
inputT0
[[0. 1. 2. 3.]
 [4. 5. 6. 7.]]
outputT0
[[0. 1. 2. 3.]
 [4. 5. 6. 7.]]
outputT1
4
[check]outputT0:True,maxAbsDiff=0.000e+00,meanAbsDiff=0.000e+00,maxRelDiff=0.000e+00,meanRelDiff=0.000e+00
[check]outputT1:True,maxAbsDiff=0.000e+00,meanAbsDiff=0.000e+00,maxRelDiff=0.000e+00,meanRelDiff=0.000e+00
============================== End   [case_dimension_operation]
Finish
