[09/08/2026-09:06:49] [TRT] [I] [MemUsageChange] Init CUDA: CPU +0, GPU +0, now: CPU 73, GPU 627 (MiB)
[09/08/2026-09:06:50] [TRT] [I] [MemUsageChange] Init builder kernel library: CPU +320, GPU +8, now: CPU 604, GPU 635 (MiB)
[09/08/2026-09:06:50] [TRT] [I] Local timing cache in use. Profiling results in this builder pass will not be stored.
[09/08/2026-09:06:50] [TRT] [I] Compiler backend is used during engine build.
[09/08/2026-09:06:56] [TRT] [I] Detected 1 inputs and 1 output network tensors.
[09/08/2026-09:06:56] [TRT] [I] Total Host Persistent Memory: 80 bytes
[09/08/2026-09:06:56] [TRT] [I] Total Device Persistent Memory: 0 bytes
[09/08/2026-09:06:56] [TRT] [I] Max Scratch Memory: 650752 bytes
[09/08/2026-09:06:56] [TRT] [I] [BlockAssignment] Started assigning block shifts. This will take 1 steps to complete.
[09/08/2026-09:06:56] [TRT] [I] [BlockAssignment] Algorithm ShiftNTopDown took 0.005105ms to assign 1 blocks to 1 nodes requiring 650752 bytes.
[09/08/2026-09:06:56] [TRT] [I] Total Activation Memory: 650752 bytes
[09/08/2026-09:06:56] [TRT] [I] Total Weights Memory: 13098880 bytes
[09/08/2026-09:06:56] [TRT] [I] Compiler backend is used during engine execution.
[09/08/2026-09:06:56] [TRT] [I] Engine generation completed in 5.8177 seconds.
[09/08/2026-09:06:56] [TRT] [I] [MemUsageStats] Peak memory usage of TRT CPU/GPU memory allocators: CPU 0 MiB, GPU 12 MiB
[09/08/2026-09:06:56] [TRT] [I] Loaded engine size: 12 MiB
[09/08/2026-09:06:56] [TRT] [I] [MemUsageChange] TensorRT-managed allocation in IExecutionContext creation: CPU +0, GPU +1, now: CPU 0, GPU 13 (MiB)
[09/08/2026-09:06:56] [TRT] [W] Using default stream in enqueueV3() may lead to performance issues due to additional calls to cudaStreamSynchronize() by TensorRT to ensure correct synchronization. Please use non-default stream instead.
[09/08/2026-09:06:57] [TRT] [I] [MemUsageChange] Init builder kernel library: CPU -314, GPU +4, now: CPU 5473, GPU 645 (MiB)
[09/08/2026-09:06:57] [TRT] [I] Local timing cache in use. Profiling results in this builder pass will not be stored.
[09/08/2026-09:06:57] [TRT] [I] Compiler backend is used during engine build.
[09/08/2026-09:07:02] [TRT] [I] Detected 1 inputs and 1 output network tensors.
[09/08/2026-09:07:02] [TRT] [I] Total Host Persistent Memory: 80 bytes
[09/08/2026-09:07:02] [TRT] [I] Total Device Persistent Memory: 0 bytes
[09/08/2026-09:07:02] [TRT] [I] Max Scratch Memory: 650752 bytes
[09/08/2026-09:07:02] [TRT] [I] [BlockAssignment] Started assigning block shifts. This will take 1 steps to complete.
[09/08/2026-09:07:02] [TRT] [I] [BlockAssignment] Algorithm ShiftNTopDown took 0.005277ms to assign 1 blocks to 1 nodes requiring 650752 bytes.
[09/08/2026-09:07:02] [TRT] [I] Total Activation Memory: 650752 bytes
[09/08/2026-09:07:02] [TRT] [I] Total Weights Memory: 13098880 bytes
[09/08/2026-09:07:02] [TRT] [I] Compiler backend is used during engine execution.
[09/08/2026-09:07:02] [TRT] [I] Engine generation completed in 5.00855 seconds.
[09/08/2026-09:07:02] [TRT] [I] [MemUsageStats] Peak memory usage of TRT CPU/GPU memory allocators: CPU 0 MiB, GPU 13 MiB
[09/08/2026-09:07:02] [TRT] [I] Loaded engine size: 12 MiB
[09/08/2026-09:07:02] [TRT] [I] [MemUsageChange] TensorRT-managed allocation in IExecutionContext creation: CPU +0, GPU +1, now: CPU 0, GPU 13 (MiB)
[09/08/2026-09:07:02] [TRT] [W] Using default stream in enqueueV3() may lead to performance issues due to additional calls to cudaStreamSynchronize() by TensorRT to ensure correct synchronization. Please use non-default stream instead.
[ 0]Input -> DataType.FLOAT (-1, 1, 28, 28) (1, 1, 28, 28) inputT0
[ 1]Output-> DataType.INT32 (-1, 1) (1, 1) (Unnamed Layer* 17) [TopK]_output (1)
inputT0
[[[[ 0.357 -0.589  0.947 -0.853  0.356 -0.022  0.489  0.512  0.544  0.444  0.42   0.92   0.181 -0.067  0.397 -0.865  0.477  0.483 -0.746  0.048 -0.485  0.127 -0.534 -0.295  0.229  0.631 -0.383
     0.369]
   [-0.058  0.808 -0.015 -0.562  0.489 -0.514  0.648 -0.893  0.116  0.386 -0.225  0.116 -0.509  0.336 -0.887 -0.651  0.751 -0.25   0.681 -0.679 -0.33  -0.755 -0.954 -0.312 -0.787  0.64   0.546
     0.892]
   [-0.42   0.402 -0.754  0.486  0.284  0.363  0.681 -0.355 -0.983  0.51   0.576 -0.579  0.528  0.625  0.505 -0.8    0.165  0.726 -0.527  0.26  -0.871  0.473 -0.451  0.613  0.596  0.967 -0.794
    -0.138]
   [-0.129 -0.452 -0.072  0.847  0.875 -0.609 -0.554 -0.444 -0.371  0.944  0.739 -0.541 -0.374 -0.244 -0.682 -0.57  -0.109  0.133  0.264  0.849 -0.905 -0.487  0.251  0.355 -0.503  0.007  0.463
    -0.196]
   [-0.299  0.228 -0.766  0.338  0.858 -0.809 -0.101  0.217  0.535  0.31   0.599  0.859  0.108  0.554 -0.569  0.7   -0.738 -0.71   0.257  0.155 -0.196 -0.958 -0.312  0.339  0.641 -0.754  0.619
     0.205]
   [ 0.062 -0.664 -0.261 -0.453 -0.953 -0.753 -0.521 -0.524 -0.999 -0.446  0.102 -0.818  0.923  0.075  0.365  0.202 -0.377  0.89  -0.483 -0.96   0.316 -0.811 -0.428 -0.582  0.828 -0.075 -0.615
     0.498]
   [-0.352 -0.555  0.597  0.378  0.618 -0.535  0.955 -0.275 -0.931  0.4   -0.536 -0.693 -0.056 -0.403  0.129  0.977 -0.7    0.643 -0.12  -0.905 -0.789  0.611  0.542  0.633  0.229 -0.955  0.183
     0.639]
   [-0.154  0.565 -0.487 -0.502 -0.694  0.499 -0.122  0.368  0.296  0.607  0.867  0.056  0.725  0.536 -0.443 -0.882 -0.457 -0.91  -0.778 -0.872 -0.809  0.717  0.639 -0.241 -0.064 -0.999  0.992
     0.515]
   [-0.446 -0.573 -0.549 -0.061  0.402 -0.519 -0.832  0.271  0.251  0.171 -0.165 -0.625  0.811  0.603 -0.328 -0.976  0.415 -0.327  0.121 -0.171 -0.491 -0.619  0.566 -0.731  0.753  0.756  0.864
     0.626]
   [ 0.408 -0.158  0.631  0.426 -0.953 -0.493 -0.761  0.477  0.93   0.652  0.125 -0.102  0.225  0.064  0.119 -0.8    0.189 -0.349  0.883  0.075 -0.186 -0.185  0.062 -0.94   0.689 -0.108 -0.103
     0.137]
   [-0.138  0.565  0.08   0.983  0.75  -0.373 -0.565  0.188  0.747 -0.058  0.277  0.336  0.068 -0.631 -0.842  0.965 -0.133 -0.208  0.639 -0.086  0.671  0.048  0.98  -0.736 -0.582  0.871  0.923
    -0.747]
   [ 0.862 -0.061  0.712 -0.421  0.431 -0.793  0.827 -0.857 -0.056  0.013 -0.886  0.597 -0.247  0.547 -0.498  0.857  0.57   0.596  0.119  0.481 -0.879  0.335  0.909  0.015  0.424 -0.06  -0.604
     0.511]
   [ 0.394 -0.254  0.004  0.303 -0.928  0.51   0.962  0.38  -0.991 -0.273  0.107 -0.972 -0.056  0.752 -0.119 -0.279 -0.153 -0.157  0.939 -0.294 -0.084 -0.393  0.027 -0.787 -0.368  0.74  -0.151
    -0.085]
   [ 0.992  0.223  0.272  0.735  0.898  0.802  0.419 -0.441 -0.119 -0.992 -0.197  0.48   0.889  0.178 -0.126 -0.15  -0.364 -0.271 -0.387  0.191  0.807  0.457 -0.192  0.778 -0.734 -0.41  -0.755
     0.556]
   [-0.439  0.16  -0.658 -0.781  0.809  0.063 -0.59  -0.749 -0.53  -0.163 -0.477 -0.875 -0.552 -0.227  0.966  0.118  0.918  0.471  0.831  0.66  -0.604 -0.396 -0.991  0.743  0.059 -0.896  0.121
     0.958]
   [-0.774  0.026  0.128 -0.626 -0.488  0.217  0.567 -0.597 -0.886 -0.571 -0.427 -0.763 -0.192 -0.703  0.979  0.828 -0.739  0.61  -0.271  0.57   0.397  0.958 -0.053 -0.36   0.421  0.821 -0.989
    -0.769]
   [ 0.508 -0.714  0.511  0.2   -0.479  0.048  0.162 -0.794 -0.305  0.098  0.723 -0.997  0.683  0.682  0.973  0.026 -0.334 -0.768 -0.26  -0.861  0.898  0.935 -0.272  0.602  0.692  0.191  0.81
     0.891]
   [ 0.445 -0.693  0.779 -0.632 -0.83   0.944 -0.939  0.069  0.333  0.971  0.418 -0.969 -0.531  0.265  0.732  0.567 -0.96  -0.227 -0.117 -0.883  0.562 -0.958 -0.057  0.613 -0.421  0.444  0.611
     0.555]
   [-0.747  0.68   0.359 -0.608  0.943  0.576 -0.139 -0.009  0.936 -0.73  -0.592 -0.389  0.418 -0.549  0.655 -0.114  0.507  0.36   0.48  -0.758 -0.752  0.955 -0.61   0.545 -0.718  0.702 -0.751
    -0.804]
   [ 0.772 -0.641  0.566  0.809  0.585  0.839 -0.294  0.261 -0.178 -0.445 -0.307  0.772 -0.639 -0.761 -0.896  0.322 -0.863  0.159  0.478  0.834 -0.243 -0.507  0.357  0.689  0.246  0.237 -0.323
     0.742]
   [ 0.299 -0.943 -0.546  0.75   0.389  0.45  -0.013 -0.468  0.575 -0.636 -0.989  0.848 -0.674  0.856 -0.837 -0.551  0.865  0.607  0.503 -0.201  0.773  0.93  -0.837  0.684  0.217 -0.175 -0.601
     0.976]
   [-0.236 -0.024 -0.681  0.711  0.876 -0.575 -0.994 -0.39  -0.508  0.144 -0.651  0.57   0.555 -0.953 -0.51   0.532 -0.73   0.281  0.784 -0.916 -0.059 -0.639  0.905  0.887  0.908  0.355  0.978
    -0.848]
   [ 0.077  0.618  0.856 -0.687 -0.14  -0.022  0.702 -0.461 -0.275  0.699 -0.289  0.233 -0.094 -0.105 -0.125 -0.613 -0.517  0.717  0.771 -0.192  0.674 -0.561 -0.454  0.72   0.104  0.324 -0.506
    -0.134]
   [ 0.189  0.497  0.043 -0.129 -0.151  0.8    0.654  0.372  0.332  0.704 -0.331  0.924 -0.232  0.734 -0.709 -0.333 -0.446  0.446  0.527 -0.448  0.015  0.578  0.304  0.249  0.78  -0.964  0.954
     0.131]
   [ 0.626  0.015  0.472 -0.716 -0.416 -0.402  0.672  0.211  0.622  0.882 -0.818 -0.841 -0.551  0.558 -0.256  0.448  0.772  0.711  0.211 -0.148 -0.219  0.534 -0.876  0.952  0.992 -0.248  0.673
    -0.422]
   [-0.9   -0.633  0.463 -0.035  0.348  0.107  0.912 -0.831  0.626 -0.908  0.966 -0.895  0.705  0.146  0.327  0.166 -0.961  0.034  0.095  0.609  0.756  0.171  0.9   -0.738  0.063  0.928  0.877
    -0.761]
   [ 0.976  0.258  0.173  0.768  0.06   0.545  0.659  0.388  0.326  0.106  0.884  0.394 -0.029  0.567  0.696  0.422  0.537 -0.165  0.962  0.608  0.19  -0.763 -0.793  0.593  0.153  0.405  0.806
     0.725]
   [ 0.025 -0.283  0.928 -0.318  0.175  0.734  0.543  0.013 -0.614 -0.414 -0.743  0.78  -0.239  0.342 -0.095 -0.948 -0.558 -0.797 -0.971 -0.34  -0.227  0.907 -0.932 -0.297 -0.176 -0.664 -0.626
     0.276]]]]
(Unnamed Layer* 17) [TopK]_output (1)
[[4]]
Timing:0.309229 ms
[ 0]Input -> DataType.FLOAT (-1, 1, 28, 28) (1, 1, 28, 28) inputT0
[ 1]Output-> DataType.INT32 (-1, 1) (1, 1) (Unnamed Layer* 17) [TopK]_output (1)
inputT0
[[[[ 0.357 -0.589  0.947 -0.853  0.356 -0.022  0.489  0.512  0.544  0.444  0.42   0.92   0.181 -0.067  0.397 -0.865  0.477  0.483 -0.746  0.048 -0.485  0.127 -0.534 -0.295  0.229  0.631 -0.383
     0.369]
   [-0.058  0.808 -0.015 -0.562  0.489 -0.514  0.648 -0.893  0.116  0.386 -0.225  0.116 -0.509  0.336 -0.887 -0.651  0.751 -0.25   0.681 -0.679 -0.33  -0.755 -0.954 -0.312 -0.787  0.64   0.546
     0.892]
   [-0.42   0.402 -0.754  0.486  0.284  0.363  0.681 -0.355 -0.983  0.51   0.576 -0.579  0.528  0.625  0.505 -0.8    0.165  0.726 -0.527  0.26  -0.871  0.473 -0.451  0.613  0.596  0.967 -0.794
    -0.138]
   [-0.129 -0.452 -0.072  0.847  0.875 -0.609 -0.554 -0.444 -0.371  0.944  0.739 -0.541 -0.374 -0.244 -0.682 -0.57  -0.109  0.133  0.264  0.849 -0.905 -0.487  0.251  0.355 -0.503  0.007  0.463
    -0.196]
   [-0.299  0.228 -0.766  0.338  0.858 -0.809 -0.101  0.217  0.535  0.31   0.599  0.859  0.108  0.554 -0.569  0.7   -0.738 -0.71   0.257  0.155 -0.196 -0.958 -0.312  0.339  0.641 -0.754  0.619
     0.205]
   [ 0.062 -0.664 -0.261 -0.453 -0.953 -0.753 -0.521 -0.524 -0.999 -0.446  0.102 -0.818  0.923  0.075  0.365  0.202 -0.377  0.89  -0.483 -0.96   0.316 -0.811 -0.428 -0.582  0.828 -0.075 -0.615
     0.498]
   [-0.352 -0.555  0.597  0.378  0.618 -0.535  0.955 -0.275 -0.931  0.4   -0.536 -0.693 -0.056 -0.403  0.129  0.977 -0.7    0.643 -0.12  -0.905 -0.789  0.611  0.542  0.633  0.229 -0.955  0.183
     0.639]
   [-0.154  0.565 -0.487 -0.502 -0.694  0.499 -0.122  0.368  0.296  0.607  0.867  0.056  0.725  0.536 -0.443 -0.882 -0.457 -0.91  -0.778 -0.872 -0.809  0.717  0.639 -0.241 -0.064 -0.999  0.992
     0.515]
   [-0.446 -0.573 -0.549 -0.061  0.402 -0.519 -0.832  0.271  0.251  0.171 -0.165 -0.625  0.811  0.603 -0.328 -0.976  0.415 -0.327  0.121 -0.171 -0.491 -0.619  0.566 -0.731  0.753  0.756  0.864
     0.626]
   [ 0.408 -0.158  0.631  0.426 -0.953 -0.493 -0.761  0.477  0.93   0.652  0.125 -0.102  0.225  0.064  0.119 -0.8    0.189 -0.349  0.883  0.075 -0.186 -0.185  0.062 -0.94   0.689 -0.108 -0.103
     0.137]
   [-0.138  0.565  0.08   0.983  0.75  -0.373 -0.565  0.188  0.747 -0.058  0.277  0.336  0.068 -0.631 -0.842  0.965 -0.133 -0.208  0.639 -0.086  0.671  0.048  0.98  -0.736 -0.582  0.871  0.923
    -0.747]
   [ 0.862 -0.061  0.712 -0.421  0.431 -0.793  0.827 -0.857 -0.056  0.013 -0.886  0.597 -0.247  0.547 -0.498  0.857  0.57   0.596  0.119  0.481 -0.879  0.335  0.909  0.015  0.424 -0.06  -0.604
     0.511]
   [ 0.394 -0.254  0.004  0.303 -0.928  0.51   0.962  0.38  -0.991 -0.273  0.107 -0.972 -0.056  0.752 -0.119 -0.279 -0.153 -0.157  0.939 -0.294 -0.084 -0.393  0.027 -0.787 -0.368  0.74  -0.151
    -0.085]
   [ 0.992  0.223  0.272  0.735  0.898  0.802  0.419 -0.441 -0.119 -0.992 -0.197  0.48   0.889  0.178 -0.126 -0.15  -0.364 -0.271 -0.387  0.191  0.807  0.457 -0.192  0.778 -0.734 -0.41  -0.755
     0.556]
   [-0.439  0.16  -0.658 -0.781  0.809  0.063 -0.59  -0.749 -0.53  -0.163 -0.477 -0.875 -0.552 -0.227  0.966  0.118  0.918  0.471  0.831  0.66  -0.604 -0.396 -0.991  0.743  0.059 -0.896  0.121
     0.958]
   [-0.774  0.026  0.128 -0.626 -0.488  0.217  0.567 -0.597 -0.886 -0.571 -0.427 -0.763 -0.192 -0.703  0.979  0.828 -0.739  0.61  -0.271  0.57   0.397  0.958 -0.053 -0.36   0.421  0.821 -0.989
    -0.769]
   [ 0.508 -0.714  0.511  0.2   -0.479  0.048  0.162 -0.794 -0.305  0.098  0.723 -0.997  0.683  0.682  0.973  0.026 -0.334 -0.768 -0.26  -0.861  0.898  0.935 -0.272  0.602  0.692  0.191  0.81
     0.891]
   [ 0.445 -0.693  0.779 -0.632 -0.83   0.944 -0.939  0.069  0.333  0.971  0.418 -0.969 -0.531  0.265  0.732  0.567 -0.96  -0.227 -0.117 -0.883  0.562 -0.958 -0.057  0.613 -0.421  0.444  0.611
     0.555]
   [-0.747  0.68   0.359 -0.608  0.943  0.576 -0.139 -0.009  0.936 -0.73  -0.592 -0.389  0.418 -0.549  0.655 -0.114  0.507  0.36   0.48  -0.758 -0.752  0.955 -0.61   0.545 -0.718  0.702 -0.751
    -0.804]
   [ 0.772 -0.641  0.566  0.809  0.585  0.839 -0.294  0.261 -0.178 -0.445 -0.307  0.772 -0.639 -0.761 -0.896  0.322 -0.863  0.159  0.478  0.834 -0.243 -0.507  0.357  0.689  0.246  0.237 -0.323
     0.742]
   [ 0.299 -0.943 -0.546  0.75   0.389  0.45  -0.013 -0.468  0.575 -0.636 -0.989  0.848 -0.674  0.856 -0.837 -0.551  0.865  0.607  0.503 -0.201  0.773  0.93  -0.837  0.684  0.217 -0.175 -0.601
     0.976]
   [-0.236 -0.024 -0.681  0.711  0.876 -0.575 -0.994 -0.39  -0.508  0.144 -0.651  0.57   0.555 -0.953 -0.51   0.532 -0.73   0.281  0.784 -0.916 -0.059 -0.639  0.905  0.887  0.908  0.355  0.978
    -0.848]
   [ 0.077  0.618  0.856 -0.687 -0.14  -0.022  0.702 -0.461 -0.275  0.699 -0.289  0.233 -0.094 -0.105 -0.125 -0.613 -0.517  0.717  0.771 -0.192  0.674 -0.561 -0.454  0.72   0.104  0.324 -0.506
    -0.134]
   [ 0.189  0.497  0.043 -0.129 -0.151  0.8    0.654  0.372  0.332  0.704 -0.331  0.924 -0.232  0.734 -0.709 -0.333 -0.446  0.446  0.527 -0.448  0.015  0.578  0.304  0.249  0.78  -0.964  0.954
     0.131]
   [ 0.626  0.015  0.472 -0.716 -0.416 -0.402  0.672  0.211  0.622  0.882 -0.818 -0.841 -0.551  0.558 -0.256  0.448  0.772  0.711  0.211 -0.148 -0.219  0.534 -0.876  0.952  0.992 -0.248  0.673
    -0.422]
   [-0.9   -0.633  0.463 -0.035  0.348  0.107  0.912 -0.831  0.626 -0.908  0.966 -0.895  0.705  0.146  0.327  0.166 -0.961  0.034  0.095  0.609  0.756  0.171  0.9   -0.738  0.063  0.928  0.877
    -0.761]
   [ 0.976  0.258  0.173  0.768  0.06   0.545  0.659  0.388  0.326  0.106  0.884  0.394 -0.029  0.567  0.696  0.422  0.537 -0.165  0.962  0.608  0.19  -0.763 -0.793  0.593  0.153  0.405  0.806
     0.725]
   [ 0.025 -0.283  0.928 -0.318  0.175  0.734  0.543  0.013 -0.614 -0.414 -0.743  0.78  -0.239  0.342 -0.095 -0.948 -0.558 -0.797 -0.971 -0.34  -0.227  0.907 -0.932 -0.297 -0.176 -0.664 -0.626
     0.276]]]]
(Unnamed Layer* 17) [TopK]_output (1)
[[2]]
Timing:0.302553 ms
Finish
