[I] Loading model: /work/trt-samples-for-hackathon-cn-wili/cookbook/07-Tool/Polygraphy/MultiDevice/model-transformer-block.onnx
[I] Loading sharding hints from: hints-TP.json
[I] Loading shard hints from <_io.TextIOWrapper name='hints-TP.json' mode='r' encoding='UTF-8'>
[I] Loaded hints: parallelism=TP, group_size=2, root=-1, groups=[]
[I] Found node node_gate_projection
[I] Found node node_silu
[I] Found node node_gating
[I] Found node node_up_projection
[I] Found node node_down_projection
[I] w_up going from (8, 16) -> (8, 8)
[I] w_down going from (16, 8) -> (8, 8)
[I] w_gate going from (8, 16) -> (8, 8)
[I] Inserting DistCollective for tensor: y
[I] Saving rank 0 graph
[I] Saving ONNX model to: model-TP_tp2_rank0.onnx
[I] Saving rank 1 graph
[I] Saving ONNX model to: model-TP_tp2_rank1.onnx
-rw-r--r-- 1 wili dip 1928 Sep  8 10:04 model-TP_tp2_rank0.onnx
-rw-r--r-- 1 wili dip 1928 Sep  8 10:04 model-TP_tp2_rank1.onnx
[I] Loading model: /work/trt-samples-for-hackathon-cn-wili/cookbook/07-Tool/Polygraphy/MultiDevice/model-TP_tp2_rank0.onnx
[I] ==== ONNX Model ====
    Name: toy_transformer_block | ONNX Opset: 17

    ---- 3 Graph Input(s) ----
    {q [dtype=float32, shape=(1, 4, 8)],
     k [dtype=float32, shape=(1, 8, 4)],
     v [dtype=float32, shape=(1, 4, 8)]}

    ---- 1 Graph Output(s) ----
    {shard_0 [dtype=float32, shape=()]}

    ---- 4 Initializer(s) ----
    Initializer | w_o [dtype=float32, shape=[8, 8]] | Values:
        [[ 0.03117166 -0.01845115  0.04728983  0.00759657  0.05285276  0.0107718
          -0.04654226 -0.04610191]
         [ 0.00077449 -0.05481486  0.03654316 -0.00878828 -0.04860915 -0.01262479
           0.04356819  0.03454169]
         [-0.05258853  0.036707    0.05615428  0.01655054 -0.03120877  0.00458053
          -0.05110469  0.04109035]
         [-0.05074941 -0.05728957  0.03199892 -0.02850357  0.03429494  0.03127403
          -0.02413903  0.03114971]
         [-0.04644935 -0.05601981  0.06220148  0.02643002 -0.02530691  0.0120114
          -0.05811947  0.02675151]
         [ 0.00382929  0.05235212  0.05135331 -0.02193993 -0.01404704 -0.03481154
          -0.03578128  0.00404595]
         [ 0.04050265 -0.01556046 -0.00943887  0.01692461 -0.04770482  0.00019315
          -0.04344859  0.00409321]
         [ 0.06014466 -0.02622201  0.05776031 -0.0327007   0.00435647  0.04482256
          -0.01942877 -0.05899965]]

    Initializer | w_gate [dtype=float32, shape=[8, 8]] | Values:
        [[-0.0352166   0.05718695 -0.00329078 -0.04077721 -0.00602347 -0.02671643
           0.04018179 -0.00561855]
         [-0.05391496 -0.0399278   0.05611406 -0.00721145  0.00701184  0.03677232
          -0.03070186 -0.04446067]
         [ 0.05610677  0.04144138  0.05880143  0.01748253  0.00801046 -0.045823
          -0.05003783 -0.00143749]
         [-0.0412529  -0.02495178 -0.03674761 -0.02698977 -0.01556884 -0.01826448
           0.01940884 -0.05976497]
         [ 0.02187555  0.03955562  0.04312618  0.03835012  0.00494739 -0.04044647
          -0.02986539  0.03971785]
         [ 0.03323682 -0.00893958  0.04545382  0.02302877 -0.02029955  0.02888172
           0.02450731 -0.01401037]
         [ 0.03211021 -0.04121427 -0.00607065 -0.00543037 -0.01614286  0.04757629
          -0.01749297  0.01471122]
         [-0.00025545  0.01086421 -0.04475883 -0.0592554  -0.01173293  0.01327001
           0.04506773 -0.06135878]]

    Initializer | w_up [dtype=float32, shape=[8, 8]] | Values:
        [[-0.02212804  0.03563838 -0.04915002  0.05634458  0.02946722 -0.04225708
          -0.01356652 -0.02662674]
         [-0.0364926   0.05006763  0.05664317 -0.03005181  0.02456684 -0.03305741
           0.02817984  0.00445502]
         [-0.03235255 -0.01038669  0.05595975  0.06080142  0.02246716  0.01311514
          -0.04651121  0.04396982]
         [ 0.03901936  0.02107272 -0.06179605  0.04781724  0.01237516 -0.04434447
           0.04777986 -0.03154889]
         [-0.02296862 -0.0221413  -0.01185255  0.01688182  0.04824117  0.00771376
          -0.05585099 -0.00942281]
         [ 0.0047278  -0.05622024 -0.04018064  0.04668412 -0.00667142 -0.05965056
          -0.02796308  0.01773334]
         [ 0.02308651 -0.01505103  0.02110232 -0.02209846  0.02074772 -0.04430542
           0.04964338 -0.05122647]
         [-0.01638282  0.03167497  0.03359424  0.02365955  0.0522152  -0.00169127
          -0.04771798  0.0109143 ]]

    Initializer | w_down [dtype=float32, shape=[8, 8]] | Values:
        [[ 8.4693208e-03  1.1000834e-02  8.4631890e-03 -1.0657154e-02
           6.2655658e-04  2.5280170e-02  3.2891929e-03 -3.1031659e-02]
         [ 1.4141500e-03  1.8421911e-02  6.4683594e-03  2.8054897e-02
           2.9813107e-02  3.0336924e-02 -7.9112127e-05  6.9284961e-03]
         [ 3.1034131e-02  2.0365268e-03  1.6515147e-02 -3.1178249e-02
          -1.5087310e-02  3.8596243e-03 -2.1028224e-02  2.6433449e-02]
         [ 2.8572604e-02  2.8161686e-02 -8.8598765e-04 -2.9238552e-02
          -1.3946721e-02  3.1215295e-02 -1.4517551e-02  2.0259697e-02]
         [-1.6657475e-02 -2.4933996e-02  4.7553331e-03 -2.4562553e-03
          -2.6424956e-02  1.2101121e-03  4.8364103e-03  3.0890856e-02]
         [-1.1610221e-03 -5.7709347e-03 -1.4119066e-02  3.1992123e-03
           1.8329620e-03 -2.6802840e-02  1.2012623e-02  2.9982705e-02]
         [ 1.9941676e-02 -1.5826117e-02  2.4746675e-02  1.2292255e-02
          -2.3300732e-02 -1.9326102e-02 -2.3444647e-02 -1.2951853e-02]
         [-2.6697710e-02  1.9335181e-02 -4.9736071e-03 -1.4416097e-02
          -2.3432337e-02  2.4411406e-02 -9.3582142e-03 -6.0266424e-03]]

    ---- 11 Node(s) ----
    Node 0    | node_qk [Op: MatMul]
        {q [dtype=float32, shape=(1, 4, 8)],
         k [dtype=float32, shape=(1, 8, 4)]}
         -> {qk}

    Node 1    | node_softmax [Op: Softmax]
        {qk}
         -> {attention_weight}
        ---- Attributes ----
        node_softmax.axis = -1

    Node 2    | node_context [Op: MatMul]
        {attention_weight,
         v [dtype=float32, shape=(1, 4, 8)]}
         -> {context}

    Node 3    | node_o_projection [Op: MatMul]
        {context,
         Initializer | w_o [dtype=float32, shape=(8, 8)]}
         -> {attention_out}

    Node 4    | node_gate_projection [Op: MatMul]
        {attention_out,
         Initializer | w_gate [dtype=float32, shape=(8, 8)]}
         -> {gate}

    Node 5    | node_sigmoid [Op: Sigmoid]
        {gate}
         -> {gate_sigmoid}

    Node 6    | node_silu [Op: Mul]
        {gate,
         gate_sigmoid}
         -> {silu}

    Node 7    | node_up_projection [Op: MatMul]
        {attention_out,
         Initializer | w_up [dtype=float32, shape=(8, 8)]}
         -> {up}

    Node 8    | node_gating [Op: Mul]
        {silu,
         up}
         -> {hidden}

    Node 9    | node_down_projection [Op: MatMul]
        {hidden,
         Initializer | w_down [dtype=float32, shape=(8, 8)]}
         -> {y [dtype=float32, shape=(1, 4, 8)]}

    Node 10   | shard_1 [Op: DistCollective]
        {y [dtype=float32, shape=(1, 4, 8)]}
         -> {shard_0 [dtype=float32, shape=()]}
        ---- Attributes ----
        shard_1.group_size = 2
        shard_1.root = -1
        shard_1.nb_rank = 2
        shard_1.reduce_op = sum
        shard_1.collective_operation = all_reduce
        shard_1.groups = []
